Archive member included to satisfy reference by file (symbol)

/opt/st/stm32cubeide_1.14.0/plugins/com.st.stm32cube.ide.mcu.externaltools.gnu-tools-for-stm32.11.3.rel1.linux64_1.1.100.202309141235/tools/bin/../lib/gcc/arm-none-eabi/11.3.1/../../../../arm-none-eabi/lib/thumb/v7e-m+fp/hard/libm.a(libm_a-w_atan2.o)
                              ./Core/Src/main.o (atan2)
/opt/st/stm32cubeide_1.14.0/plugins/com.st.stm32cube.ide.mcu.externaltools.gnu-tools-for-stm32.11.3.rel1.linux64_1.1.100.202309141235/tools/bin/../lib/gcc/arm-none-eabi/11.3.1/../../../../arm-none-eabi/lib/thumb/v7e-m+fp/hard/libm.a(libm_a-w_sqrt.o)
                              ./Core/Src/main.o (sqrt)
/opt/st/stm32cubeide_1.14.0/plugins/com.st.stm32cube.ide.mcu.externaltools.gnu-tools-for-stm32.11.3.rel1.linux64_1.1.100.202309141235/tools/bin/../lib/gcc/arm-none-eabi/11.3.1/../../../../arm-none-eabi/lib/thumb/v7e-m+fp/hard/libm.a(libm_a-s_cos.o)
                              ./Core/Src/main.o (cos)
/opt/st/stm32cubeide_1.14.0/plugins/com.st.stm32cube.ide.mcu.externaltools.gnu-tools-for-stm32.11.3.rel1.linux64_1.1.100.202309141235/tools/bin/../lib/gcc/arm-none-eabi/11.3.1/../../../../arm-none-eabi/lib/thumb/v7e-m+fp/hard/libm.a(libm_a-s_sin.o)
                              ./Core/Src/main.o (sin)
/opt/st/stm32cubeide_1.14.0/plugins/com.st.stm32cube.ide.mcu.externaltools.gnu-tools-for-stm32.11.3.rel1.linux64_1.1.100.202309141235/tools/bin/../lib/gcc/arm-none-eabi/11.3.1/../../../../arm-none-eabi/lib/thumb/v7e-m+fp/hard/libm.a(libm_a-e_sqrt.o)
                              /opt/st/stm32cubeide_1.14.0/plugins/com.st.stm32cube.ide.mcu.externaltools.gnu-tools-for-stm32.11.3.rel1.linux64_1.1.100.202309141235/tools/bin/../lib/gcc/arm-none-eabi/11.3.1/../../../../arm-none-eabi/lib/thumb/v7e-m+fp/hard/libm.a(libm_a-w_sqrt.o) (__ieee754_sqrt)
/opt/st/stm32cubeide_1.14.0/plugins/com.st.stm32cube.ide.mcu.externaltools.gnu-tools-for-stm32.11.3.rel1.linux64_1.1.100.202309141235/tools/bin/../lib/gcc/arm-none-eabi/11.3.1/../../../../arm-none-eabi/lib/thumb/v7e-m+fp/hard/libm.a(libm_a-k_cos.o)
                              /opt/st/stm32cubeide_1.14.0/plugins/com.st.stm32cube.ide.mcu.externaltools.gnu-tools-for-stm32.11.3.rel1.linux64_1.1.100.202309141235/tools/bin/../lib/gcc/arm-none-eabi/11.3.1/../../../../arm-none-eabi/lib/thumb/v7e-m+fp/hard/libm.a(libm_a-s_cos.o) (__kernel_cos)
/opt/st/stm32cubeide_1.14.0/plugins/com.st.stm32cube.ide.mcu.externaltools.gnu-tools-for-stm32.11.3.rel1.linux64_1.1.100.202309141235/tools/bin/../lib/gcc/arm-none-eabi/11.3.1/../../../../arm-none-eabi/lib/thumb/v7e-m+fp/hard/libm.a(libm_a-k_sin.o)
                              /opt/st/stm32cubeide_1.14.0/plugins/com.st.stm32cube.ide.mcu.externaltools.gnu-tools-for-stm32.11.3.rel1.linux64_1.1.100.202309141235/tools/bin/../lib/gcc/arm-none-eabi/11.3.1/../../../../arm-none-eabi/lib/thumb/v7e-m+fp/hard/libm.a(libm_a-s_cos.o) (__kernel_sin)
/opt/st/stm32cubeide_1.14.0/plugins/com.st.stm32cube.ide.mcu.externaltools.gnu-tools-for-stm32.11.3.rel1.linux64_1.1.100.202309141235/tools/bin/../lib/gcc/arm-none-eabi/11.3.1/../../../../arm-none-eabi/lib/thumb/v7e-m+fp/hard/libm.a(libm_a-e_atan2.o)
                              /opt/st/stm32cubeide_1.14.0/plugins/com.st.stm32cube.ide.mcu.externaltools.gnu-tools-for-stm32.11.3.rel1.linux64_1.1.100.202309141235/tools/bin/../lib/gcc/arm-none-eabi/11.3.1/../../../../arm-none-eabi/lib/thumb/v7e-m+fp/hard/libm.a(libm_a-w_atan2.o) (__ieee754_atan2)
/opt/st/stm32cubeide_1.14.0/plugins/com.st.stm32cube.ide.mcu.externaltools.gnu-tools-for-stm32.11.3.rel1.linux64_1.1.100.202309141235/tools/bin/../lib/gcc/arm-none-eabi/11.3.1/../../../../arm-none-eabi/lib/thumb/v7e-m+fp/hard/libm.a(libm_a-e_rem_pio2.o)
                              /opt/st/stm32cubeide_1.14.0/plugins/com.st.stm32cube.ide.mcu.externaltools.gnu-tools-for-stm32.11.3.rel1.linux64_1.1.100.202309141235/tools/bin/../lib/gcc/arm-none-eabi/11.3.1/../../../../arm-none-eabi/lib/thumb/v7e-m+fp/hard/libm.a(libm_a-s_cos.o) (__ieee754_rem_pio2)
/opt/st/stm32cubeide_1.14.0/plugins/com.st.stm32cube.ide.mcu.externaltools.gnu-tools-for-stm32.11.3.rel1.linux64_1.1.100.202309141235/tools/bin/../lib/gcc/arm-none-eabi/11.3.1/../../../../arm-none-eabi/lib/thumb/v7e-m+fp/hard/libm.a(libm_a-s_atan.o)
                              /opt/st/stm32cubeide_1.14.0/plugins/com.st.stm32cube.ide.mcu.externaltools.gnu-tools-for-stm32.11.3.rel1.linux64_1.1.100.202309141235/tools/bin/../lib/gcc/arm-none-eabi/11.3.1/../../../../arm-none-eabi/lib/thumb/v7e-m+fp/hard/libm.a(libm_a-e_atan2.o) (atan)
/opt/st/stm32cubeide_1.14.0/plugins/com.st.stm32cube.ide.mcu.externaltools.gnu-tools-for-stm32.11.3.rel1.linux64_1.1.100.202309141235/tools/bin/../lib/gcc/arm-none-eabi/11.3.1/../../../../arm-none-eabi/lib/thumb/v7e-m+fp/hard/libm.a(libm_a-s_fabs.o)
[...]
Memory Configuration

Name             Origin             Length             Attributes
RAM              0x0000000020000000 0x0000000000020000 xrw
FLASH            0x0000000008000000 0x0000000000080000 xr
*default*        0x0000000000000000 0xffffffffffffffff

Linker script and memory map

LOAD /opt/st/stm32cubeide_1.14.0/plugins/com.st.stm32cube.ide.mcu.externaltools.gnu-tools-for-stm32.11.3.rel1.linux64_1.1.100.202309141235/tools/bin/../lib/gcc/arm-none-eabi/11.3.1/thumb/v7e-m+fp/hard/crti.o
LOAD /opt/st/stm32cubeide_1.14.0/plugins/com.st.stm32cube.ide.mcu.externaltools.gnu-tools-for-stm32.11.3.rel1.linux64_1.1.100.202309141235/tools/bin/../lib/gcc/arm-none-eabi/11.3.1/thumb/v7e-m+fp/hard/crtbegin.o
LOAD /opt/st/stm32cubeide_1.14.0/plugins/com.st.stm32cube.ide.mcu.externaltools.gnu-tools-for-stm32.11.3.rel1.linux64_1.1.100.202309141235/tools/bin/../lib/gcc/arm-none-eabi/11.3.1/../../../../arm-none-eabi/lib/thumb/v7e-m+fp/hard/crt0.o
LOAD ./Core/Src/duration.o
LOAD ./Core/Src/freertos.o
LOAD ./Core/Src/main.o
LOAD ./Core/Src/mainpp.o
LOAD ./Core/Src/stm32f4xx_hal_msp.o
LOAD ./Core/Src/stm32f4xx_hal_timebase_tim.o
LOAD ./Core/Src/stm32f4xx_it.o
LOAD ./Core/Src/syscalls.o
LOAD ./Core/Src/sysmem.o
LOAD ./Core/Src/system_stm32f4xx.o
LOAD ./Core/Src/time.o
LOAD ./Core/Startup/startup_stm32f446retx.o
LOAD ./Drivers/STM32F4xx_HAL_Driver/Src/stm32f4xx_hal.o
LOAD ./Drivers/STM32F4xx_HAL_Driver/Src/stm32f4xx_hal_can.o
LOAD ./Drivers/STM32F4xx_HAL_Driver/Src/stm32f4xx_hal_cortex.o
LOAD ./Drivers/STM32F4xx_HAL_Driver/Src/stm32f4xx_hal_dma.o
LOAD ./Drivers/STM32F4xx_HAL_Driver/Src/stm32f4xx_hal_dma_ex.o
LOAD ./Drivers/STM32F4xx_HAL_Driver/Src/stm32f4xx_hal_exti.o
LOAD ./Drivers/STM32F4xx_HAL_Driver/Src/stm32f4xx_hal_flash.o
LOAD ./Drivers/STM32F4xx_HAL_Driver/Src/stm32f4xx_hal_flash_ex.o
LOAD ./Drivers/STM32F4xx_HAL_Driver/Src/stm32f4xx_hal_flash_ramfunc.o
LOAD ./Drivers/STM32F4xx_HAL_Driver/Src/stm32f4xx_hal_gpio.o
LOAD ./Drivers/STM32F4xx_HAL_Driver/Src/stm32f4xx_hal_pwr.o
LOAD ./Drivers/STM32F4xx_HAL_Driver/Src/stm32f4xx_hal_pwr_ex.o
LOAD ./Drivers/STM32F4xx_HAL_Driver/Src/stm32f4xx_hal_rcc.o
LOAD ./Drivers/STM32F4xx_HAL_Driver/Src/stm32f4xx_hal_rcc_ex.o
LOAD ./Drivers/STM32F4xx_HAL_Driver/Src/stm32f4xx_hal_spi.o
LOAD ./Drivers/STM32F4xx_HAL_Driver/Src/stm32f4xx_hal_tim.o
LOAD ./Drivers/STM32F4xx_HAL_Driver/Src/stm32f4xx_hal_tim_ex.o
LOAD ./Drivers/STM32F4xx_HAL_Driver/Src/stm32f4xx_hal_uart.o
LOAD ./Middlewares/Third_Party/FreeRTOS/Source/CMSIS_RTOS/cmsis_os.o
LOAD ./Middlewares/Third_Party/FreeRTOS/Source/croutine.o
LOAD ./Middlewares/Third_Party/FreeRTOS/Source/event_groups.o
LOAD ./Middlewares/Third_Party/FreeRTOS/Source/list.o
LOAD ./Middlewares/Third_Party/FreeRTOS/Source/queue.o
LOAD ./Middlewares/Third_Party/FreeRTOS/Source/stream_buffer.o
LOAD ./Middlewares/Third_Party/FreeRTOS/Source/tasks.o
LOAD ./Middlewares/Third_Party/FreeRTOS/Source/timers.o
LOAD ./Middlewares/Third_Party/FreeRTOS/Source/portable/GCC/ARM_CM4F/port.o
LOAD ./Middlewares/Third_Party/FreeRTOS/Source/portable/MemMang/heap_4.o
START GROUP
LOAD /opt/st/stm32cubeide_1.14.0/plugins/com.st.stm32cube.ide.mcu.externaltools.gnu-tools-for-stm32.11.3.rel1.linux64_1.1.100.202309141235/tools/bin/../lib/gcc/arm-none-eabi/11.3.1/../../../../arm-none-eabi/lib/thumb/v7e-m+fp/hard/libstdc++_nano.a
LOAD /opt/st/stm32cubeide_1.14.0/plugins/com.st.stm32cube.ide.mcu.externaltools.gnu-tools-for-stm32.11.3.rel1.linux64_1.1.100.202309141235/tools/bin/../lib/gcc/arm-none-eabi/11.3.1/../../../../arm-none-eabi/lib/thumb/v7e-m+fp/hard/libsupc++_nano.a
END GROUP
LOAD /opt/st/stm32cubeide_1.14.0/plugins/com.st.stm32cube.ide.mcu.externaltools.gnu-tools-for-stm32.11.3.rel1.linux64_1.1.100.202309141235/tools/bin/../lib/gcc/arm-none-eabi/11.3.1/../../../../arm-none-eabi/lib/thumb/v7e-m+fp/hard/libstdc++_nano.a
LOAD /opt/st/stm32cubeide_1.14.0/plugins/com.st.stm32cube.ide.mcu.externaltools.gnu-tools-for-stm32.11.3.rel1.linux64_1.1.100.202309141235/tools/bin/../lib/gcc/arm-none-eabi/11.3.1/../../../../arm-none-eabi/lib/thumb/v7e-m+fp/hard/libm.a
LOAD /opt/st/stm32cubeide_1.14.0/plugins/com.st.stm32cube.ide.mcu.externaltools.gnu-tools-for-stm32.11.3.rel1.linux64_1.1.100.202309141235/tools/bin/../lib/gcc/arm-none-eabi/11.3.1/../../../../arm-none-eabi/lib/thumb/v7e-m+fp/hard/libc_nano.a
START GROUP
LOAD /opt/st/stm32cubeide_1.14.0/plugins/com.st.stm32cube.ide.mcu.externaltools.gnu-tools-for-stm32.11.3.rel1.linux64_1.1.100.202309141235/tools/bin/../lib/gcc/arm-none-eabi/11.3.1/thumb/v7e-m+fp/hard/libgcc.a
LOAD /opt/st/stm32cubeide_1.14.0/plugins/com.st.stm32cube.ide.mcu.externaltools.gnu-tools-for-stm32.11.3.rel1.linux64_1.1.100.202309141235/tools/bin/../lib/gcc/arm-none-eabi/11.3.1/../../../../arm-none-eabi/lib/thumb/v7e-m+fp/hard/libc_nano.a
END GROUP
START GROUP
LOAD /opt/st/stm32cubeide_1.14.0/plugins/com.st.stm32cube.ide.mcu.externaltools.gnu-tools-for-stm32.11.3.rel1.linux64_1.1.100.202309141235/tools/bin/../lib/gcc/arm-none-eabi/11.3.1/thumb/v7e-m+fp/hard/libgcc.a
LOAD /opt/st/stm32cubeide_1.14.0/plugins/com.st.stm32cube.ide.mcu.externaltools.gnu-tools-for-stm32.11.3.rel1.linux64_1.1.100.202309141235/tools/bin/../lib/gcc/arm-none-eabi/11.3.1/../../../../arm-none-eabi/lib/thumb/v7e-m+fp/hard/libc_nano.a
END GROUP
LOAD /opt/st/stm32cubeide_1.14.0/plugins/com.st.stm32cube.ide.mcu.externaltools.gnu-tools-for-stm32.11.3.rel1.linux64_1.1.100.202309141235/tools/bin/../lib/gcc/arm-none-eabi/11.3.1/thumb/v7e-m+fp/hard/crtend.o
LOAD /opt/st/stm32cubeide_1.14.0/plugins/com.st.stm32cube.ide.mcu.externaltools.gnu-tools-for-stm32.11.3.rel1.linux64_1.1.100.202309141235/tools/bin/../lib/gcc/arm-none-eabi/11.3.1/thumb/v7e-m+fp/hard/crtn.o
                0x0000000020020000                _estack = (ORIGIN (RAM) + LENGTH (RAM))
                0x0000000000000200                _Min_Heap_Size = 0x200
                0x0000000000000400                _Min_Stack_Size = 0x400

.isr_vector     0x0000000008000000      0x1c4
                0x0000000008000000                . = ALIGN (0x4)
 *(.isr_vector)
 .isr_vector    0x0000000008000000      0x1c4 ./Core/Startup/startup_stm32f446retx.o
                0x0000000008000000                g_pfnVectors
                0x00000000080001c4                . = ALIGN (0x4)

.text           0x00000000080001d0     0xe93c
                0x00000000080001d0                . = ALIGN (0x4)
 *(.text)
 .text          0x00000000080001d0       0x40 /opt/st/stm32cubeide_1.14.0/plugins/com.st.stm32cube.ide.mcu.externaltools.gnu-tools-for-stm32.11.3.rel1.linux64_1.1.100.202309141235/tools/bin/../lib/gcc/arm-none-eabi/11.3.1/thumb/v7e-m+fp/hard/crtbegin.o
 .text          0x0000000008000210       0x10 /opt/st/stm32cubeide_1.14.0/plugins/com.st.stm32cube.ide.mcu.externaltools.gnu-tools-for-stm32.11.3.rel1.linux64_1.1.100.202309141235/tools/bin/../lib/gcc/arm-none-eabi/11.3.1/../../../../arm-none-eabi/lib/thumb/v7e-m+fp/hard/libc_nano.a(libc_a-strlen.o)
                0x0000000008000210                strlen
 .text          0x0000000008000220      0x378 /opt/st/stm32cubeide_1.14.0/plugins/com.st.stm32cube.ide.mcu.externaltools.gnu-tools-for-stm32.11.3.rel1.linux64_1.1.100.202309141235/tools/bin/../lib/gcc/arm-none-eabi/11.3.1/thumb/v7e-m+fp/hard/libgcc.a(_arm_addsubdf3.o)
                0x0000000008000220                __aeabi_drsub
                0x0000000008000228                __aeabi_dsub
                0x0000000008000228                __subdf3
                0x000000000800022c                __adddf3
                0x000000000800022c                __aeabi_dadd
                0x00000000080004a4                __aeabi_ui2d
                0x00000000080004a4                __floatunsidf
                0x00000000080004c4                __floatsidf
                0x00000000080004c4                __aeabi_i2d
                0x00000000080004e8                __extendsfdf2
                0x00000000080004e8                __aeabi_f2d
                0x000000000800052c                __aeabi_ul2d
                0x000000000800052c                __floatundidf
                0x000000000800053c                __floatdidf
                0x000000000800053c                __aeabi_l2d
 .text          0x0000000008000598      0x424 /opt/st/stm32cubeide_1.14.0/plugins/com.st.stm32cube.ide.mcu.externaltools.gnu-tools-for-stm32.11.3.rel1.linux64_1.1.100.202309141235/tools/bin/../lib/gcc/arm-none-eabi/11.3.1/thumb/v7e-m+fp/hard/libgcc.a(_arm_muldivdf3.o)
                0x0000000008000598                __aeabi_dmul
                0x0000000008000598                __muldf3
                0x00000000080007ec                __aeabi_ddiv
                0x00000000080007ec                __divdf3
 .text          0x00000000080009bc      0x110 /opt/st/stm32cubeide_1.14.0/plugins/com.st.stm32cube.ide.mcu.externaltools.gnu-tools-for-stm32.11.3.rel1.linux64_1.1.100.202309141235/tools/bin/../lib/gcc/arm-none-eabi/11.3.1/thumb/v7e-m+fp/hard/libgcc.a(_arm_cmpdf2.o)
                0x00000000080009bc                __gtdf2
                0x00000000080009bc                __gedf2
                0x00000000080009c4                __ltdf2
                0x00000000080009c4                __ledf2
                0x00000000080009cc                __cmpdf2
                0x00000000080009cc                __eqdf2
                0x00000000080009cc                __nedf2
                0x0000000008000a48                __aeabi_cdrcmple
                0x0000000008000a58                __aeabi_cdcmple
                0x0000000008000a58                __aeabi_cdcmpeq
                0x0000000008000a68                __aeabi_dcmpeq
                0x0000000008000a7c                __aeabi_dcmplt
                0x0000000008000a90                __aeabi_dcmple
                0x0000000008000aa4                __aeabi_dcmpge
                0x0000000008000ab8                __aeabi_dcmpgt
 .text          0x0000000008000acc       0x2c /opt/st/stm32cubeide_1.14.0/plugins/com.st.stm32cube.ide.mcu.externaltools.gnu-tools-for-stm32.11.3.rel1.linux64_1.1.100.202309141235/tools/bin/../lib/gcc/arm-none-eabi/11.3.1/thumb/v7e-m+fp/hard/libgcc.a(_arm_unorddf2.o)
                0x0000000008000acc                __aeabi_dcmpun
                0x0000000008000acc                __unorddf2
 .text          0x0000000008000af8       0x50 /opt/st/stm32cubeide_1.14.0/plugins/com.st.stm32cube.ide.mcu.externaltools.gnu-tools-for-stm32.11.3.rel1.linux64_1.1.100.202309141235/tools/bin/../lib/gcc/arm-none-eabi/11.3.1/thumb/v7e-m+fp/hard/libgcc.a(_arm_fixdfsi.o)
                0x0000000008000af8                __fixdfsi
                0x0000000008000af8                __aeabi_d2iz
 .text          0x0000000008000b48       0x30 /opt/st/stm32cubeide_1.14.0/plugins/com.st.stm32cube.ide.mcu.externaltools.gnu-tools-for-stm32.11.3.rel1.linux64_1.1.100.202309141235/tools/bin/../lib/gcc/arm-none-eabi/11.3.1/thumb/v7e-m+fp/hard/libgcc.a(_aeabi_uldivmod.o)
                0x0000000008000b48                __aeabi_uldivmod
 .text          0x0000000008000b78      0x2c8 /opt/st/stm32cubeide_1.14.0/plugins/com.st.stm32cube.ide.mcu.externaltools.gnu-tools-for-stm32.11.3.rel1.linux64_1.1.100.202309141235/tools/bin/../lib/gcc/arm-none-eabi/11.3.1/thumb/v7e-m+fp/hard/libgcc.a(_udivmoddi4.o)
                0x0000000008000b78                __udivmoddi4
 .text          0x0000000008000e40        0x4 /opt/st/stm32cubeide_1.14.0/plugins/com.st.stm32cube.ide.mcu.externaltools.gnu-tools-for-stm32.11.3.rel1.linux64_1.1.100.202309141235/tools/bin/../lib/gcc/arm-none-eabi/11.3.1/thumb/v7e-m+fp/hard/libgcc.a(_dvmd_tls.o)
                0x0000000008000e40                __aeabi_ldiv0
                0x0000000008000e40                __aeabi_idiv0
 *(.text*)
 .text.vApplicationGetIdleTaskMemory
                0x0000000008000e44       0x34 ./Core/Src/freertos.o
                0x0000000008000e44                vApplicationGetIdleTaskMemory
 .text._ZSt4fabsf
                0x0000000008000e78       0x20 ./Core/Src/main.o
                0x0000000008000e78                std::fabs(float)
 .text.main     0x0000000008000e98      0x154 ./Core/Src/main.o
                0x0000000008000e98                main
 .text._Z18SystemClock_Configv
                0x0000000008000fec       0xf0 ./Core/Src/main.o
                0x0000000008000fec                SystemClock_Config()
 .text._ZL12MX_CAN1_Initv
                0x00000000080010dc      0x13c ./Core/Src/main.o
 .text._ZL12MX_SPI2_Initv
                0x0000000008001218       0x78 ./Core/Src/main.o
 .text._ZL12MX_TIM3_Initv
                0x0000000008001290      0x114 ./Core/Src/main.o
 .text._ZL12MX_TIM4_Initv
                0x00000000080013a4      0x140 ./Core/Src/main.o
 .text._ZL12MX_TIM5_Initv
                0x00000000080014e4       0xbc ./Core/Src/main.o
 .text._ZL12MX_TIM8_Initv
                0x00000000080015a0      0x1a0 ./Core/Src/main.o
 .text._ZL13MX_UART4_Initv
                0x0000000008001740       0x5c ./Core/Src/main.o
 .text._ZL19MX_USART2_UART_Initv
                0x000000000800179c       0x5c ./Core/Src/main.o
 .text._ZL11MX_DMA_Initv
                0x00000000080017f8       0x70 ./Core/Src/main.o
 .text._ZL12MX_GPIO_Initv
                0x0000000008001868      0x180 ./Core/Src/main.o
 .text._Z7MotorUpv
                0x00000000080019e8       0x24 ./Core/Src/main.o
                0x00000000080019e8                MotorUp()
 .text._Z9MotorDownv
                0x0000000008001a0c       0x24 ./Core/Src/main.o
                0x0000000008001a0c                MotorDown()
 .text._Z9MotorStopv
                0x0000000008001a30       0x30 ./Core/Src/main.o
                0x0000000008001a30                MotorStop()
 .text._Z12calculatePIDv
                0x0000000008001a60      0x13c ./Core/Src/main.o
                0x0000000008001a60                calculatePID()
 .text._Z10motorspeedv
                0x0000000008001b9c       0xb8 ./Core/Src/main.o
                0x0000000008001b9c                motorspeed()
 .text.HAL_CAN_RxFifo0MsgPendingCallback
                0x0000000008001c54      0x1ac ./Core/Src/main.o
                0x0000000008001c54                HAL_CAN_RxFifo0MsgPendingCallback
 .text._Z12can_transmitP17CAN_HandleTypeDeftssss
                0x0000000008001e00       0xd4 ./Core/Src/main.o
                0x0000000008001e00                can_transmit(CAN_HandleTypeDef*, unsigned short, short, short, short, short)
 .text._Z10Wheel_taskPKv
                0x0000000008001ed4      0x318 ./Core/Src/main.o
                0x0000000008001ed4                Wheel_task(void const*)
 *fill*         0x00000000080021ec        0x4 
 .text._Z14task2_joystickPKv
                0x00000000080021f0      0xe08 ./Core/Src/main.o
                0x00000000080021f0                task2_joystick(void const*)
 .text._Z8DC_motorPKv
                0x0000000008002ff8      0x14c ./Core/Src/main.o
                0x0000000008002ff8                DC_motor(void const*)
 .text._Z10ColorcheckPKv
                0x0000000008003144      0x19c ./Core/Src/main.o
                0x0000000008003144                Colorcheck(void const*)
 .text._Z11StartTask05PKv
                0x00000000080032e0      0x1f8 ./Core/Src/main.o
                0x00000000080032e0                StartTask05(void const*)
 .text.HAL_TIM_PeriodElapsedCallback
                0x00000000080034d8       0x24 ./Core/Src/main.o
                0x00000000080034d8                HAL_TIM_PeriodElapsedCallback
 .text.Error_Handler
                0x00000000080034fc        0xa ./Core/Src/main.o
                0x00000000080034fc                Error_Handler
 .text._ZN3ros4TimeC2Ev
                0x0000000008003506       0x22 ./Core/Src/mainpp.o
                0x0000000008003506                ros::Time::Time()
                0x0000000008003506                ros::Time::Time()
 .text._ZN3ros3MsgC2Ev
                0x0000000008003528       0x20 ./Core/Src/mainpp.o
                0x0000000008003528                ros::Msg::Msg()
                0x0000000008003528                ros::Msg::Msg()
 .text._ZN8std_msgs4TimeC2Ev
                0x0000000008003548       0x30 ./Core/Src/mainpp.o
                0x0000000008003548                std_msgs::Time::Time()
                0x0000000008003548                std_msgs::Time::Time()
 .text._ZNK8std_msgs4Time9serializeEPh
                0x0000000008003578       0xb0 ./Core/Src/mainpp.o
                0x0000000008003578                std_msgs::Time::serialize(unsigned char*) const
 .text._ZN8std_msgs4Time11deserializeEPh
                0x0000000008003628       0xc8 ./Core/Src/mainpp.o
                0x0000000008003628                std_msgs::Time::deserialize(unsigned char*)
 .text._ZN8std_msgs4Time7getTypeEv
                0x00000000080036f0       0x1c ./Core/Src/mainpp.o
                0x00000000080036f0                std_msgs::Time::getType()
 .text._ZN8std_msgs4Time6getMD5Ev
                0x000000000800370c       0x1c ./Core/Src/mainpp.o
                0x000000000800370c                std_msgs::Time::getMD5()
 .text._ZN14rosserial_msgs9TopicInfoC2Ev
                0x0000000008003728       0x48 ./Core/Src/mainpp.o
                0x0000000008003728                rosserial_msgs::TopicInfo::TopicInfo()
                0x0000000008003728                rosserial_msgs::TopicInfo::TopicInfo()
 .text._ZNK14rosserial_msgs9TopicInfo9serializeEPh
                0x0000000008003770      0x136 ./Core/Src/mainpp.o
                0x0000000008003770                rosserial_msgs::TopicInfo::serialize(unsigned char*) const
 .text._ZN14rosserial_msgs9TopicInfo11deserializeEPh
                0x00000000080038a6      0x1d0 ./Core/Src/mainpp.o
                0x00000000080038a6                rosserial_msgs::TopicInfo::deserialize(unsigned char*)
 *fill*         0x0000000008003a76        0x2 
 .text._ZN14rosserial_msgs9TopicInfo7getTypeEv
                0x0000000008003a78       0x1c ./Core/Src/mainpp.o
                0x0000000008003a78                rosserial_msgs::TopicInfo::getType()
 .text._ZN14rosserial_msgs9TopicInfo6getMD5Ev
                0x0000000008003a94       0x1c ./Core/Src/mainpp.o
                0x0000000008003a94                rosserial_msgs::TopicInfo::getMD5()
 .text._ZN14rosserial_msgs3LogC2Ev
                0x0000000008003ab0       0x34 ./Core/Src/mainpp.o
                0x0000000008003ab0                rosserial_msgs::Log::Log()
                0x0000000008003ab0                rosserial_msgs::Log::Log()
 .text._ZNK14rosserial_msgs3Log9serializeEPh
                0x0000000008003ae4       0x64 ./Core/Src/mainpp.o
                0x0000000008003ae4                rosserial_msgs::Log::serialize(unsigned char*) const
 .text._ZN14rosserial_msgs3Log11deserializeEPh
                0x0000000008003b48       0x90 ./Core/Src/mainpp.o
                0x0000000008003b48                rosserial_msgs::Log::deserialize(unsigned char*)
 .text._ZN14rosserial_msgs3Log7getTypeEv
                0x0000000008003bd8       0x1c ./Core/Src/mainpp.o
                0x0000000008003bd8                rosserial_msgs::Log::getType()
 .text._ZN14rosserial_msgs3Log6getMD5Ev
                0x0000000008003bf4       0x1c ./Core/Src/mainpp.o
                0x0000000008003bf4                rosserial_msgs::Log::getMD5()
 .text._ZN14rosserial_msgs20RequestParamResponseC2Ev
                0x0000000008003c10       0x5c ./Core/Src/mainpp.o
                0x0000000008003c10                rosserial_msgs::RequestParamResponse::RequestParamResponse()
                0x0000000008003c10                rosserial_msgs::RequestParamResponse::RequestParamResponse()
 .text._ZNK14rosserial_msgs20RequestParamResponse9serializeEPh
                0x0000000008003c6c      0x222 ./Core/Src/mainpp.o
                0x0000000008003c6c                rosserial_msgs::RequestParamResponse::serialize(unsigned char*) const
 .text._ZN14rosserial_msgs20RequestParamResponse11deserializeEPh
                0x0000000008003e8e      0x2e2 ./Core/Src/mainpp.o
                0x0000000008003e8e                rosserial_msgs::RequestParamResponse::deserialize(unsigned char*)
 .text._ZN14rosserial_msgs20RequestParamResponse7getTypeEv
                0x0000000008004170       0x1c ./Core/Src/mainpp.o
                0x0000000008004170                rosserial_msgs::RequestParamResponse::getType()
 .text._ZN14rosserial_msgs20RequestParamResponse6getMD5Ev
                0x000000000800418c       0x1c ./Core/Src/mainpp.o
                0x000000000800418c                rosserial_msgs::RequestParamResponse::getMD5()
 .text._ZN3ros9PublisherC2EPKcPNS_3MsgEi
                0x00000000080041a8       0x2e ./Core/Src/mainpp.o
                0x00000000080041a8                ros::Publisher::Publisher(char const*, ros::Msg*, int)
                0x00000000080041a8                ros::Publisher::Publisher(char const*, ros::Msg*, int)
 .text._ZN3ros9Publisher7publishEPKNS_3MsgE
                0x00000000080041d6       0x28 ./Core/Src/mainpp.o
                0x00000000080041d6                ros::Publisher::publish(ros::Msg const*)
 .text._ZN3ros9Publisher15getEndpointTypeEv
                0x00000000080041fe       0x18 ./Core/Src/mainpp.o
                0x00000000080041fe                ros::Publisher::getEndpointType()
 .text._ZN11SerialClassC2ER20__UART_HandleTypeDef
                0x0000000008004216       0x4c ./Core/Src/mainpp.o
                0x0000000008004216                SerialClass::SerialClass(__UART_HandleTypeDef&)
                0x0000000008004216                SerialClass::SerialClass(__UART_HandleTypeDef&)
 .text._ZN11SerialClass10get_handleEv
                0x0000000008004262       0x1c ./Core/Src/mainpp.o
                0x0000000008004262                SerialClass::get_handle()
 .text._ZN11SerialClass9start_dmaEv
                0x000000000800427e       0x3c ./Core/Src/mainpp.o
                0x000000000800427e                SerialClass::start_dma()
 .text._ZN11SerialClass4readEv
                0x00000000080042ba       0x7c ./Core/Src/mainpp.o
                0x00000000080042ba                SerialClass::read()
 .text._ZN11SerialClass5writeEPKhi
                0x0000000008004336       0x88 ./Core/Src/mainpp.o
                0x0000000008004336                SerialClass::write(unsigned char const*, int)
 .text._ZN11SerialClass16tx_cplt_callbackEv
                0x00000000080043be       0x1e ./Core/Src/mainpp.o
                0x00000000080043be                SerialClass::tx_cplt_callback()
 .text._ZN11SerialClass10reset_rbufEv
                0x00000000080043dc       0x28 ./Core/Src/mainpp.o
                0x00000000080043dc                SerialClass::reset_rbuf()
 .text.HAL_UART_TxCpltCallback
                0x0000000008004404       0x38 ./Core/Src/mainpp.o
                0x0000000008004404                HAL_UART_TxCpltCallback
 .text.HAL_UART_RxCpltCallback
                0x000000000800443c       0x1c ./Core/Src/mainpp.o
                0x000000000800443c                HAL_UART_RxCpltCallback
 .text._ZN13STM32HardwareC2Ev
                0x0000000008004458       0x20 ./Core/Src/mainpp.o
                0x0000000008004458                STM32Hardware::STM32Hardware()
                0x0000000008004458                STM32Hardware::STM32Hardware()
 .text._ZN13STM32Hardware4initEv
                0x0000000008004478       0x1a ./Core/Src/mainpp.o
                0x0000000008004478                STM32Hardware::init()
 .text._ZN13STM32Hardware4readEv
                0x0000000008004492       0x1c ./Core/Src/mainpp.o
                0x0000000008004492                STM32Hardware::read()
 .text._ZN13STM32Hardware5writeEPhi
                0x00000000080044ae       0x22 ./Core/Src/mainpp.o
                0x00000000080044ae                STM32Hardware::write(unsigned char*, int)
 .text._ZN13STM32Hardware4timeEv
                0x00000000080044d0       0x16 ./Core/Src/mainpp.o
                0x00000000080044d0                STM32Hardware::time()
 *fill*         0x00000000080044e6        0x2 
 .text._ZN8std_msgs6StringC2Ev
                0x00000000080044e8       0x30 ./Core/Src/mainpp.o
                0x00000000080044e8                std_msgs::String::String()
                0x00000000080044e8                std_msgs::String::String()
 .text._ZNK8std_msgs6String9serializeEPh
                0x0000000008004518       0x52 ./Core/Src/mainpp.o
                0x0000000008004518                std_msgs::String::serialize(unsigned char*) const
 .text._ZN8std_msgs6String11deserializeEPh
                0x000000000800456a       0x7e ./Core/Src/mainpp.o
                0x000000000800456a                std_msgs::String::deserialize(unsigned char*)
 .text._ZN8std_msgs6String7getTypeEv
                0x00000000080045e8       0x1c ./Core/Src/mainpp.o
                0x00000000080045e8                std_msgs::String::getType()
 .text._ZN8std_msgs6String6getMD5Ev
                0x0000000008004604       0x1c ./Core/Src/mainpp.o
                0x0000000008004604                std_msgs::String::getMD5()
 .text._ZN8std_msgs19MultiArrayDimensionC2Ev
                0x0000000008004620       0x3c ./Core/Src/mainpp.o
                0x0000000008004620                std_msgs::MultiArrayDimension::MultiArrayDimension()
                0x0000000008004620                std_msgs::MultiArrayDimension::MultiArrayDimension()
 .text._ZNK8std_msgs19MultiArrayDimension9serializeEPh
                0x000000000800465c       0xe6 ./Core/Src/mainpp.o
                0x000000000800465c                std_msgs::MultiArrayDimension::serialize(unsigned char*) const
 .text._ZN8std_msgs19MultiArrayDimension11deserializeEPh
                0x0000000008004742      0x12a ./Core/Src/mainpp.o
                0x0000000008004742                std_msgs::MultiArrayDimension::deserialize(unsigned char*)
 .text._ZN8std_msgs19MultiArrayDimension7getTypeEv
                0x000000000800486c       0x1c ./Core/Src/mainpp.o
                0x000000000800486c                std_msgs::MultiArrayDimension::getType()
 .text._ZN8std_msgs19MultiArrayDimension6getMD5Ev
                0x0000000008004888       0x1c ./Core/Src/mainpp.o
                0x0000000008004888                std_msgs::MultiArrayDimension::getMD5()
 .text._ZN8std_msgs16MultiArrayLayoutC2Ev
                0x00000000080048a4       0x40 ./Core/Src/mainpp.o
                0x00000000080048a4                std_msgs::MultiArrayLayout::MultiArrayLayout()
                0x00000000080048a4                std_msgs::MultiArrayLayout::MultiArrayLayout()
 .text._ZNK8std_msgs16MultiArrayLayout9serializeEPh
                0x00000000080048e4       0xec ./Core/Src/mainpp.o
                0x00000000080048e4                std_msgs::MultiArrayLayout::serialize(unsigned char*) const
 .text._ZN8std_msgs16MultiArrayLayout11deserializeEPh
                0x00000000080049d0      0x120 ./Core/Src/mainpp.o
                0x00000000080049d0                std_msgs::MultiArrayLayout::deserialize(unsigned char*)
 .text._ZN8std_msgs16MultiArrayLayout7getTypeEv
                0x0000000008004af0       0x1c ./Core/Src/mainpp.o
                0x0000000008004af0                std_msgs::MultiArrayLayout::getType()
 .text._ZN8std_msgs16MultiArrayLayout6getMD5Ev
                0x0000000008004b0c       0x1c ./Core/Src/mainpp.o
                0x0000000008004b0c                std_msgs::MultiArrayLayout::getMD5()
 .text._ZN8std_msgs15Int16MultiArrayC2Ev
                0x0000000008004b28       0x40 ./Core/Src/mainpp.o
                0x0000000008004b28                std_msgs::Int16MultiArray::Int16MultiArray()
                0x0000000008004b28                std_msgs::Int16MultiArray::Int16MultiArray()
 .text._ZNK8std_msgs15Int16MultiArray9serializeEPh
                0x0000000008004b68       0xc4 ./Core/Src/mainpp.o
                0x0000000008004b68                std_msgs::Int16MultiArray::serialize(unsigned char*) const
 .text._ZN8std_msgs15Int16MultiArray11deserializeEPh
                0x0000000008004c2c      0x104 ./Core/Src/mainpp.o
                0x0000000008004c2c                std_msgs::Int16MultiArray::deserialize(unsigned char*)
 .text._ZN8std_msgs15Int16MultiArray7getTypeEv
                0x0000000008004d30       0x1c ./Core/Src/mainpp.o
                0x0000000008004d30                std_msgs::Int16MultiArray::getType()
 .text._ZN8std_msgs15Int16MultiArray6getMD5Ev
                0x0000000008004d4c       0x1c ./Core/Src/mainpp.o
                0x0000000008004d4c                std_msgs::Int16MultiArray::getMD5()
 .text._ZN3ros15NodeHandleBase_C2Ev
                0x0000000008004d68       0x20 ./Core/Src/mainpp.o
                0x0000000008004d68                ros::NodeHandleBase_::NodeHandleBase_()
                0x0000000008004d68                ros::NodeHandleBase_::NodeHandleBase_()
 .text._ZN3ros11NodeHandle_I13STM32HardwareLi25ELi25ELi512ELi512EEC2Ev
                0x0000000008004d88       0xe4 ./Core/Src/mainpp.o
                0x0000000008004d88                ros::NodeHandle_<STM32Hardware, 25, 25, 512, 512>::NodeHandle_()
                0x0000000008004d88                ros::NodeHandle_<STM32Hardware, 25, 25, 512, 512>::NodeHandle_()
 .text.setup    0x0000000008004e6c       0x2c ./Core/Src/mainpp.o
                0x0000000008004e6c                setup
 .text.loop     0x0000000008004e98       0x34 ./Core/Src/mainpp.o
                0x0000000008004e98                loop
 .text._ZN3ros3Msg8varToArrIPhmEEvT_T0_
                0x0000000008004ecc       0x3e ./Core/Src/mainpp.o
                0x0000000008004ecc                void ros::Msg::varToArr<unsigned char*, unsigned long>(unsigned char*, unsigned long)
 .text._ZN3ros3Msg8arrToVarImPhEEvRT_T0_
                0x0000000008004f0a       0x4c ./Core/Src/mainpp.o
                0x0000000008004f0a                void ros::Msg::arrToVar<unsigned long, unsigned char*>(unsigned long&, unsigned char*)
 .text._ZN3ros11NodeHandle_I13STM32HardwareLi25ELi25ELi512ELi512EE8initNodeEv
                0x0000000008004f56       0x3a ./Core/Src/mainpp.o
                0x0000000008004f56                ros::NodeHandle_<STM32Hardware, 25, 25, 512, 512>::initNode()
 .text._ZN3ros11NodeHandle_I13STM32HardwareLi25ELi25ELi512ELi512EE9advertiseERNS_9PublisherE
                0x0000000008004f90       0x5c ./Core/Src/mainpp.o
                0x0000000008004f90                ros::NodeHandle_<STM32Hardware, 25, 25, 512, 512>::advertise(ros::Publisher&)
 .text._ZN3ros11NodeHandle_I13STM32HardwareLi25ELi25ELi512ELi512EE8spinOnceEv
                0x0000000008004fec      0x3a6 ./Core/Src/mainpp.o
                0x0000000008004fec                ros::NodeHandle_<STM32Hardware, 25, 25, 512, 512>::spinOnce()
 .text._ZN3ros11NodeHandle_I13STM32HardwareLi25ELi25ELi512ELi512EE15requestSyncTimeEv
                0x0000000008005392       0x3a ./Core/Src/mainpp.o
                0x0000000008005392                ros::NodeHandle_<STM32Hardware, 25, 25, 512, 512>::requestSyncTime()
 .text._ZN3ros11NodeHandle_I13STM32HardwareLi25ELi25ELi512ELi512EE15negotiateTopicsEv
                0x00000000080053cc      0x1c0 ./Core/Src/mainpp.o
                0x00000000080053cc                ros::NodeHandle_<STM32Hardware, 25, 25, 512, 512>::negotiateTopics()
 .text._ZN3ros11NodeHandle_I13STM32HardwareLi25ELi25ELi512ELi512EE8syncTimeEPh
                0x000000000800558c       0x94 ./Core/Src/mainpp.o
                0x000000000800558c                ros::NodeHandle_<STM32Hardware, 25, 25, 512, 512>::syncTime(unsigned char*)
 .text._ZN3ros11NodeHandle_I13STM32HardwareLi25ELi25ELi512ELi512EE7publishEiPKNS_3MsgE
                0x0000000008005620      0x128 ./Core/Src/mainpp.o
                0x0000000008005620                ros::NodeHandle_<STM32Hardware, 25, 25, 512, 512>::publish(int, ros::Msg const*)
 .text._ZN3ros11NodeHandle_I13STM32HardwareLi25ELi25ELi512ELi512EE6setNowERKNS_4TimeE
                0x0000000008005748       0x7c ./Core/Src/mainpp.o
                0x0000000008005748                ros::NodeHandle_<STM32Hardware, 25, 25, 512, 512>::setNow(ros::Time const&)
 .text._ZN3ros11NodeHandle_I13STM32HardwareLi25ELi25ELi512ELi512EE8logerrorEPKc
                0x00000000080057c4       0x1c ./Core/Src/mainpp.o
                0x00000000080057c4                ros::NodeHandle_<STM32Hardware, 25, 25, 512, 512>::logerror(char const*)
 .text._ZN3ros11NodeHandle_I13STM32HardwareLi25ELi25ELi512ELi512EE3logEcPKc
                0x00000000080057e0       0x38 ./Core/Src/mainpp.o
                0x00000000080057e0                ros::NodeHandle_<STM32Hardware, 25, 25, 512, 512>::log(char, char const*)
 .text._Z41__static_initialization_and_destruction_0ii
                0x0000000008005818       0x78 ./Core/Src/mainpp.o
 .text._ZN3ros11NodeHandle_I13STM32HardwareLi25ELi25ELi512ELi512EE9connectedEv
                0x0000000008005890       0x1a ./Core/Src/mainpp.o
                0x0000000008005890                ros::NodeHandle_<STM32Hardware, 25, 25, 512, 512>::connected()
 .text._GLOBAL__sub_I_serial
                0x00000000080058aa       0x10 ./Core/Src/mainpp.o
 *fill*         0x00000000080058ba        0x2 
 .text.HAL_MspInit
                0x00000000080058bc       0x58 ./Core/Src/stm32f4xx_hal_msp.o
                0x00000000080058bc                HAL_MspInit
 .text.HAL_CAN_MspInit
                0x0000000008005914       0xa0 ./Core/Src/stm32f4xx_hal_msp.o
                0x0000000008005914                HAL_CAN_MspInit
 .text.HAL_SPI_MspInit
                0x00000000080059b4       0xb4 ./Core/Src/stm32f4xx_hal_msp.o
                0x00000000080059b4                HAL_SPI_MspInit
 .text.HAL_TIM_Base_MspInit
                0x0000000008005a68       0xe8 ./Core/Src/stm32f4xx_hal_msp.o
                0x0000000008005a68                HAL_TIM_Base_MspInit
 .text.HAL_TIM_Encoder_MspInit
                0x0000000008005b50       0x90 ./Core/Src/stm32f4xx_hal_msp.o
                0x0000000008005b50                HAL_TIM_Encoder_MspInit
 .text.HAL_TIM_MspPostInit
                0x0000000008005be0       0xc4 ./Core/Src/stm32f4xx_hal_msp.o
                0x0000000008005be0                HAL_TIM_MspPostInit
 .text.HAL_UART_MspInit
                0x0000000008005ca4      0x2bc ./Core/Src/stm32f4xx_hal_msp.o
                0x0000000008005ca4                HAL_UART_MspInit
 .text.HAL_InitTick
                0x0000000008005f60       0xe8 ./Core/Src/stm32f4xx_hal_timebase_tim.o
                0x0000000008005f60                HAL_InitTick
 .text.NMI_Handler
                0x0000000008006048        0x6 ./Core/Src/stm32f4xx_it.o
                0x0000000008006048                NMI_Handler
 .text.HardFault_Handler
                0x000000000800604e        0x6 ./Core/Src/stm32f4xx_it.o
                0x000000000800604e                HardFault_Handler
 .text.MemManage_Handler
                0x0000000008006054        0x6 ./Core/Src/stm32f4xx_it.o
                0x0000000008006054                MemManage_Handler
 .text.BusFault_Handler
                0x000000000800605a        0x6 ./Core/Src/stm32f4xx_it.o
                0x000000000800605a                BusFault_Handler
 .text.UsageFault_Handler
                0x0000000008006060        0x6 ./Core/Src/stm32f4xx_it.o
                0x0000000008006060                UsageFault_Handler
 .text.DebugMon_Handler
                0x0000000008006066        0xe ./Core/Src/stm32f4xx_it.o
                0x0000000008006066                DebugMon_Handler
 .text.DMA1_Stream2_IRQHandler
                0x0000000008006074       0x14 ./Core/Src/stm32f4xx_it.o
                0x0000000008006074                DMA1_Stream2_IRQHandler
 .text.DMA1_Stream4_IRQHandler
                0x0000000008006088       0x14 ./Core/Src/stm32f4xx_it.o
                0x0000000008006088                DMA1_Stream4_IRQHandler
 .text.DMA1_Stream5_IRQHandler
                0x000000000800609c       0x14 ./Core/Src/stm32f4xx_it.o
                0x000000000800609c                DMA1_Stream5_IRQHandler
 .text.DMA1_Stream6_IRQHandler
                0x00000000080060b0       0x14 ./Core/Src/stm32f4xx_it.o
                0x00000000080060b0                DMA1_Stream6_IRQHandler
 .text.CAN1_RX0_IRQHandler
                0x00000000080060c4       0x14 ./Core/Src/stm32f4xx_it.o
                0x00000000080060c4                CAN1_RX0_IRQHandler
 .text.TIM1_UP_TIM10_IRQHandler
                0x00000000080060d8       0x14 ./Core/Src/stm32f4xx_it.o
                0x00000000080060d8                TIM1_UP_TIM10_IRQHandler
 .text.USART2_IRQHandler
                0x00000000080060ec       0x14 ./Core/Src/stm32f4xx_it.o
                0x00000000080060ec                USART2_IRQHandler
 .text.UART4_IRQHandler
                0x0000000008006100       0x14 ./Core/Src/stm32f4xx_it.o
                0x0000000008006100                UART4_IRQHandler
 .text._sbrk    0x0000000008006114       0x6c ./Core/Src/sysmem.o
                0x0000000008006114                _sbrk
 .text.SystemInit
                0x0000000008006180       0x24 ./Core/Src/system_stm32f4xx.o
                0x0000000008006180                SystemInit
 .text._ZN3ros16normalizeSecNSecERmS0_
                0x00000000080061a4       0x58 ./Core/Src/time.o
                0x00000000080061a4                ros::normalizeSecNSec(unsigned long&, unsigned long&)
 .text.Reset_Handler
                0x00000000080061fc       0x50 ./Core/Startup/startup_stm32f446retx.o
                0x00000000080061fc                Reset_Handler
 .text.Default_Handler
                0x000000000800624c        0x2 ./Core/Startup/startup_stm32f446retx.o
                0x000000000800624c                RTC_Alarm_IRQHandler
                0x000000000800624c                EXTI2_IRQHandler
                0x000000000800624c                TIM8_CC_IRQHandler
                0x000000000800624c                FMPI2C1_EV_IRQHandler
                0x000000000800624c                SPI4_IRQHandler
                0x000000000800624c                TIM1_CC_IRQHandler
                0x000000000800624c                DMA2_Stream5_IRQHandler
                0x000000000800624c                PVD_IRQHandler
                0x000000000800624c                SDIO_IRQHandler
                0x000000000800624c                TAMP_STAMP_IRQHandler
                0x000000000800624c                CAN2_RX1_IRQHandler
                0x000000000800624c                EXTI3_IRQHandler
                0x000000000800624c                TIM8_TRG_COM_TIM14_IRQHandler
                0x000000000800624c                TIM8_UP_TIM13_IRQHandler
                0x000000000800624c                I2C3_ER_IRQHandler
                0x000000000800624c                EXTI0_IRQHandler
                0x000000000800624c                I2C2_EV_IRQHandler
                0x000000000800624c                FPU_IRQHandler
                0x000000000800624c                OTG_HS_WKUP_IRQHandler
                0x000000000800624c                CAN2_SCE_IRQHandler
                0x000000000800624c                DMA2_Stream2_IRQHandler
                0x000000000800624c                SPI1_IRQHandler
                0x000000000800624c                TIM6_DAC_IRQHandler
                0x000000000800624c                TIM1_BRK_TIM9_IRQHandler
                0x000000000800624c                DCMI_IRQHandler
                0x000000000800624c                CAN2_RX0_IRQHandler
                0x000000000800624c                DMA2_Stream3_IRQHandler
                0x000000000800624c                SAI2_IRQHandler
                0x000000000800624c                USART6_IRQHandler
                0x000000000800624c                USART3_IRQHandler
                0x000000000800624c                CAN1_RX1_IRQHandler
                0x000000000800624c                UART5_IRQHandler
                0x000000000800624c                DMA2_Stream0_IRQHandler
                0x000000000800624c                TIM4_IRQHandler
                0x000000000800624c                QUADSPI_IRQHandler
                0x000000000800624c                I2C1_EV_IRQHandler
                0x000000000800624c                DMA1_Stream1_IRQHandler
                0x000000000800624c                TIM3_IRQHandler
                0x000000000800624c                RCC_IRQHandler
                0x000000000800624c                TIM8_BRK_TIM12_IRQHandler
                0x000000000800624c                Default_Handler
                0x000000000800624c                CEC_IRQHandler
                0x000000000800624c                EXTI15_10_IRQHandler
                0x000000000800624c                ADC_IRQHandler
                0x000000000800624c                DMA1_Stream7_IRQHandler
                0x000000000800624c                TIM7_IRQHandler
                0x000000000800624c                CAN2_TX_IRQHandler
                0x000000000800624c                TIM5_IRQHandler
                0x000000000800624c                DMA2_Stream7_IRQHandler
                0x000000000800624c                I2C3_EV_IRQHandler
                0x000000000800624c                EXTI9_5_IRQHandler
                0x000000000800624c                RTC_WKUP_IRQHandler
                0x000000000800624c                SPDIF_RX_IRQHandler
                0x000000000800624c                SPI2_IRQHandler
                0x000000000800624c                OTG_HS_EP1_IN_IRQHandler
                0x000000000800624c                DMA1_Stream0_IRQHandler
                0x000000000800624c                CAN1_TX_IRQHandler
                0x000000000800624c                FMPI2C1_ER_IRQHandler
                0x000000000800624c                EXTI4_IRQHandler
                0x000000000800624c                OTG_HS_EP1_OUT_IRQHandler
                0x000000000800624c                WWDG_IRQHandler
                0x000000000800624c                TIM2_IRQHandler
                0x000000000800624c                OTG_FS_WKUP_IRQHandler
                0x000000000800624c                TIM1_TRG_COM_TIM11_IRQHandler
                0x000000000800624c                OTG_HS_IRQHandler
                0x000000000800624c                EXTI1_IRQHandler
                0x000000000800624c                I2C2_ER_IRQHandler
                0x000000000800624c                DMA2_Stream1_IRQHandler
                0x000000000800624c                CAN1_SCE_IRQHandler
                0x000000000800624c                FLASH_IRQHandler
                0x000000000800624c                DMA2_Stream4_IRQHandler
                0x000000000800624c                USART1_IRQHandler
                0x000000000800624c                OTG_FS_IRQHandler
                0x000000000800624c                SPI3_IRQHandler
                0x000000000800624c                I2C1_ER_IRQHandler
                0x000000000800624c                FMC_IRQHandler
                0x000000000800624c                DMA2_Stream6_IRQHandler
                0x000000000800624c                SAI1_IRQHandler
                0x000000000800624c                DMA1_Stream3_IRQHandler
 *fill*         0x000000000800624e        0x2 
 .text.HAL_Init
                0x0000000008006250       0x44 ./Drivers/STM32F4xx_HAL_Driver/Src/stm32f4xx_hal.o
                0x0000000008006250                HAL_Init
 .text.HAL_IncTick
                0x0000000008006294       0x28 ./Drivers/STM32F4xx_HAL_Driver/Src/stm32f4xx_hal.o
                0x0000000008006294                HAL_IncTick
 .text.HAL_GetTick
                0x00000000080062bc       0x18 ./Drivers/STM32F4xx_HAL_Driver/Src/stm32f4xx_hal.o
                0x00000000080062bc                HAL_GetTick
 .text.HAL_Delay
                0x00000000080062d4       0x48 ./Drivers/STM32F4xx_HAL_Driver/Src/stm32f4xx_hal.o
                0x00000000080062d4                HAL_Delay
 .text.HAL_CAN_Init
                0x000000000800631c      0x1f6 ./Drivers/STM32F4xx_HAL_Driver/Src/stm32f4xx_hal_can.o
                0x000000000800631c                HAL_CAN_Init
 *fill*         0x0000000008006512        0x2 
 .text.HAL_CAN_ConfigFilter
                0x0000000008006514      0x1c0 ./Drivers/STM32F4xx_HAL_Driver/Src/stm32f4xx_hal_can.o
                0x0000000008006514                HAL_CAN_ConfigFilter
 .text.HAL_CAN_Start
                0x00000000080066d4       0x88 ./Drivers/STM32F4xx_HAL_Driver/Src/stm32f4xx_hal_can.o
                0x00000000080066d4                HAL_CAN_Start
 .text.HAL_CAN_AddTxMessage
                0x000000000800675c      0x1a0 ./Drivers/STM32F4xx_HAL_Driver/Src/stm32f4xx_hal_can.o
                0x000000000800675c                HAL_CAN_AddTxMessage
 .text.HAL_CAN_IsTxMessagePending
                0x00000000080068fc       0x48 ./Drivers/STM32F4xx_HAL_Driver/Src/stm32f4xx_hal_can.o
                0x00000000080068fc                HAL_CAN_IsTxMessagePending
 .text.HAL_CAN_GetRxMessage
                0x0000000008006944      0x244 ./Drivers/STM32F4xx_HAL_Driver/Src/stm32f4xx_hal_can.o
                0x0000000008006944                HAL_CAN_GetRxMessage
 .text.HAL_CAN_ActivateNotification
                0x0000000008006b88       0x4c ./Drivers/STM32F4xx_HAL_Driver/Src/stm32f4xx_hal_can.o
                0x0000000008006b88                HAL_CAN_ActivateNotification
 .text.HAL_CAN_IRQHandler
                0x0000000008006bd4      0x36e ./Drivers/STM32F4xx_HAL_Driver/Src/stm32f4xx_hal_can.o
                0x0000000008006bd4                HAL_CAN_IRQHandler
 .text.HAL_CAN_TxMailbox0CompleteCallback
                0x0000000008006f42       0x14 ./Drivers/STM32F4xx_HAL_Driver/Src/stm32f4xx_hal_can.o
                0x0000000008006f42                HAL_CAN_TxMailbox0CompleteCallback
 .text.HAL_CAN_TxMailbox1CompleteCallback
                0x0000000008006f56       0x14 ./Drivers/STM32F4xx_HAL_Driver/Src/stm32f4xx_hal_can.o
                0x0000000008006f56                HAL_CAN_TxMailbox1CompleteCallback
 .text.HAL_CAN_TxMailbox2CompleteCallback
                0x0000000008006f6a       0x14 ./Drivers/STM32F4xx_HAL_Driver/Src/stm32f4xx_hal_can.o
                0x0000000008006f6a                HAL_CAN_TxMailbox2CompleteCallback
 .text.HAL_CAN_TxMailbox0AbortCallback
                0x0000000008006f7e       0x14 ./Drivers/STM32F4xx_HAL_Driver/Src/stm32f4xx_hal_can.o
                0x0000000008006f7e                HAL_CAN_TxMailbox0AbortCallback
 .text.HAL_CAN_TxMailbox1AbortCallback
                0x0000000008006f92       0x14 ./Drivers/STM32F4xx_HAL_Driver/Src/stm32f4xx_hal_can.o
                0x0000000008006f92                HAL_CAN_TxMailbox1AbortCallback
 .text.HAL_CAN_TxMailbox2AbortCallback
                0x0000000008006fa6       0x14 ./Drivers/STM32F4xx_HAL_Driver/Src/stm32f4xx_hal_can.o
                0x0000000008006fa6                HAL_CAN_TxMailbox2AbortCallback
 .text.HAL_CAN_RxFifo0FullCallback
                0x0000000008006fba       0x14 ./Drivers/STM32F4xx_HAL_Driver/Src/stm32f4xx_hal_can.o
                0x0000000008006fba                HAL_CAN_RxFifo0FullCallback
 .text.HAL_CAN_RxFifo1MsgPendingCallback
                0x0000000008006fce       0x14 ./Drivers/STM32F4xx_HAL_Driver/Src/stm32f4xx_hal_can.o
                0x0000000008006fce                HAL_CAN_RxFifo1MsgPendingCallback
 .text.HAL_CAN_RxFifo1FullCallback
                0x0000000008006fe2       0x14 ./Drivers/STM32F4xx_HAL_Driver/Src/stm32f4xx_hal_can.o
                0x0000000008006fe2                HAL_CAN_RxFifo1FullCallback
 .text.HAL_CAN_SleepCallback
                0x0000000008006ff6       0x14 ./Drivers/STM32F4xx_HAL_Driver/Src/stm32f4xx_hal_can.o
                0x0000000008006ff6                HAL_CAN_SleepCallback
 .text.HAL_CAN_WakeUpFromRxMsgCallback
                0x000000000800700a       0x14 ./Drivers/STM32F4xx_HAL_Driver/Src/stm32f4xx_hal_can.o
                0x000000000800700a                HAL_CAN_WakeUpFromRxMsgCallback
 .text.HAL_CAN_ErrorCallback
                0x000000000800701e       0x14 ./Drivers/STM32F4xx_HAL_Driver/Src/stm32f4xx_hal_can.o
                0x000000000800701e                HAL_CAN_ErrorCallback
 *fill*         0x0000000008007032        0x2 
 .text.__NVIC_SetPriorityGrouping
                0x0000000008007034       0x48 ./Drivers/STM32F4xx_HAL_Driver/Src/stm32f4xx_hal_cortex.o
 .text.__NVIC_GetPriorityGrouping
                0x000000000800707c       0x1c ./Drivers/STM32F4xx_HAL_Driver/Src/stm32f4xx_hal_cortex.o
 .text.__NVIC_EnableIRQ
                0x0000000008007098       0x3c ./Drivers/STM32F4xx_HAL_Driver/Src/stm32f4xx_hal_cortex.o
 .text.__NVIC_SetPriority
                0x00000000080070d4       0x54 ./Drivers/STM32F4xx_HAL_Driver/Src/stm32f4xx_hal_cortex.o
 .text.NVIC_EncodePriority
                0x0000000008007128       0x66 ./Drivers/STM32F4xx_HAL_Driver/Src/stm32f4xx_hal_cortex.o
 .text.HAL_NVIC_SetPriorityGrouping
                0x000000000800718e       0x16 ./Drivers/STM32F4xx_HAL_Driver/Src/stm32f4xx_hal_cortex.o
                0x000000000800718e                HAL_NVIC_SetPriorityGrouping
 .text.HAL_NVIC_SetPriority
                0x00000000080071a4       0x38 ./Drivers/STM32F4xx_HAL_Driver/Src/stm32f4xx_hal_cortex.o
                0x00000000080071a4                HAL_NVIC_SetPriority
 .text.HAL_NVIC_EnableIRQ
                0x00000000080071dc       0x1c ./Drivers/STM32F4xx_HAL_Driver/Src/stm32f4xx_hal_cortex.o
                0x00000000080071dc                HAL_NVIC_EnableIRQ
 .text.HAL_DMA_Init
                0x00000000080071f8      0x15c ./Drivers/STM32F4xx_HAL_Driver/Src/stm32f4xx_hal_dma.o
                0x00000000080071f8                HAL_DMA_Init
 .text.HAL_DMA_Start_IT
                0x0000000008007354       0xb0 ./Drivers/STM32F4xx_HAL_Driver/Src/stm32f4xx_hal_dma.o
                0x0000000008007354                HAL_DMA_Start_IT
 .text.HAL_DMA_Abort
                0x0000000008007404       0xe0 ./Drivers/STM32F4xx_HAL_Driver/Src/stm32f4xx_hal_dma.o
                0x0000000008007404                HAL_DMA_Abort
 .text.HAL_DMA_Abort_IT
                0x00000000080074e4       0x44 ./Drivers/STM32F4xx_HAL_Driver/Src/stm32f4xx_hal_dma.o
                0x00000000080074e4                HAL_DMA_Abort_IT
 .text.HAL_DMA_IRQHandler
                0x0000000008007528      0x314 ./Drivers/STM32F4xx_HAL_Driver/Src/stm32f4xx_hal_dma.o
                0x0000000008007528                HAL_DMA_IRQHandler
 .text.DMA_SetConfig
                0x000000000800783c       0x5c ./Drivers/STM32F4xx_HAL_Driver/Src/stm32f4xx_hal_dma.o
 .text.DMA_CalcBaseAndBitshift
                0x0000000008007898       0x6c ./Drivers/STM32F4xx_HAL_Driver/Src/stm32f4xx_hal_dma.o
 .text.DMA_CheckFifoParam
                0x0000000008007904       0xf8 ./Drivers/STM32F4xx_HAL_Driver/Src/stm32f4xx_hal_dma.o
 .text.HAL_GPIO_Init
                0x00000000080079fc      0x328 ./Drivers/STM32F4xx_HAL_Driver/Src/stm32f4xx_hal_gpio.o
                0x00000000080079fc                HAL_GPIO_Init
 .text.HAL_GPIO_ReadPin
                0x0000000008007d24       0x30 ./Drivers/STM32F4xx_HAL_Driver/Src/stm32f4xx_hal_gpio.o
                0x0000000008007d24                HAL_GPIO_ReadPin
 .text.HAL_GPIO_WritePin
                0x0000000008007d54       0x32 ./Drivers/STM32F4xx_HAL_Driver/Src/stm32f4xx_hal_gpio.o
                0x0000000008007d54                HAL_GPIO_WritePin
 *fill*         0x0000000008007d86        0x2 
 .text.HAL_RCC_ClockConfig
                0x0000000008007d88      0x1cc ./Drivers/STM32F4xx_HAL_Driver/Src/stm32f4xx_hal_rcc.o
                0x0000000008007d88                HAL_RCC_ClockConfig
 .text.HAL_RCC_GetHCLKFreq
                0x0000000008007f54       0x18 ./Drivers/STM32F4xx_HAL_Driver/Src/stm32f4xx_hal_rcc.o
                0x0000000008007f54                HAL_RCC_GetHCLKFreq
 .text.HAL_RCC_GetPCLK1Freq
                0x0000000008007f6c       0x28 ./Drivers/STM32F4xx_HAL_Driver/Src/stm32f4xx_hal_rcc.o
                0x0000000008007f6c                HAL_RCC_GetPCLK1Freq
 .text.HAL_RCC_GetPCLK2Freq
                0x0000000008007f94       0x28 ./Drivers/STM32F4xx_HAL_Driver/Src/stm32f4xx_hal_rcc.o
                0x0000000008007f94                HAL_RCC_GetPCLK2Freq
 .text.HAL_RCC_GetClockConfig
                0x0000000008007fbc       0x64 ./Drivers/STM32F4xx_HAL_Driver/Src/stm32f4xx_hal_rcc.o
                0x0000000008007fbc                HAL_RCC_GetClockConfig
 .text.HAL_RCC_GetSysClockFreq
                0x0000000008008020      0x460 ./Drivers/STM32F4xx_HAL_Driver/Src/stm32f4xx_hal_rcc_ex.o
                0x0000000008008020                HAL_RCC_GetSysClockFreq
 .text.HAL_RCC_OscConfig
                0x0000000008008480      0x53c ./Drivers/STM32F4xx_HAL_Driver/Src/stm32f4xx_hal_rcc_ex.o
                0x0000000008008480                HAL_RCC_OscConfig
 .text.HAL_SPI_Init
                0x00000000080089bc      0x112 ./Drivers/STM32F4xx_HAL_Driver/Src/stm32f4xx_hal_spi.o
                0x00000000080089bc                HAL_SPI_Init
 .text.HAL_SPI_TransmitReceive
                0x0000000008008ace      0x360 ./Drivers/STM32F4xx_HAL_Driver/Src/stm32f4xx_hal_spi.o
                0x0000000008008ace                HAL_SPI_TransmitReceive
 *fill*         0x0000000008008e2e        0x2 
 .text.SPI_WaitFlagStateUntilTimeout
                0x0000000008008e30      0x110 ./Drivers/STM32F4xx_HAL_Driver/Src/stm32f4xx_hal_spi.o
 .text.SPI_EndRxTxTransaction
                0x0000000008008f40       0xa8 ./Drivers/STM32F4xx_HAL_Driver/Src/stm32f4xx_hal_spi.o
 .text.HAL_TIM_Base_Init
                0x0000000008008fe8       0x9e ./Drivers/STM32F4xx_HAL_Driver/Src/stm32f4xx_hal_tim.o
                0x0000000008008fe8                HAL_TIM_Base_Init
 *fill*         0x0000000008009086        0x2 
 .text.HAL_TIM_Base_Start_IT
                0x0000000008009088       0xe0 ./Drivers/STM32F4xx_HAL_Driver/Src/stm32f4xx_hal_tim.o
                0x0000000008009088                HAL_TIM_Base_Start_IT
 .text.HAL_TIM_PWM_Init
                0x0000000008009168       0x9e ./Drivers/STM32F4xx_HAL_Driver/Src/stm32f4xx_hal_tim.o
                0x0000000008009168                HAL_TIM_PWM_Init
 .text.HAL_TIM_PWM_MspInit
                0x0000000008009206       0x14 ./Drivers/STM32F4xx_HAL_Driver/Src/stm32f4xx_hal_tim.o
                0x0000000008009206                HAL_TIM_PWM_MspInit
 *fill*         0x000000000800921a        0x2 
 .text.HAL_TIM_PWM_Start
                0x000000000800921c      0x190 ./Drivers/STM32F4xx_HAL_Driver/Src/stm32f4xx_hal_tim.o
                0x000000000800921c                HAL_TIM_PWM_Start
 .text.HAL_TIM_IC_Init
                0x00000000080093ac       0x9e ./Drivers/STM32F4xx_HAL_Driver/Src/stm32f4xx_hal_tim.o
                0x00000000080093ac                HAL_TIM_IC_Init
 .text.HAL_TIM_IC_MspInit
                0x000000000800944a       0x14 ./Drivers/STM32F4xx_HAL_Driver/Src/stm32f4xx_hal_tim.o
                0x000000000800944a                HAL_TIM_IC_MspInit
 .text.HAL_TIM_Encoder_Init
                0x000000000800945e      0x14c ./Drivers/STM32F4xx_HAL_Driver/Src/stm32f4xx_hal_tim.o
                0x000000000800945e                HAL_TIM_Encoder_Init
 .text.HAL_TIM_Encoder_Start
                0x00000000080095aa      0x11c ./Drivers/STM32F4xx_HAL_Driver/Src/stm32f4xx_hal_tim.o
                0x00000000080095aa                HAL_TIM_Encoder_Start
 .text.HAL_TIM_IRQHandler
                0x00000000080096c6      0x1e0 ./Drivers/STM32F4xx_HAL_Driver/Src/stm32f4xx_hal_tim.o
                0x00000000080096c6                HAL_TIM_IRQHandler
 .text.HAL_TIM_IC_ConfigChannel
                0x00000000080098a6      0x138 ./Drivers/STM32F4xx_HAL_Driver/Src/stm32f4xx_hal_tim.o
                0x00000000080098a6                HAL_TIM_IC_ConfigChannel
 *fill*         0x00000000080099de        0x2 
 .text.HAL_TIM_PWM_ConfigChannel
                0x00000000080099e0      0x184 ./Drivers/STM32F4xx_HAL_Driver/Src/stm32f4xx_hal_tim.o
                0x00000000080099e0                HAL_TIM_PWM_ConfigChannel
 .text.HAL_TIM_ConfigClockSource
                0x0000000008009b64      0x18e ./Drivers/STM32F4xx_HAL_Driver/Src/stm32f4xx_hal_tim.o
                0x0000000008009b64                HAL_TIM_ConfigClockSource
 .text.HAL_TIM_OC_DelayElapsedCallback
                0x0000000008009cf2       0x14 ./Drivers/STM32F4xx_HAL_Driver/Src/stm32f4xx_hal_tim.o
                0x0000000008009cf2                HAL_TIM_OC_DelayElapsedCallback
 .text.HAL_TIM_IC_CaptureCallback
                0x0000000008009d06       0x14 ./Drivers/STM32F4xx_HAL_Driver/Src/stm32f4xx_hal_tim.o
                0x0000000008009d06                HAL_TIM_IC_CaptureCallback
 .text.HAL_TIM_PWM_PulseFinishedCallback
                0x0000000008009d1a       0x14 ./Drivers/STM32F4xx_HAL_Driver/Src/stm32f4xx_hal_tim.o
                0x0000000008009d1a                HAL_TIM_PWM_PulseFinishedCallback
 .text.HAL_TIM_TriggerCallback
                0x0000000008009d2e       0x14 ./Drivers/STM32F4xx_HAL_Driver/Src/stm32f4xx_hal_tim.o
                0x0000000008009d2e                HAL_TIM_TriggerCallback
 *fill*         0x0000000008009d42        0x2 
 .text.TIM_Base_SetConfig
                0x0000000008009d44      0x158 ./Drivers/STM32F4xx_HAL_Driver/Src/stm32f4xx_hal_tim.o
                0x0000000008009d44                TIM_Base_SetConfig
 .text.TIM_OC1_SetConfig
                0x0000000008009e9c       0xe0 ./Drivers/STM32F4xx_HAL_Driver/Src/stm32f4xx_hal_tim.o
 .text.TIM_OC2_SetConfig
                0x0000000008009f7c       0xec ./Drivers/STM32F4xx_HAL_Driver/Src/stm32f4xx_hal_tim.o
                0x0000000008009f7c                TIM_OC2_SetConfig
 .text.TIM_OC3_SetConfig
                0x000000000800a068       0xe8 ./Drivers/STM32F4xx_HAL_Driver/Src/stm32f4xx_hal_tim.o
 .text.TIM_OC4_SetConfig
                0x000000000800a150       0xac ./Drivers/STM32F4xx_HAL_Driver/Src/stm32f4xx_hal_tim.o
 .text.TIM_TI1_SetConfig
                0x000000000800a1fc       0xe8 ./Drivers/STM32F4xx_HAL_Driver/Src/stm32f4xx_hal_tim.o
                0x000000000800a1fc                TIM_TI1_SetConfig
 .text.TIM_TI1_ConfigInputStage
                0x000000000800a2e4       0x5e ./Drivers/STM32F4xx_HAL_Driver/Src/stm32f4xx_hal_tim.o
 .text.TIM_TI2_SetConfig
                0x000000000800a342       0x7a ./Drivers/STM32F4xx_HAL_Driver/Src/stm32f4xx_hal_tim.o
 .text.TIM_TI2_ConfigInputStage
                0x000000000800a3bc       0x60 ./Drivers/STM32F4xx_HAL_Driver/Src/stm32f4xx_hal_tim.o
 .text.TIM_TI3_SetConfig
                0x000000000800a41c       0x78 ./Drivers/STM32F4xx_HAL_Driver/Src/stm32f4xx_hal_tim.o
 .text.TIM_TI4_SetConfig
                0x000000000800a494       0x7a ./Drivers/STM32F4xx_HAL_Driver/Src/stm32f4xx_hal_tim.o
 .text.TIM_ITRx_SetConfig
                0x000000000800a50e       0x36 ./Drivers/STM32F4xx_HAL_Driver/Src/stm32f4xx_hal_tim.o
 .text.TIM_ETR_SetConfig
                0x000000000800a544       0x40 ./Drivers/STM32F4xx_HAL_Driver/Src/stm32f4xx_hal_tim.o
                0x000000000800a544                TIM_ETR_SetConfig
 .text.TIM_CCxChannelCmd
                0x000000000800a584       0x4a ./Drivers/STM32F4xx_HAL_Driver/Src/stm32f4xx_hal_tim.o
                0x000000000800a584                TIM_CCxChannelCmd
 *fill*         0x000000000800a5ce        0x2 
 .text.HAL_TIMEx_MasterConfigSynchronization
                0x000000000800a5d0       0xf8 ./Drivers/STM32F4xx_HAL_Driver/Src/stm32f4xx_hal_tim_ex.o
                0x000000000800a5d0                HAL_TIMEx_MasterConfigSynchronization
 .text.HAL_TIMEx_ConfigBreakDeadTime
                0x000000000800a6c8       0xa4 ./Drivers/STM32F4xx_HAL_Driver/Src/stm32f4xx_hal_tim_ex.o
                0x000000000800a6c8                HAL_TIMEx_ConfigBreakDeadTime
 .text.HAL_TIMEx_CommutCallback
                0x000000000800a76c       0x14 ./Drivers/STM32F4xx_HAL_Driver/Src/stm32f4xx_hal_tim_ex.o
                0x000000000800a76c                HAL_TIMEx_CommutCallback
 .text.HAL_TIMEx_BreakCallback
                0x000000000800a780       0x14 ./Drivers/STM32F4xx_HAL_Driver/Src/stm32f4xx_hal_tim_ex.o
                0x000000000800a780                HAL_TIMEx_BreakCallback
 .text.HAL_UART_Init
                0x000000000800a794       0xa0 ./Drivers/STM32F4xx_HAL_Driver/Src/stm32f4xx_hal_uart.o
                0x000000000800a794                HAL_UART_Init
 .text.HAL_UART_Transmit_DMA
                0x000000000800a834       0xe0 ./Drivers/STM32F4xx_HAL_Driver/Src/stm32f4xx_hal_uart.o
                0x000000000800a834                HAL_UART_Transmit_DMA
 .text.HAL_UART_Receive_DMA
                0x000000000800a914       0x4a ./Drivers/STM32F4xx_HAL_Driver/Src/stm32f4xx_hal_uart.o
                0x000000000800a914                HAL_UART_Receive_DMA
 *fill*         0x000000000800a95e        0x2 
 .text.HAL_UART_IRQHandler
                0x000000000800a960      0x524 ./Drivers/STM32F4xx_HAL_Driver/Src/stm32f4xx_hal_uart.o
                0x000000000800a960                HAL_UART_IRQHandler
 .text.HAL_UART_TxHalfCpltCallback
                0x000000000800ae84       0x14 ./Drivers/STM32F4xx_HAL_Driver/Src/stm32f4xx_hal_uart.o
                0x000000000800ae84                HAL_UART_TxHalfCpltCallback
 .text.HAL_UART_RxHalfCpltCallback
                0x000000000800ae98       0x14 ./Drivers/STM32F4xx_HAL_Driver/Src/stm32f4xx_hal_uart.o
                0x000000000800ae98                HAL_UART_RxHalfCpltCallback
 .text.HAL_UART_ErrorCallback
                0x000000000800aeac       0x14 ./Drivers/STM32F4xx_HAL_Driver/Src/stm32f4xx_hal_uart.o
                0x000000000800aeac                HAL_UART_ErrorCallback
 .text.HAL_UARTEx_RxEventCallback
                0x000000000800aec0       0x18 ./Drivers/STM32F4xx_HAL_Driver/Src/stm32f4xx_hal_uart.o
                0x000000000800aec0                HAL_UARTEx_RxEventCallback
 .text.UART_DMATransmitCplt
                0x000000000800aed8       0x9a ./Drivers/STM32F4xx_HAL_Driver/Src/stm32f4xx_hal_uart.o
 .text.UART_DMATxHalfCplt
                0x000000000800af72       0x1c ./Drivers/STM32F4xx_HAL_Driver/Src/stm32f4xx_hal_uart.o
 .text.UART_DMAReceiveCplt
                0x000000000800af8e      0x12c ./Drivers/STM32F4xx_HAL_Driver/Src/stm32f4xx_hal_uart.o
 .text.UART_DMARxHalfCplt
                0x000000000800b0ba       0x3c ./Drivers/STM32F4xx_HAL_Driver/Src/stm32f4xx_hal_uart.o
 .text.UART_DMAError
                0x000000000800b0f6       0x94 ./Drivers/STM32F4xx_HAL_Driver/Src/stm32f4xx_hal_uart.o
 *fill*         0x000000000800b18a        0x2 
 .text.UART_Start_Receive_DMA
                0x000000000800b18c      0x134 ./Drivers/STM32F4xx_HAL_Driver/Src/stm32f4xx_hal_uart.o
                0x000000000800b18c                UART_Start_Receive_DMA
 .text.UART_EndTxTransfer
                0x000000000800b2c0       0x50 ./Drivers/STM32F4xx_HAL_Driver/Src/stm32f4xx_hal_uart.o
 .text.UART_EndRxTransfer
                0x000000000800b310       0xc6 ./Drivers/STM32F4xx_HAL_Driver/Src/stm32f4xx_hal_uart.o
 .text.UART_DMAAbortOnError
                0x000000000800b3d6       0x28 ./Drivers/STM32F4xx_HAL_Driver/Src/stm32f4xx_hal_uart.o
 .text.UART_Transmit_IT
                0x000000000800b3fe       0xa0 ./Drivers/STM32F4xx_HAL_Driver/Src/stm32f4xx_hal_uart.o
 .text.UART_EndTransmit_IT
                0x000000000800b49e       0x30 ./Drivers/STM32F4xx_HAL_Driver/Src/stm32f4xx_hal_uart.o
 .text.UART_Receive_IT
                0x000000000800b4ce      0x17c ./Drivers/STM32F4xx_HAL_Driver/Src/stm32f4xx_hal_uart.o
 *fill*         0x000000000800b64a        0x2 
 .text.UART_SetConfig
                0x000000000800b64c      0x4e8 ./Drivers/STM32F4xx_HAL_Driver/Src/stm32f4xx_hal_uart.o
 .text.makeFreeRtosPriority
                0x000000000800bb34       0x30 ./Middlewares/Third_Party/FreeRTOS/Source/CMSIS_RTOS/cmsis_os.o
 .text.osKernelStart
                0x000000000800bb64        0xe ./Middlewares/Third_Party/FreeRTOS/Source/CMSIS_RTOS/cmsis_os.o
                0x000000000800bb64                osKernelStart
 .text.osThreadCreate
                0x000000000800bb72       0x98 ./Middlewares/Third_Party/FreeRTOS/Source/CMSIS_RTOS/cmsis_os.o
                0x000000000800bb72                osThreadCreate
 .text.osDelay  0x000000000800bc0a       0x28 ./Middlewares/Third_Party/FreeRTOS/Source/CMSIS_RTOS/cmsis_os.o
                0x000000000800bc0a                osDelay
 .text.vListInitialise
                0x000000000800bc32       0x40 ./Middlewares/Third_Party/FreeRTOS/Source/list.o
                0x000000000800bc32                vListInitialise
 .text.vListInitialiseItem
                0x000000000800bc72       0x1a ./Middlewares/Third_Party/FreeRTOS/Source/list.o
                0x000000000800bc72                vListInitialiseItem
 .text.vListInsertEnd
                0x000000000800bc8c       0x48 ./Middlewares/Third_Party/FreeRTOS/Source/list.o
                0x000000000800bc8c                vListInsertEnd
 .text.vListInsert
                0x000000000800bcd4       0x72 ./Middlewares/Third_Party/FreeRTOS/Source/list.o
                0x000000000800bcd4                vListInsert
 .text.uxListRemove
                0x000000000800bd46       0x54 ./Middlewares/Third_Party/FreeRTOS/Source/list.o
                0x000000000800bd46                uxListRemove
 .text.xTaskCreateStatic
                0x000000000800bd9a       0xba ./Middlewares/Third_Party/FreeRTOS/Source/tasks.o
                0x000000000800bd9a                xTaskCreateStatic
 .text.xTaskCreate
                0x000000000800be54       0x8a ./Middlewares/Third_Party/FreeRTOS/Source/tasks.o
                0x000000000800be54                xTaskCreate
 .text.prvInitialiseNewTask
                0x000000000800bede      0x10e ./Middlewares/Third_Party/FreeRTOS/Source/tasks.o
 .text.prvAddNewTaskToReadyList
                0x000000000800bfec       0xd4 ./Middlewares/Third_Party/FreeRTOS/Source/tasks.o
 .text.vTaskDelay
                0x000000000800c0c0       0x68 ./Middlewares/Third_Party/FreeRTOS/Source/tasks.o
                0x000000000800c0c0                vTaskDelay
 .text.vTaskStartScheduler
                0x000000000800c128       0xc0 ./Middlewares/Third_Party/FreeRTOS/Source/tasks.o
                0x000000000800c128                vTaskStartScheduler
 .text.vTaskSuspendAll
                0x000000000800c1e8       0x1c ./Middlewares/Third_Party/FreeRTOS/Source/tasks.o
                0x000000000800c1e8                vTaskSuspendAll
 .text.xTaskResumeAll
                0x000000000800c204      0x138 ./Middlewares/Third_Party/FreeRTOS/Source/tasks.o
                0x000000000800c204                xTaskResumeAll
 .text.xTaskIncrementTick
                0x000000000800c33c      0x170 ./Middlewares/Third_Party/FreeRTOS/Source/tasks.o
                0x000000000800c33c                xTaskIncrementTick
 .text.vTaskSwitchContext
                0x000000000800c4ac       0xb8 ./Middlewares/Third_Party/FreeRTOS/Source/tasks.o
                0x000000000800c4ac                vTaskSwitchContext
 .text.prvIdleTask
                0x000000000800c564       0x30 ./Middlewares/Third_Party/FreeRTOS/Source/tasks.o
 .text.prvInitialiseTaskLists
                0x000000000800c594       0x80 ./Middlewares/Third_Party/FreeRTOS/Source/tasks.o
 .text.prvCheckTasksWaitingTermination
                0x000000000800c614       0x5c ./Middlewares/Third_Party/FreeRTOS/Source/tasks.o
 .text.prvDeleteTCB
                0x000000000800c670       0x5e ./Middlewares/Third_Party/FreeRTOS/Source/tasks.o
 *fill*         0x000000000800c6ce        0x2 
 .text.prvResetNextTaskUnblockTime
                0x000000000800c6d0       0x40 ./Middlewares/Third_Party/FreeRTOS/Source/tasks.o
 .text.prvAddCurrentTaskToDelayedList
                0x000000000800c710       0xcc ./Middlewares/Third_Party/FreeRTOS/Source/tasks.o
 .text.pxPortInitialiseStack
                0x000000000800c7dc       0x68 ./Middlewares/Third_Party/FreeRTOS/Source/portable/GCC/ARM_CM4F/port.o
                0x000000000800c7dc                pxPortInitialiseStack
 .text.prvTaskExitError
                0x000000000800c844       0x58 ./Middlewares/Third_Party/FreeRTOS/Source/portable/GCC/ARM_CM4F/port.o
 *fill*         0x000000000800c89c        0x4 
 .text.SVC_Handler
                0x000000000800c8a0       0x28 ./Middlewares/Third_Party/FreeRTOS/Source/portable/GCC/ARM_CM4F/port.o
                0x000000000800c8a0                SVC_Handler
 .text.prvPortStartFirstTask
                0x000000000800c8c8       0x28 ./Middlewares/Third_Party/FreeRTOS/Source/portable/GCC/ARM_CM4F/port.o
 .text.xPortStartScheduler
                0x000000000800c8f0      0x144 ./Middlewares/Third_Party/FreeRTOS/Source/portable/GCC/ARM_CM4F/port.o
                0x000000000800c8f0                xPortStartScheduler
 .text.vPortEnterCritical
                0x000000000800ca34       0x60 ./Middlewares/Third_Party/FreeRTOS/Source/portable/GCC/ARM_CM4F/port.o
                0x000000000800ca34                vPortEnterCritical
 .text.vPortExitCritical
                0x000000000800ca94       0x54 ./Middlewares/Third_Party/FreeRTOS/Source/portable/GCC/ARM_CM4F/port.o
                0x000000000800ca94                vPortExitCritical
 *fill*         0x000000000800cae8        0x8 
 .text.PendSV_Handler
                0x000000000800caf0       0x68 ./Middlewares/Third_Party/FreeRTOS/Source/portable/GCC/ARM_CM4F/port.o
                0x000000000800caf0                PendSV_Handler
 .text.SysTick_Handler
                0x000000000800cb58       0x44 ./Middlewares/Third_Party/FreeRTOS/Source/portable/GCC/ARM_CM4F/port.o
                0x000000000800cb58                SysTick_Handler
 .text.vPortSetupTimerInterrupt
                0x000000000800cb9c       0x48 ./Middlewares/Third_Party/FreeRTOS/Source/portable/GCC/ARM_CM4F/port.o
                0x000000000800cb9c                vPortSetupTimerInterrupt
 .text.vPortEnableVFP
                0x000000000800cbe4       0x14 ./Middlewares/Third_Party/FreeRTOS/Source/portable/GCC/ARM_CM4F/port.o
 .text.pvPortMalloc
                0x000000000800cbf8      0x198 ./Middlewares/Third_Party/FreeRTOS/Source/portable/MemMang/heap_4.o
                0x000000000800cbf8                pvPortMalloc
 .text.vPortFree
                0x000000000800cd90       0xc4 ./Middlewares/Third_Party/FreeRTOS/Source/portable/MemMang/heap_4.o
                0x000000000800cd90                vPortFree
 .text.prvHeapInit
                0x000000000800ce54       0xc4 ./Middlewares/Third_Party/FreeRTOS/Source/portable/MemMang/heap_4.o
 .text.prvInsertBlockIntoFreeList
                0x000000000800cf18       0xb4 ./Middlewares/Third_Party/FreeRTOS/Source/portable/MemMang/heap_4.o
 .text.atan2    0x000000000800cfcc        0x4 /opt/st/stm32cubeide_1.14.0/plugins/com.st.stm32cube.ide.mcu.externaltools.gnu-tools-for-stm32.11.3.rel1.linux64_1.1.100.202309141235/tools/bin/../lib/gcc/arm-none-eabi/11.3.1/../../../../arm-none-eabi/lib/thumb/v7e-m+fp/hard/libm.a(libm_a-w_atan2.o)
                0x000000000800cfcc                atan2
 .text.sqrt     0x000000000800cfd0       0x58 /opt/st/stm32cubeide_1.14.0/plugins/com.st.stm32cube.ide.mcu.externaltools.gnu-tools-for-stm32.11.3.rel1.linux64_1.1.100.202309141235/tools/bin/../lib/gcc/arm-none-eabi/11.3.1/../../../../arm-none-eabi/lib/thumb/v7e-m+fp/hard/libm.a(libm_a-w_sqrt.o)
                0x000000000800cfd0                sqrt
 .text.cos      0x000000000800d028       0xa8 /opt/st/stm32cubeide_1.14.0/plugins/com.st.stm32cube.ide.mcu.externaltools.gnu-tools-for-stm32.11.3.rel1.linux64_1.1.100.202309141235/tools/bin/../lib/gcc/arm-none-eabi/11.3.1/../../../../arm-none-eabi/lib/thumb/v7e-m+fp/hard/libm.a(libm_a-s_cos.o)
                0x000000000800d028                cos
 .text.sin      0x000000000800d0d0       0xb0 /opt/st/stm32cubeide_1.14.0/plugins/com.st.stm32cube.ide.mcu.externaltools.gnu-tools-for-stm32.11.3.rel1.linux64_1.1.100.202309141235/tools/bin/../lib/gcc/arm-none-eabi/11.3.1/../../../../arm-none-eabi/lib/thumb/v7e-m+fp/hard/libm.a(libm_a-s_sin.o)
                0x000000000800d0d0                sin
 .text.__ieee754_sqrt
                0x000000000800d180      0x1b4 /opt/st/stm32cubeide_1.14.0/plugins/com.st.stm32cube.ide.mcu.externaltools.gnu-tools-for-stm32.11.3.rel1.linux64_1.1.100.202309141235/tools/bin/../lib/gcc/arm-none-eabi/11.3.1/../../../../arm-none-eabi/lib/thumb/v7e-m+fp/hard/libm.a(libm_a-e_sqrt.o)
                0x000000000800d180                __ieee754_sqrt
 *fill*         0x000000000800d334        0x4 
 .text.__kernel_cos
                0x000000000800d338      0x18c /opt/st/stm32cubeide_1.14.0/plugins/com.st.stm32cube.ide.mcu.externaltools.gnu-tools-for-stm32.11.3.rel1.linux64_1.1.100.202309141235/tools/bin/../lib/gcc/arm-none-eabi/11.3.1/../../../../arm-none-eabi/lib/thumb/v7e-m+fp/hard/libm.a(libm_a-k_cos.o)
                0x000000000800d338                __kernel_cos
 *fill*         0x000000000800d4c4        0x4 
 .text.__kernel_sin
                0x000000000800d4c8      0x17c /opt/st/stm32cubeide_1.14.0/plugins/com.st.stm32cube.ide.mcu.externaltools.gnu-tools-for-stm32.11.3.rel1.linux64_1.1.100.202309141235/tools/bin/../lib/gcc/arm-none-eabi/11.3.1/../../../../arm-none-eabi/lib/thumb/v7e-m+fp/hard/libm.a(libm_a-k_sin.o)
                0x000000000800d4c8                __kernel_sin
 *fill*         0x000000000800d644        0x4 
 .text.__ieee754_atan2
                0x000000000800d648      0x18c /opt/st/stm32cubeide_1.14.0/plugins/com.st.stm32cube.ide.mcu.externaltools.gnu-tools-for-stm32.11.3.rel1.linux64_1.1.100.202309141235/tools/bin/../lib/gcc/arm-none-eabi/11.3.1/../../../../arm-none-eabi/lib/thumb/v7e-m+fp/hard/libm.a(libm_a-e_atan2.o)
                0x000000000800d648                __ieee754_atan2
 *fill*         0x000000000800d7d4        0x4 
 .text.__ieee754_rem_pio2
                0x000000000800d7d8      0x40c /opt/st/stm32cubeide_1.14.0/plugins/com.st.stm32cube.ide.mcu.externaltools.gnu-tools-for-stm32.11.3.rel1.linux64_1.1.100.202309141235/tools/bin/../lib/gcc/arm-none-eabi/11.3.1/../../../../arm-none-eabi/lib/thumb/v7e-m+fp/hard/libm.a(libm_a-e_rem_pio2.o)
                0x000000000800d7d8                __ieee754_rem_pio2
 *fill*         0x000000000800dbe4        0x4 
 .text.atan     0x000000000800dbe8      0x340 /opt/st/stm32cubeide_1.14.0/plugins/com.st.stm32cube.ide.mcu.externaltools.gnu-tools-for-stm32.11.3.rel1.linux64_1.1.100.202309141235/tools/bin/../lib/gcc/arm-none-eabi/11.3.1/../../../../arm-none-eabi/lib/thumb/v7e-m+fp/hard/libm.a(libm_a-s_atan.o)
                0x000000000800dbe8                atan
 .text.fabs     0x000000000800df28       0x12 /opt/st/stm32cubeide_1.14.0/plugins/com.st.stm32cube.ide.mcu.externaltools.gnu-tools-for-stm32.11.3.rel1.linux64_1.1.100.202309141235/tools/bin/../lib/gcc/arm-none-eabi/11.3.1/../../../../arm-none-eabi/lib/thumb/v7e-m+fp/hard/libm.a(libm_a-s_fabs.o)
                0x000000000800df28                fabs
 *fill*         0x000000000800df3a        0x6 
 .text.__kernel_rem_pio2
                0x000000000800df40      0x69c /opt/st/stm32cubeide_1.14.0/plugins/com.st.stm32cube.ide.mcu.externaltools.gnu-tools-for-stm32.11.3.rel1.linux64_1.1.100.202309141235/tools/bin/../lib/gcc/arm-none-eabi/11.3.1/../../../../arm-none-eabi/lib/thumb/v7e-m+fp/hard/libm.a(libm_a-k_rem_pio2.o)
                0x000000000800df40                __kernel_rem_pio2
 *fill*         0x000000000800e5dc        0x4 
 .text.scalbn   0x000000000800e5e0       0xfc /opt/st/stm32cubeide_1.14.0/plugins/com.st.stm32cube.ide.mcu.externaltools.gnu-tools-for-stm32.11.3.rel1.linux64_1.1.100.202309141235/tools/bin/../lib/gcc/arm-none-eabi/11.3.1/../../../../arm-none-eabi/lib/thumb/v7e-m+fp/hard/libm.a(libm_a-s_scalbn.o)
                0x000000000800e5e0                scalbn
 *fill*         0x000000000800e6dc        0x4 
 .text.floor    0x000000000800e6e0      0x100 /opt/st/stm32cubeide_1.14.0/plugins/com.st.stm32cube.ide.mcu.externaltools.gnu-tools-for-stm32.11.3.rel1.linux64_1.1.100.202309141235/tools/bin/../lib/gcc/arm-none-eabi/11.3.1/../../../../arm-none-eabi/lib/thumb/v7e-m+fp/hard/libm.a(libm_a-s_floor.o)
                0x000000000800e6e0                floor
 .text.realloc  0x000000000800e7e0       0x10 /opt/st/stm32cubeide_1.14.0/plugins/com.st.stm32cube.ide.mcu.externaltools.gnu-tools-for-stm32.11.3.rel1.linux64_1.1.100.202309141235/tools/bin/../lib/gcc/arm-none-eabi/11.3.1/../../../../arm-none-eabi/lib/thumb/v7e-m+fp/hard/libc_nano.a(libc_a-realloc.o)
                0x000000000800e7e0                realloc
 .text._realloc_r
                0x000000000800e7f0       0x5e /opt/st/stm32cubeide_1.14.0/plugins/com.st.stm32cube.ide.mcu.externaltools.gnu-tools-for-stm32.11.3.rel1.linux64_1.1.100.202309141235/tools/bin/../lib/gcc/arm-none-eabi/11.3.1/../../../../arm-none-eabi/lib/thumb/v7e-m+fp/hard/libc_nano.a(libc_a-reallocr.o)
                0x000000000800e7f0                _realloc_r
 .text.memset   0x000000000800e84e       0x10 /opt/st/stm32cubeide_1.14.0/plugins/com.st.stm32cube.ide.mcu.externaltools.gnu-tools-for-stm32.11.3.rel1.linux64_1.1.100.202309141235/tools/bin/../lib/gcc/arm-none-eabi/11.3.1/../../../../arm-none-eabi/lib/thumb/v7e-m+fp/hard/libc_nano.a(libc_a-memset.o)
                0x000000000800e84e                memset
 *fill*         0x000000000800e85e        0x2 
 .text.__errno  0x000000000800e860        0xc /opt/st/stm32cubeide_1.14.0/plugins/com.st.stm32cube.ide.mcu.externaltools.gnu-tools-for-stm32.11.3.rel1.linux64_1.1.100.202309141235/tools/bin/../lib/gcc/arm-none-eabi/11.3.1/../../../../arm-none-eabi/lib/thumb/v7e-m+fp/hard/libc_nano.a(libc_a-errno.o)
                0x000000000800e860                __errno
 .text.__libc_init_array
                0x000000000800e86c       0x48 /opt/st/stm32cubeide_1.14.0/plugins/com.st.stm32cube.ide.mcu.externaltools.gnu-tools-for-stm32.11.3.rel1.linux64_1.1.100.202309141235/tools/bin/../lib/gcc/arm-none-eabi/11.3.1/../../../../arm-none-eabi/lib/thumb/v7e-m+fp/hard/libc_nano.a(libc_a-init.o)
                0x000000000800e86c                __libc_init_array
 .text.__retarget_lock_acquire_recursive
                0x000000000800e8b4        0x2 /opt/st/stm32cubeide_1.14.0/plugins/com.st.stm32cube.ide.mcu.externaltools.gnu-tools-for-stm32.11.3.rel1.linux64_1.1.100.202309141235/tools/bin/../lib/gcc/arm-none-eabi/11.3.1/../../../../arm-none-eabi/lib/thumb/v7e-m+fp/hard/libc_nano.a(libc_a-lock.o)
                0x000000000800e8b4                __retarget_lock_acquire_recursive
 .text.__retarget_lock_release_recursive
                0x000000000800e8b6        0x2 /opt/st/stm32cubeide_1.14.0/plugins/com.st.stm32cube.ide.mcu.externaltools.gnu-tools-for-stm32.11.3.rel1.linux64_1.1.100.202309141235/tools/bin/../lib/gcc/arm-none-eabi/11.3.1/../../../../arm-none-eabi/lib/thumb/v7e-m+fp/hard/libc_nano.a(libc_a-lock.o)
                0x000000000800e8b6                __retarget_lock_release_recursive
 .text.memcpy   0x000000000800e8b8       0x1c /opt/st/stm32cubeide_1.14.0/plugins/com.st.stm32cube.ide.mcu.externaltools.gnu-tools-for-stm32.11.3.rel1.linux64_1.1.100.202309141235/tools/bin/../lib/gcc/arm-none-eabi/11.3.1/../../../../arm-none-eabi/lib/thumb/v7e-m+fp/hard/libc_nano.a(libc_a-memcpy-stub.o)
                0x000000000800e8b8                memcpy
 .text._free_r  0x000000000800e8d4       0x98 /opt/st/stm32cubeide_1.14.0/plugins/com.st.stm32cube.ide.mcu.externaltools.gnu-tools-for-stm32.11.3.rel1.linux64_1.1.100.202309141235/tools/bin/../lib/gcc/arm-none-eabi/11.3.1/../../../../arm-none-eabi/lib/thumb/v7e-m+fp/hard/libc_nano.a(libc_a-freer.o)
                0x000000000800e8d4                _free_r
 .text.sbrk_aligned
                0x000000000800e96c       0x40 /opt/st/stm32cubeide_1.14.0/plugins/com.st.stm32cube.ide.mcu.externaltools.gnu-tools-for-stm32.11.3.rel1.linux64_1.1.100.202309141235/tools/bin/../lib/gcc/arm-none-eabi/11.3.1/../../../../arm-none-eabi/lib/thumb/v7e-m+fp/hard/libc_nano.a(libc_a-mallocr.o)
 .text._malloc_r
                0x000000000800e9ac      0x100 /opt/st/stm32cubeide_1.14.0/plugins/com.st.stm32cube.ide.mcu.externaltools.gnu-tools-for-stm32.11.3.rel1.linux64_1.1.100.202309141235/tools/bin/../lib/gcc/arm-none-eabi/11.3.1/../../../../arm-none-eabi/lib/thumb/v7e-m+fp/hard/libc_nano.a(libc_a-mallocr.o)
                0x000000000800e9ac                _malloc_r
 .text.__malloc_lock
                0x000000000800eaac        0xc /opt/st/stm32cubeide_1.14.0/plugins/com.st.stm32cube.ide.mcu.externaltools.gnu-tools-for-stm32.11.3.rel1.linux64_1.1.100.202309141235/tools/bin/../lib/gcc/arm-none-eabi/11.3.1/../../../../arm-none-eabi/lib/thumb/v7e-m+fp/hard/libc_nano.a(libc_a-mlock.o)
                0x000000000800eaac                __malloc_lock
 .text.__malloc_unlock
                0x000000000800eab8        0xc /opt/st/stm32cubeide_1.14.0/plugins/com.st.stm32cube.ide.mcu.externaltools.gnu-tools-for-stm32.11.3.rel1.linux64_1.1.100.202309141235/tools/bin/../lib/gcc/arm-none-eabi/11.3.1/../../../../arm-none-eabi/lib/thumb/v7e-m+fp/hard/libc_nano.a(libc_a-mlock.o)
                0x000000000800eab8                __malloc_unlock
 .text._malloc_usable_size_r
                0x000000000800eac4       0x10 /opt/st/stm32cubeide_1.14.0/plugins/com.st.stm32cube.ide.mcu.externaltools.gnu-tools-for-stm32.11.3.rel1.linux64_1.1.100.202309141235/tools/bin/../lib/gcc/arm-none-eabi/11.3.1/../../../../arm-none-eabi/lib/thumb/v7e-m+fp/hard/libc_nano.a(libc_a-msizer.o)
                0x000000000800eac4                _malloc_usable_size_r
 .text._sbrk_r  0x000000000800ead4       0x20 /opt/st/stm32cubeide_1.14.0/plugins/com.st.stm32cube.ide.mcu.externaltools.gnu-tools-for-stm32.11.3.rel1.linux64_1.1.100.202309141235/tools/bin/../lib/gcc/arm-none-eabi/11.3.1/../../../../arm-none-eabi/lib/thumb/v7e-m+fp/hard/libc_nano.a(libc_a-sbrkr.o)
                0x000000000800ead4                _sbrk_r
 *(.glue_7)
 .glue_7        0x000000000800eaf4        0x0 linker stubs
 *(.glue_7t)
 .glue_7t       0x000000000800eaf4        0x0 linker stubs
 *(.eh_frame)
 .eh_frame      0x000000000800eaf4        0x0 /opt/st/stm32cubeide_1.14.0/plugins/com.st.stm32cube.ide.mcu.externaltools.gnu-tools-for-stm32.11.3.rel1.linux64_1.1.100.202309141235/tools/bin/../lib/gcc/arm-none-eabi/11.3.1/thumb/v7e-m+fp/hard/crtbegin.o
 *(.init)
 .init          0x000000000800eaf4        0x4 /opt/st/stm32cubeide_1.14.0/plugins/com.st.stm32cube.ide.mcu.externaltools.gnu-tools-for-stm32.11.3.rel1.linux64_1.1.100.202309141235/tools/bin/../lib/gcc/arm-none-eabi/11.3.1/thumb/v7e-m+fp/hard/crti.o
                0x000000000800eaf4                _init
 .init          0x000000000800eaf8        0x8 /opt/st/stm32cubeide_1.14.0/plugins/com.st.stm32cube.ide.mcu.externaltools.gnu-tools-for-stm32.11.3.rel1.linux64_1.1.100.202309141235/tools/bin/../lib/gcc/arm-none-eabi/11.3.1/thumb/v7e-m+fp/hard/crtn.o
 *(.fini)
 .fini          0x000000000800eb00        0x4 /opt/st/stm32cubeide_1.14.0/plugins/com.st.stm32cube.ide.mcu.externaltools.gnu-tools-for-stm32.11.3.rel1.linux64_1.1.100.202309141235/tools/bin/../lib/gcc/arm-none-eabi/11.3.1/thumb/v7e-m+fp/hard/crti.o
                0x000000000800eb00                _fini
 .fini          0x000000000800eb04        0x8 /opt/st/stm32cubeide_1.14.0/plugins/com.st.stm32cube.ide.mcu.externaltools.gnu-tools-for-stm32.11.3.rel1.linux64_1.1.100.202309141235/tools/bin/../lib/gcc/arm-none-eabi/11.3.1/thumb/v7e-m+fp/hard/crtn.o
                0x000000000800eb0c                . = ALIGN (0x4)
                0x000000000800eb0c                _etext = .

.vfp11_veneer   0x000000000800eb0c        0x0
 .vfp11_veneer  0x000000000800eb0c        0x0 linker stubs

.v4_bx          0x000000000800eb0c        0x0
 .v4_bx         0x000000000800eb0c        0x0 linker stubs

.iplt           0x000000000800eb0c        0x0
 .iplt          0x000000000800eb0c        0x0 /opt/st/stm32cubeide_1.14.0/plugins/com.st.stm32cube.ide.mcu.externaltools.gnu-tools-for-stm32.11.3.rel1.linux64_1.1.100.202309141235/tools/bin/../lib/gcc/arm-none-eabi/11.3.1/thumb/v7e-m+fp/hard/crtbegin.o

.rodata         0x000000000800eb10      0x670
                0x000000000800eb10                . = ALIGN (0x4)
 *(.rodata)
 .rodata        0x000000000800eb10       0xcc ./Core/Src/main.o
 .rodata        0x000000000800ebdc      0x217 ./Core/Src/mainpp.o
 *fill*         0x000000000800edf3        0x1 
 .rodata        0x000000000800edf4        0x5 ./Middlewares/Third_Party/FreeRTOS/Source/tasks.o
 *(.rodata*)
 *fill*         0x000000000800edf9        0x3 
 .rodata._ZN14rosserial_msgsL12REQUESTPARAME
                0x000000000800edfc       0x1c ./Core/Src/mainpp.o
 .rodata._ZTVN3ros11NodeHandle_I13STM32HardwareLi25ELi25ELi512ELi512EEE
                0x000000000800ee18       0x14 ./Core/Src/mainpp.o
                0x000000000800ee18                vtable for ros::NodeHandle_<STM32Hardware, 25, 25, 512, 512>
 .rodata._ZTVN8std_msgs15Int16MultiArrayE
                0x000000000800ee2c       0x18 ./Core/Src/mainpp.o
                0x000000000800ee2c                vtable for std_msgs::Int16MultiArray
 .rodata._ZTVN8std_msgs16MultiArrayLayoutE
                0x000000000800ee44       0x18 ./Core/Src/mainpp.o
                0x000000000800ee44                vtable for std_msgs::MultiArrayLayout
 .rodata._ZTVN8std_msgs19MultiArrayDimensionE
                0x000000000800ee5c       0x18 ./Core/Src/mainpp.o
                0x000000000800ee5c                vtable for std_msgs::MultiArrayDimension
 .rodata._ZTVN8std_msgs6StringE
                0x000000000800ee74       0x18 ./Core/Src/mainpp.o
                0x000000000800ee74                vtable for std_msgs::String
 .rodata._ZTVN3ros15NodeHandleBase_E
                0x000000000800ee8c       0x14 ./Core/Src/mainpp.o
                0x000000000800ee8c                vtable for ros::NodeHandleBase_
 .rodata._ZTVN14rosserial_msgs20RequestParamResponseE
                0x000000000800eea0       0x18 ./Core/Src/mainpp.o
                0x000000000800eea0                vtable for rosserial_msgs::RequestParamResponse
 .rodata._ZTVN14rosserial_msgs3LogE
                0x000000000800eeb8       0x18 ./Core/Src/mainpp.o
                0x000000000800eeb8                vtable for rosserial_msgs::Log
 .rodata._ZTVN14rosserial_msgs9TopicInfoE
                0x000000000800eed0       0x18 ./Core/Src/mainpp.o
                0x000000000800eed0                vtable for rosserial_msgs::TopicInfo
 .rodata._ZTVN8std_msgs4TimeE
                0x000000000800eee8       0x18 ./Core/Src/mainpp.o
                0x000000000800eee8                vtable for std_msgs::Time
 .rodata._ZTVN3ros3MsgE
                0x000000000800ef00       0x18 ./Core/Src/mainpp.o
                0x000000000800ef00                vtable for ros::Msg
 .rodata.AHBPrescTable
                0x000000000800ef18       0x10 ./Core/Src/system_stm32f4xx.o
                0x000000000800ef18                AHBPrescTable
 .rodata.APBPrescTable
                0x000000000800ef28        0x8 ./Core/Src/system_stm32f4xx.o
                0x000000000800ef28                APBPrescTable
 .rodata.flagBitshiftOffset.0
                0x000000000800ef30        0x8 ./Drivers/STM32F4xx_HAL_Driver/Src/stm32f4xx_hal_dma.o
 .rodata.CSWTCH.8
                0x000000000800ef38       0x18 /opt/st/stm32cubeide_1.14.0/plugins/com.st.stm32cube.ide.mcu.externaltools.gnu-tools-for-stm32.11.3.rel1.linux64_1.1.100.202309141235/tools/bin/../lib/gcc/arm-none-eabi/11.3.1/../../../../arm-none-eabi/lib/thumb/v7e-m+fp/hard/libm.a(libm_a-e_atan2.o)
 .rodata.CSWTCH.9
                0x000000000800ef50       0x18 /opt/st/stm32cubeide_1.14.0/plugins/com.st.stm32cube.ide.mcu.externaltools.gnu-tools-for-stm32.11.3.rel1.linux64_1.1.100.202309141235/tools/bin/../lib/gcc/arm-none-eabi/11.3.1/../../../../arm-none-eabi/lib/thumb/v7e-m+fp/hard/libm.a(libm_a-e_atan2.o)
 .rodata.npio2_hw
                0x000000000800ef68       0x80 /opt/st/stm32cubeide_1.14.0/plugins/com.st.stm32cube.ide.mcu.externaltools.gnu-tools-for-stm32.11.3.rel1.linux64_1.1.100.202309141235/tools/bin/../lib/gcc/arm-none-eabi/11.3.1/../../../../arm-none-eabi/lib/thumb/v7e-m+fp/hard/libm.a(libm_a-e_rem_pio2.o)
 .rodata.two_over_pi
                0x000000000800efe8      0x108 /opt/st/stm32cubeide_1.14.0/plugins/com.st.stm32cube.ide.mcu.externaltools.gnu-tools-for-stm32.11.3.rel1.linux64_1.1.100.202309141235/tools/bin/../lib/gcc/arm-none-eabi/11.3.1/../../../../arm-none-eabi/lib/thumb/v7e-m+fp/hard/libm.a(libm_a-e_rem_pio2.o)
 .rodata.atanhi
                0x000000000800f0f0       0x20 /opt/st/stm32cubeide_1.14.0/plugins/com.st.stm32cube.ide.mcu.externaltools.gnu-tools-for-stm32.11.3.rel1.linux64_1.1.100.202309141235/tools/bin/../lib/gcc/arm-none-eabi/11.3.1/../../../../arm-none-eabi/lib/thumb/v7e-m+fp/hard/libm.a(libm_a-s_atan.o)
 .rodata.atanlo
                0x000000000800f110       0x20 /opt/st/stm32cubeide_1.14.0/plugins/com.st.stm32cube.ide.mcu.externaltools.gnu-tools-for-stm32.11.3.rel1.linux64_1.1.100.202309141235/tools/bin/../lib/gcc/arm-none-eabi/11.3.1/../../../../arm-none-eabi/lib/thumb/v7e-m+fp/hard/libm.a(libm_a-s_atan.o)
 .rodata.PIo2   0x000000000800f130       0x40 /opt/st/stm32cubeide_1.14.0/plugins/com.st.stm32cube.ide.mcu.externaltools.gnu-tools-for-stm32.11.3.rel1.linux64_1.1.100.202309141235/tools/bin/../lib/gcc/arm-none-eabi/11.3.1/../../../../arm-none-eabi/lib/thumb/v7e-m+fp/hard/libm.a(libm_a-k_rem_pio2.o)
 .rodata.init_jk
                0x000000000800f170       0x10 /opt/st/stm32cubeide_1.14.0/plugins/com.st.stm32cube.ide.mcu.externaltools.gnu-tools-for-stm32.11.3.rel1.linux64_1.1.100.202309141235/tools/bin/../lib/gcc/arm-none-eabi/11.3.1/../../../../arm-none-eabi/lib/thumb/v7e-m+fp/hard/libm.a(libm_a-k_rem_pio2.o)
                0x000000000800f180                . = ALIGN (0x4)

.ARM.extab      0x000000000800f180        0x0
                0x000000000800f180                . = ALIGN (0x4)
 *(.ARM.extab* .gnu.linkonce.armextab.*)
                0x000000000800f180                . = ALIGN (0x4)

.ARM            0x000000000800f180        0x8
                0x000000000800f180                . = ALIGN (0x4)
                0x000000000800f180                __exidx_start = .
 *(.ARM.exidx*)
 .ARM.exidx     0x000000000800f180        0x8 /opt/st/stm32cubeide_1.14.0/plugins/com.st.stm32cube.ide.mcu.externaltools.gnu-tools-for-stm32.11.3.rel1.linux64_1.1.100.202309141235/tools/bin/../lib/gcc/arm-none-eabi/11.3.1/thumb/v7e-m+fp/hard/libgcc.a(_udivmoddi4.o)
                0x000000000800f188                __exidx_end = .
                0x000000000800f188                . = ALIGN (0x4)

.rel.dyn        0x000000000800f188        0x0
 .rel.iplt      0x000000000800f188        0x0 /opt/st/stm32cubeide_1.14.0/plugins/com.st.stm32cube.ide.mcu.externaltools.gnu-tools-for-stm32.11.3.rel1.linux64_1.1.100.202309141235/tools/bin/../lib/gcc/arm-none-eabi/11.3.1/thumb/v7e-m+fp/hard/crtbegin.o

.preinit_array  0x000000000800f188        0x0
                0x000000000800f188                . = ALIGN (0x4)
                0x000000000800f188                PROVIDE (__preinit_array_start = .)
 *(.preinit_array*)
                0x000000000800f188                PROVIDE (__preinit_array_end = .)
                0x000000000800f188                . = ALIGN (0x4)

.init_array     0x000000000800f188        0x8
                0x000000000800f188                . = ALIGN (0x4)
                0x000000000800f188                PROVIDE (__init_array_start = .)
 *(SORT_BY_NAME(.init_array.*))
 *(.init_array*)
 .init_array    0x000000000800f188        0x4 /opt/st/stm32cubeide_1.14.0/plugins/com.st.stm32cube.ide.mcu.externaltools.gnu-tools-for-stm32.11.3.rel1.linux64_1.1.100.202309141235/tools/bin/../lib/gcc/arm-none-eabi/11.3.1/thumb/v7e-m+fp/hard/crtbegin.o
 .init_array    0x000000000800f18c        0x4 ./Core/Src/mainpp.o
                0x000000000800f190                PROVIDE (__init_array_end = .)
                0x000000000800f190                . = ALIGN (0x4)

.fini_array     0x000000000800f190        0x4
                0x000000000800f190                . = ALIGN (0x4)
                [!provide]                        PROVIDE (__fini_array_start = .)
 *(SORT_BY_NAME(.fini_array.*))
 *(.fini_array*)
 .fini_array    0x000000000800f190        0x4 /opt/st/stm32cubeide_1.14.0/plugins/com.st.stm32cube.ide.mcu.externaltools.gnu-tools-for-stm32.11.3.rel1.linux64_1.1.100.202309141235/tools/bin/../lib/gcc/arm-none-eabi/11.3.1/thumb/v7e-m+fp/hard/crtbegin.o
                [!provide]                        PROVIDE (__fini_array_end = .)
                0x000000000800f194                . = ALIGN (0x4)
                0x000000000800f194                _sidata = LOADADDR (.data)

.data           0x0000000020000000       0x88 load address 0x000000000800f194
                0x0000000020000000                . = ALIGN (0x4)
                0x0000000020000000                _sdata = .
 *(.data)
 *(.data*)
 .data.pi       0x0000000020000000        0x8 ./Core/Src/main.o
                0x0000000020000000                pi
 .data.HC_PS2_TX
                0x0000000020000008        0x9 ./Core/Src/main.o
                0x0000000020000008                HC_PS2_TX
 *fill*         0x0000000020000011        0x3 
 .data.SystemCoreClock
                0x0000000020000014        0x4 ./Core/Src/system_stm32f4xx.o
                0x0000000020000014                SystemCoreClock
 .data.uwTickPrio
                0x0000000020000018        0x4 ./Drivers/STM32F4xx_HAL_Driver/Src/stm32f4xx_hal.o
                0x0000000020000018                uwTickPrio
 .data.uwTickFreq
                0x000000002000001c        0x1 ./Drivers/STM32F4xx_HAL_Driver/Src/stm32f4xx_hal.o
                0x000000002000001c                uwTickFreq
 *fill*         0x000000002000001d        0x3 
 .data.uxCriticalNesting
                0x0000000020000020        0x4 ./Middlewares/Third_Party/FreeRTOS/Source/portable/GCC/ARM_CM4F/port.o
 *fill*         0x0000000020000024        0x4 
 .data.one      0x0000000020000028        0x8 /opt/st/stm32cubeide_1.14.0/plugins/com.st.stm32cube.ide.mcu.externaltools.gnu-tools-for-stm32.11.3.rel1.linux64_1.1.100.202309141235/tools/bin/../lib/gcc/arm-none-eabi/11.3.1/../../../../arm-none-eabi/lib/thumb/v7e-m+fp/hard/libm.a(libm_a-e_sqrt.o)
 .data.tiny     0x0000000020000030        0x8 /opt/st/stm32cubeide_1.14.0/plugins/com.st.stm32cube.ide.mcu.externaltools.gnu-tools-for-stm32.11.3.rel1.linux64_1.1.100.202309141235/tools/bin/../lib/gcc/arm-none-eabi/11.3.1/../../../../arm-none-eabi/lib/thumb/v7e-m+fp/hard/libm.a(libm_a-e_sqrt.o)
 .data._impure_data