Archive member included to satisfy reference by file (symbol)

/Applications/STM32CubeIDE.app/Contents/Eclipse/plugins/com.st.stm32cube.ide.mcu.externaltools.gnu-tools-for-stm32.11.3.rel1.macos64_1.1.100.202310310803/tools/bin/../lib/gcc/arm-none-eabi/11.3.1/../../../../arm-none-eabi/lib/thumb/v7e-m+fp/hard/libm.a(libm_a-w_atan2.o)
                              ./Core/Src/main.o (atan2)
/Applications/STM32CubeIDE.app/Contents/Eclipse/plugins/com.st.stm32cube.ide.mcu.externaltools.gnu-tools-for-stm32.11.3.rel1.macos64_1.1.100.202310310803/tools/bin/../lib/gcc/arm-none-eabi/11.3.1/../../../../arm-none-eabi/lib/thumb/v7e-m+fp/hard/libm.a(libm_a-e_atan2.o)
                              /Applications/STM32CubeIDE.app/Contents/Eclipse/plugins/com.st.stm32cube.ide.mcu.externaltools.gnu-tools-for-stm32.11.3.rel1.macos64_1.1.100.202310310803/tools/bin/../lib/gcc/arm-none-eabi/11.3.1/../../../../arm-none-eabi/lib/thumb/v7e-m+fp/hard/libm.a(libm_a-w_atan2.o) (__ieee754_atan2)
/Applications/STM32CubeIDE.app/Contents/Eclipse/plugins/com.st.stm32cube.ide.mcu.externaltools.gnu-tools-for-stm32.11.3.rel1.macos64_1.1.100.202310310803/tools/bin/../lib/gcc/arm-none-eabi/11.3.1/../../../../arm-none-eabi/lib/thumb/v7e-m+fp/hard/libm.a(libm_a-w_sqrt.o)
                              ./Core/Src/main.o (sqrt)
/Applications/STM32CubeIDE.app/Contents/Eclipse/plugins/com.st.stm32cube.ide.mcu.externaltools.gnu-tools-for-stm32.11.3.rel1.macos64_1.1.100.202310310803/tools/bin/../lib/gcc/arm-none-eabi/11.3.1/../../../../arm-none-eabi/lib/thumb/v7e-m+fp/hard/libm.a(libm_a-s_atan.o)
                              /Applications/STM32CubeIDE.app/Contents/Eclipse/plugins/com.st.stm32cube.ide.mcu.externaltools.gnu-tools-for-stm32.11.3.rel1.macos64_1.1.100.202310310803/tools/bin/../lib/gcc/arm-none-eabi/11.3.1/../../../../arm-none-eabi/lib/thumb/v7e-m+fp/hard/libm.a(libm_a-e_atan2.o) (atan)
/Applications/STM32CubeIDE.app/Contents/Eclipse/plugins/com.st.stm32cube.ide.mcu.externaltools.gnu-tools-for-stm32.11.3.rel1.macos64_1.1.100.202310310803/tools/bin/../lib/gcc/arm-none-eabi/11.3.1/../../../../arm-none-eabi/lib/thumb/v7e-m+fp/hard/libm.a(libm_a-s_cos.o)
                              ./Core/Src/main.o (cos)
/Applications/STM32CubeIDE.app/Contents/Eclipse/plugins/com.st.stm32cube.ide.mcu.externaltools.gnu-tools-for-stm32.11.3.rel1.macos64_1.1.100.202310310803/tools/bin/../lib/gcc/arm-none-eabi/11.3.1/../../../../arm-none-eabi/lib/thumb/v7e-m+fp/hard/libm.a(libm_a-s_fabs.o)
                              /Applications/STM32CubeIDE.app/Contents/Eclipse/plugins/com.st.stm32cube.ide.mcu.externaltools.gnu-tools-for-stm32.11.3.rel1.macos64_1.1.100.202310310803/tools/bin/../lib/gcc/arm-none-eabi/11.3.1/../../../../arm-none-eabi/lib/thumb/v7e-m+fp/hard/libm.a(libm_a-e_atan2.o) (fabs)
/Applications/STM32CubeIDE.app/Contents/Eclipse/plugins/com.st.stm32cube.ide.mcu.externaltools.gnu-tools-for-stm32.11.3.rel1.macos64_1.1.100.202310310803/tools/bin/../lib/gcc/arm-none-eabi/11.3.1/../../../../arm-none-eabi/lib/thumb/v7e-m+fp/hard/libm.a(libm_a-s_sin.o)
                              ./Core/Src/main.o (sin)
/Applications/STM32CubeIDE.app/Contents/Eclipse/plugins/com.st.stm32cube.ide.mcu.externaltools.gnu-tools-for-stm32.11.3.rel1.macos64_1.1.100.202310310803/tools/bin/../lib/gcc/arm-none-eabi/11.3.1/../../../../arm-none-eabi/lib/thumb/v7e-m+fp/hard/libm.a(libm_a-e_sqrt.o)
                              /Applications/STM32CubeIDE.app/Contents/Eclipse/plugins/com.st.stm32cube.ide.mcu.externaltools.gnu-tools-for-stm32.11.3.rel1.macos64_1.1.100.202310310803/tools/bin/../lib/gcc/arm-none-eabi/11.3.1/../../../../arm-none-eabi/lib/thumb/v7e-m+fp/hard/libm.a(libm_a-w_sqrt.o) (__ieee754_sqrt)
/Applications/STM32CubeIDE.app/Contents/Eclipse/plugins/com.st.stm32cube.ide.mcu.externaltools.gnu-tools-for-stm32.11.3.rel1.macos64_1.1.100.202310310803/tools/bin/../lib/gcc/arm-none-eabi/11.3.1/../../../../arm-none-eabi/lib/thumb/v7e-m+fp/hard/libm.a(libm_a-e_rem_pio2.o)
                              /Applications/STM32CubeIDE.app/Contents/Eclipse/plugins/com.st.stm32cube.ide.mcu.externaltools.gnu-tools-for-stm32.11.3.rel1.macos64_1.1.100.202310310803/tools/bin/../lib/gcc/arm-none-eabi/11.3.1/../../../../arm-none-eabi/lib/thumb/v7e-m+fp/hard/libm.a(libm_a-s_cos.o) (__ieee754_rem_pio2)
/Applications/STM32CubeIDE.app/Contents/Eclipse/plugins/com.st.stm32cube.ide.mcu.externaltools.gnu-tools-for-stm32.11.3.rel1.macos64_1.1.100.202310310803/tools/bin/../lib/gcc/arm-none-eabi/11.3.1/../../../../arm-none-eabi/lib/thumb/v7e-m+fp/hard/libm.a(libm_a-k_rem_pio2.o)
                              /Applications/STM32CubeIDE.app/Contents/Eclipse/plugins/com.st.stm32cube.ide.mcu.externaltools.gnu-tools-for-stm32.11.3.rel1.macos64_1.1.100.202310310803/tools/bin/../lib/gcc/arm-none-eabi/11.3.1/../../../../arm-none-eabi/lib/thumb/v7e-m+fp/hard/libm.a(libm_a-e_rem_pio2.o) (__kernel_rem_pio2)
[...]
Memory Configuration

Name             Origin             Length             Attributes
RAM              0x0000000020000000 0x0000000000020000 xrw
FLASH            0x0000000008000000 0x0000000000080000 xr
*default*        0x0000000000000000 0xffffffffffffffff

Linker script and memory map

LOAD /Applications/STM32CubeIDE.app/Contents/Eclipse/plugins/com.st.stm32cube.ide.mcu.externaltools.gnu-tools-for-stm32.11.3.rel1.macos64_1.1.100.202310310803/tools/bin/../lib/gcc/arm-none-eabi/11.3.1/thumb/v7e-m+fp/hard/crti.o
LOAD /Applications/STM32CubeIDE.app/Contents/Eclipse/plugins/com.st.stm32cube.ide.mcu.externaltools.gnu-tools-for-stm32.11.3.rel1.macos64_1.1.100.202310310803/tools/bin/../lib/gcc/arm-none-eabi/11.3.1/thumb/v7e-m+fp/hard/crtbegin.o
LOAD /Applications/STM32CubeIDE.app/Contents/Eclipse/plugins/com.st.stm32cube.ide.mcu.externaltools.gnu-tools-for-stm32.11.3.rel1.macos64_1.1.100.202310310803/tools/bin/../lib/gcc/arm-none-eabi/11.3.1/../../../../arm-none-eabi/lib/thumb/v7e-m+fp/hard/crt0.o
LOAD ./Core/Src/duration.o
LOAD ./Core/Src/freertos.o
LOAD ./Core/Src/main.o
LOAD ./Core/Src/mainpp.o
LOAD ./Core/Src/stm32f4xx_hal_msp.o
LOAD ./Core/Src/stm32f4xx_hal_timebase_tim.o
LOAD ./Core/Src/stm32f4xx_it.o
LOAD ./Core/Src/syscalls.o
LOAD ./Core/Src/sysmem.o
LOAD ./Core/Src/system_stm32f4xx.o
LOAD ./Core/Src/time.o
LOAD ./Core/Startup/startup_stm32f446retx.o
LOAD ./Drivers/STM32F4xx_HAL_Driver/Src/stm32f4xx_hal.o
LOAD ./Drivers/STM32F4xx_HAL_Driver/Src/stm32f4xx_hal_can.o
LOAD ./Drivers/STM32F4xx_HAL_Driver/Src/stm32f4xx_hal_cortex.o
LOAD ./Drivers/STM32F4xx_HAL_Driver/Src/stm32f4xx_hal_dma.o
LOAD ./Drivers/STM32F4xx_HAL_Driver/Src/stm32f4xx_hal_dma_ex.o
LOAD ./Drivers/STM32F4xx_HAL_Driver/Src/stm32f4xx_hal_exti.o
LOAD ./Drivers/STM32F4xx_HAL_Driver/Src/stm32f4xx_hal_flash.o
LOAD ./Drivers/STM32F4xx_HAL_Driver/Src/stm32f4xx_hal_flash_ex.o
LOAD ./Drivers/STM32F4xx_HAL_Driver/Src/stm32f4xx_hal_flash_ramfunc.o
LOAD ./Drivers/STM32F4xx_HAL_Driver/Src/stm32f4xx_hal_gpio.o
LOAD ./Drivers/STM32F4xx_HAL_Driver/Src/stm32f4xx_hal_pwr.o
LOAD ./Drivers/STM32F4xx_HAL_Driver/Src/stm32f4xx_hal_pwr_ex.o
LOAD ./Drivers/STM32F4xx_HAL_Driver/Src/stm32f4xx_hal_rcc.o
LOAD ./Drivers/STM32F4xx_HAL_Driver/Src/stm32f4xx_hal_rcc_ex.o
LOAD ./Drivers/STM32F4xx_HAL_Driver/Src/stm32f4xx_hal_spi.o
LOAD ./Drivers/STM32F4xx_HAL_Driver/Src/stm32f4xx_hal_tim.o
LOAD ./Drivers/STM32F4xx_HAL_Driver/Src/stm32f4xx_hal_tim_ex.o
LOAD ./Drivers/STM32F4xx_HAL_Driver/Src/stm32f4xx_hal_uart.o
LOAD ./Middlewares/Third_Party/FreeRTOS/Source/CMSIS_RTOS/cmsis_os.o
LOAD ./Middlewares/Third_Party/FreeRTOS/Source/croutine.o
LOAD ./Middlewares/Third_Party/FreeRTOS/Source/event_groups.o
LOAD ./Middlewares/Third_Party/FreeRTOS/Source/list.o
LOAD ./Middlewares/Third_Party/FreeRTOS/Source/queue.o
LOAD ./Middlewares/Third_Party/FreeRTOS/Source/stream_buffer.o
LOAD ./Middlewares/Third_Party/FreeRTOS/Source/tasks.o
LOAD ./Middlewares/Third_Party/FreeRTOS/Source/timers.o
LOAD ./Middlewares/Third_Party/FreeRTOS/Source/portable/GCC/ARM_CM4F/port.o
LOAD ./Middlewares/Third_Party/FreeRTOS/Source/portable/MemMang/heap_4.o
START GROUP
LOAD /Applications/STM32CubeIDE.app/Contents/Eclipse/plugins/com.st.stm32cube.ide.mcu.externaltools.gnu-tools-for-stm32.11.3.rel1.macos64_1.1.100.202310310803/tools/bin/../lib/gcc/arm-none-eabi/11.3.1/../../../../arm-none-eabi/lib/thumb/v7e-m+fp/hard/libstdc++_nano.a
LOAD /Applications/STM32CubeIDE.app/Contents/Eclipse/plugins/com.st.stm32cube.ide.mcu.externaltools.gnu-tools-for-stm32.11.3.rel1.macos64_1.1.100.202310310803/tools/bin/../lib/gcc/arm-none-eabi/11.3.1/../../../../arm-none-eabi/lib/thumb/v7e-m+fp/hard/libsupc++_nano.a
END GROUP
LOAD /Applications/STM32CubeIDE.app/Contents/Eclipse/plugins/com.st.stm32cube.ide.mcu.externaltools.gnu-tools-for-stm32.11.3.rel1.macos64_1.1.100.202310310803/tools/bin/../lib/gcc/arm-none-eabi/11.3.1/../../../../arm-none-eabi/lib/thumb/v7e-m+fp/hard/libstdc++_nano.a
LOAD /Applications/STM32CubeIDE.app/Contents/Eclipse/plugins/com.st.stm32cube.ide.mcu.externaltools.gnu-tools-for-stm32.11.3.rel1.macos64_1.1.100.202310310803/tools/bin/../lib/gcc/arm-none-eabi/11.3.1/../../../../arm-none-eabi/lib/thumb/v7e-m+fp/hard/libm.a
LOAD /Applications/STM32CubeIDE.app/Contents/Eclipse/plugins/com.st.stm32cube.ide.mcu.externaltools.gnu-tools-for-stm32.11.3.rel1.macos64_1.1.100.202310310803/tools/bin/../lib/gcc/arm-none-eabi/11.3.1/../../../../arm-none-eabi/lib/thumb/v7e-m+fp/hard/libc_nano.a
START GROUP
LOAD /Applications/STM32CubeIDE.app/Contents/Eclipse/plugins/com.st.stm32cube.ide.mcu.externaltools.gnu-tools-for-stm32.11.3.rel1.macos64_1.1.100.202310310803/tools/bin/../lib/gcc/arm-none-eabi/11.3.1/thumb/v7e-m+fp/hard/libgcc.a
LOAD /Applications/STM32CubeIDE.app/Contents/Eclipse/plugins/com.st.stm32cube.ide.mcu.externaltools.gnu-tools-for-stm32.11.3.rel1.macos64_1.1.100.202310310803/tools/bin/../lib/gcc/arm-none-eabi/11.3.1/../../../../arm-none-eabi/lib/thumb/v7e-m+fp/hard/libc_nano.a
END GROUP
START GROUP
LOAD /Applications/STM32CubeIDE.app/Contents/Eclipse/plugins/com.st.stm32cube.ide.mcu.externaltools.gnu-tools-for-stm32.11.3.rel1.macos64_1.1.100.202310310803/tools/bin/../lib/gcc/arm-none-eabi/11.3.1/thumb/v7e-m+fp/hard/libgcc.a
LOAD /Applications/STM32CubeIDE.app/Contents/Eclipse/plugins/com.st.stm32cube.ide.mcu.externaltools.gnu-tools-for-stm32.11.3.rel1.macos64_1.1.100.202310310803/tools/bin/../lib/gcc/arm-none-eabi/11.3.1/../../../../arm-none-eabi/lib/thumb/v7e-m+fp/hard/libc_nano.a
END GROUP
LOAD /Applications/STM32CubeIDE.app/Contents/Eclipse/plugins/com.st.stm32cube.ide.mcu.externaltools.gnu-tools-for-stm32.11.3.rel1.macos64_1.1.100.202310310803/tools/bin/../lib/gcc/arm-none-eabi/11.3.1/thumb/v7e-m+fp/hard/crtend.o
LOAD /Applications/STM32CubeIDE.app/Contents/Eclipse/plugins/com.st.stm32cube.ide.mcu.externaltools.gnu-tools-for-stm32.11.3.rel1.macos64_1.1.100.202310310803/tools/bin/../lib/gcc/arm-none-eabi/11.3.1/thumb/v7e-m+fp/hard/crtn.o
                0x0000000020020000                _estack = (ORIGIN (RAM) + LENGTH (RAM))
                0x0000000000000200                _Min_Heap_Size = 0x200
                0x0000000000000400                _Min_Stack_Size = 0x400

.isr_vector     0x0000000008000000      0x1c4
                0x0000000008000000                . = ALIGN (0x4)
 *(.isr_vector)
 .isr_vector    0x0000000008000000      0x1c4 ./Core/Startup/startup_stm32f446retx.o
                0x0000000008000000                g_pfnVectors
                0x00000000080001c4                . = ALIGN (0x4)

.text           0x00000000080001d0     0xe1cc
                0x00000000080001d0                . = ALIGN (0x4)
 *(.text)
 .text          0x00000000080001d0       0x40 /Applications/STM32CubeIDE.app/Contents/Eclipse/plugins/com.st.stm32cube.ide.mcu.externaltools.gnu-tools-for-stm32.11.3.rel1.macos64_1.1.100.202310310803/tools/bin/../lib/gcc/arm-none-eabi/11.3.1/thumb/v7e-m+fp/hard/crtbegin.o
 .text          0x0000000008000210       0x10 /Applications/STM32CubeIDE.app/Contents/Eclipse/plugins/com.st.stm32cube.ide.mcu.externaltools.gnu-tools-for-stm32.11.3.rel1.macos64_1.1.100.202310310803/tools/bin/../lib/gcc/arm-none-eabi/11.3.1/../../../../arm-none-eabi/lib/thumb/v7e-m+fp/hard/libc_nano.a(libc_a-strlen.o)
                0x0000000008000210                strlen
 .text          0x0000000008000220      0x378 /Applications/STM32CubeIDE.app/Contents/Eclipse/plugins/com.st.stm32cube.ide.mcu.externaltools.gnu-tools-for-stm32.11.3.rel1.macos64_1.1.100.202310310803/tools/bin/../lib/gcc/arm-none-eabi/11.3.1/thumb/v7e-m+fp/hard/libgcc.a(_arm_addsubdf3.o)
                0x0000000008000220                __aeabi_drsub
                0x0000000008000228                __subdf3
                0x0000000008000228                __aeabi_dsub
                0x000000000800022c                __aeabi_dadd
                0x000000000800022c                __adddf3
                0x00000000080004a4                __aeabi_ui2d
                0x00000000080004a4                __floatunsidf
                0x00000000080004c4                __floatsidf
                0x00000000080004c4                __aeabi_i2d
                0x00000000080004e8                __extendsfdf2
                0x00000000080004e8                __aeabi_f2d
                0x000000000800052c                __aeabi_ul2d
                0x000000000800052c                __floatundidf
                0x000000000800053c                __aeabi_l2d
                0x000000000800053c                __floatdidf
 .text          0x0000000008000598      0x424 /Applications/STM32CubeIDE.app/Contents/Eclipse/plugins/com.st.stm32cube.ide.mcu.externaltools.gnu-tools-for-stm32.11.3.rel1.macos64_1.1.100.202310310803/tools/bin/../lib/gcc/arm-none-eabi/11.3.1/thumb/v7e-m+fp/hard/libgcc.a(_arm_muldivdf3.o)
                0x0000000008000598                __aeabi_dmul
                0x0000000008000598                __muldf3
                0x00000000080007ec                __aeabi_ddiv
                0x00000000080007ec                __divdf3
 .text          0x00000000080009bc      0x110 /Applications/STM32CubeIDE.app/Contents/Eclipse/plugins/com.st.stm32cube.ide.mcu.externaltools.gnu-tools-for-stm32.11.3.rel1.macos64_1.1.100.202310310803/tools/bin/../lib/gcc/arm-none-eabi/11.3.1/thumb/v7e-m+fp/hard/libgcc.a(_arm_cmpdf2.o)
                0x00000000080009bc                __gedf2
                0x00000000080009bc                __gtdf2
                0x00000000080009c4                __ledf2
                0x00000000080009c4                __ltdf2
                0x00000000080009cc                __cmpdf2
                0x00000000080009cc                __eqdf2
                0x00000000080009cc                __nedf2
                0x0000000008000a48                __aeabi_cdrcmple
                0x0000000008000a58                __aeabi_cdcmple
                0x0000000008000a58                __aeabi_cdcmpeq
                0x0000000008000a68                __aeabi_dcmpeq
                0x0000000008000a7c                __aeabi_dcmplt
                0x0000000008000a90                __aeabi_dcmple
                0x0000000008000aa4                __aeabi_dcmpge
                0x0000000008000ab8                __aeabi_dcmpgt
 .text          0x0000000008000acc       0x2c /Applications/STM32CubeIDE.app/Contents/Eclipse/plugins/com.st.stm32cube.ide.mcu.externaltools.gnu-tools-for-stm32.11.3.rel1.macos64_1.1.100.202310310803/tools/bin/../lib/gcc/arm-none-eabi/11.3.1/thumb/v7e-m+fp/hard/libgcc.a(_arm_unorddf2.o)
                0x0000000008000acc                __aeabi_dcmpun
                0x0000000008000acc                __unorddf2
 .text          0x0000000008000af8       0x50 /Applications/STM32CubeIDE.app/Contents/Eclipse/plugins/com.st.stm32cube.ide.mcu.externaltools.gnu-tools-for-stm32.11.3.rel1.macos64_1.1.100.202310310803/tools/bin/../lib/gcc/arm-none-eabi/11.3.1/thumb/v7e-m+fp/hard/libgcc.a(_arm_fixdfsi.o)
                0x0000000008000af8                __fixdfsi
                0x0000000008000af8                __aeabi_d2iz
 .text          0x0000000008000b48       0x30 /Applications/STM32CubeIDE.app/Contents/Eclipse/plugins/com.st.stm32cube.ide.mcu.externaltools.gnu-tools-for-stm32.11.3.rel1.macos64_1.1.100.202310310803/tools/bin/../lib/gcc/arm-none-eabi/11.3.1/thumb/v7e-m+fp/hard/libgcc.a(_aeabi_uldivmod.o)
                0x0000000008000b48                __aeabi_uldivmod
 .text          0x0000000008000b78      0x2c8 /Applications/STM32CubeIDE.app/Contents/Eclipse/plugins/com.st.stm32cube.ide.mcu.externaltools.gnu-tools-for-stm32.11.3.rel1.macos64_1.1.100.202310310803/tools/bin/../lib/gcc/arm-none-eabi/11.3.1/thumb/v7e-m+fp/hard/libgcc.a(_udivmoddi4.o)
                0x0000000008000b78                __udivmoddi4
 .text          0x0000000008000e40        0x4 /Applications/STM32CubeIDE.app/Contents/Eclipse/plugins/com.st.stm32cube.ide.mcu.externaltools.gnu-tools-for-stm32.11.3.rel1.macos64_1.1.100.202310310803/tools/bin/../lib/gcc/arm-none-eabi/11.3.1/thumb/v7e-m+fp/hard/libgcc.a(_dvmd_tls.o)
                0x0000000008000e40                __aeabi_ldiv0
                0x0000000008000e40                __aeabi_idiv0
 *(.text*)
 .text.vApplicationGetIdleTaskMemory
                0x0000000008000e44       0x34 ./Core/Src/freertos.o
                0x0000000008000e44                vApplicationGetIdleTaskMemory
 .text._ZSt4fabsf
                0x0000000008000e78       0x20 ./Core/Src/main.o
                0x0000000008000e78                std::fabs(float)
 .text.main     0x0000000008000e98      0x154 ./Core/Src/main.o
                0x0000000008000e98                main
 .text._Z18SystemClock_Configv
                0x0000000008000fec       0xf0 ./Core/Src/main.o
                0x0000000008000fec                SystemClock_Config()
 .text._ZL12MX_CAN1_Initv
                0x00000000080010dc      0x13c ./Core/Src/main.o
 .text._ZL12MX_SPI2_Initv
                0x0000000008001218       0x78 ./Core/Src/main.o
 .text._ZL12MX_TIM3_Initv
                0x0000000008001290      0x114 ./Core/Src/main.o
 .text._ZL12MX_TIM4_Initv
                0x00000000080013a4      0x140 ./Core/Src/main.o
 .text._ZL12MX_TIM5_Initv
                0x00000000080014e4       0xbc ./Core/Src/main.o
 .text._ZL12MX_TIM8_Initv
                0x00000000080015a0      0x1a0 ./Core/Src/main.o
 .text._ZL13MX_UART4_Initv
                0x0000000008001740       0x5c ./Core/Src/main.o
 .text._ZL19MX_USART2_UART_Initv
                0x000000000800179c       0x5c ./Core/Src/main.o
 .text._ZL11MX_DMA_Initv
                0x00000000080017f8       0x70 ./Core/Src/main.o
 .text._ZL12MX_GPIO_Initv
                0x0000000008001868      0x180 ./Core/Src/main.o
 .text._Z7MotorUpv
                0x00000000080019e8       0x24 ./Core/Src/main.o
                0x00000000080019e8                MotorUp()
 .text._Z9MotorDownv
                0x0000000008001a0c       0x24 ./Core/Src/main.o
                0x0000000008001a0c                MotorDown()
 .text._Z9MotorStopv
                0x0000000008001a30       0x30 ./Core/Src/main.o
                0x0000000008001a30                MotorStop()
 .text._Z12calculatePIDv
                0x0000000008001a60      0x13c ./Core/Src/main.o
                0x0000000008001a60                calculatePID()
 .text._Z10motorspeedv
                0x0000000008001b9c       0xb8 ./Core/Src/main.o
                0x0000000008001b9c                motorspeed()
 .text.HAL_CAN_RxFifo0MsgPendingCallback
                0x0000000008001c54      0x1ac ./Core/Src/main.o
                0x0000000008001c54                HAL_CAN_RxFifo0MsgPendingCallback
 .text._Z12can_transmitP17CAN_HandleTypeDeftssss
                0x0000000008001e00       0xd4 ./Core/Src/main.o
                0x0000000008001e00                can_transmit(CAN_HandleTypeDef*, unsigned short, short, short, short, short)
 .text._Z10Wheel_taskPKv
                0x0000000008001ed4      0x318 ./Core/Src/main.o
                0x0000000008001ed4                Wheel_task(void const*)
 *fill*         0x00000000080021ec        0x4 
 .text._Z14task2_joystickPKv
                0x00000000080021f0      0xe08 ./Core/Src/main.o
                0x00000000080021f0                task2_joystick(void const*)
 .text._Z8DC_motorPKv
                0x0000000008002ff8      0x14c ./Core/Src/main.o
                0x0000000008002ff8                DC_motor(void const*)
 .text._Z10ColorcheckPKv
                0x0000000008003144      0x19c ./Core/Src/main.o
                0x0000000008003144                Colorcheck(void const*)
 .text._Z11StartTask05PKv
                0x00000000080032e0      0x1f8 ./Core/Src/main.o
                0x00000000080032e0                StartTask05(void const*)
 .text.HAL_TIM_PeriodElapsedCallback
                0x00000000080034d8       0x24 ./Core/Src/main.o
                0x00000000080034d8                HAL_TIM_PeriodElapsedCallback
 .text.Error_Handler
                0x00000000080034fc        0xa ./Core/Src/main.o
                0x00000000080034fc                Error_Handler
 .text._ZN3ros4TimeC2Ev
                0x0000000008003506       0x22 ./Core/Src/mainpp.o
                0x0000000008003506                ros::Time::Time()
                0x0000000008003506                ros::Time::Time()
 .text._ZN3ros3MsgC2Ev
                0x0000000008003528       0x20 ./Core/Src/mainpp.o
                0x0000000008003528                ros::Msg::Msg()
                0x0000000008003528                ros::Msg::Msg()
 .text._ZN8std_msgs4TimeC2Ev
                0x0000000008003548       0x30 ./Core/Src/mainpp.o
                0x0000000008003548                std_msgs::Time::Time()
                0x0000000008003548                std_msgs::Time::Time()
 .text._ZNK8std_msgs4Time9serializeEPh
                0x0000000008003578       0xb0 ./Core/Src/mainpp.o
                0x0000000008003578                std_msgs::Time::serialize(unsigned char*) const
 .text._ZN8std_msgs4Time11deserializeEPh
                0x0000000008003628       0xc8 ./Core/Src/mainpp.o
                0x0000000008003628                std_msgs::Time::deserialize(unsigned char*)
 .text._ZN8std_msgs4Time7getTypeEv
                0x00000000080036f0       0x1c ./Core/Src/mainpp.o
                0x00000000080036f0                std_msgs::Time::getType()
 .text._ZN8std_msgs4Time6getMD5Ev
                0x000000000800370c       0x1c ./Core/Src/mainpp.o
                0x000000000800370c                std_msgs::Time::getMD5()
 .text._ZN14rosserial_msgs9TopicInfoC2Ev
                0x0000000008003728       0x48 ./Core/Src/mainpp.o
                0x0000000008003728                rosserial_msgs::TopicInfo::TopicInfo()
                0x0000000008003728                rosserial_msgs::TopicInfo::TopicInfo()
 .text._ZNK14rosserial_msgs9TopicInfo9serializeEPh
                0x0000000008003770      0x136 ./Core/Src/mainpp.o
                0x0000000008003770                rosserial_msgs::TopicInfo::serialize(unsigned char*) const
 .text._ZN14rosserial_msgs9TopicInfo11deserializeEPh
                0x00000000080038a6      0x1d0 ./Core/Src/mainpp.o
                0x00000000080038a6                rosserial_msgs::TopicInfo::deserialize(unsigned char*)
 *fill*         0x0000000008003a76        0x2 
 .text._ZN14rosserial_msgs9TopicInfo7getTypeEv
                0x0000000008003a78       0x1c ./Core/Src/mainpp.o
                0x0000000008003a78                rosserial_msgs::TopicInfo::getType()
 .text._ZN14rosserial_msgs9TopicInfo6getMD5Ev
                0x0000000008003a94       0x1c ./Core/Src/mainpp.o
                0x0000000008003a94                rosserial_msgs::TopicInfo::getMD5()
 .text._ZN14rosserial_msgs3LogC2Ev
                0x0000000008003ab0       0x34 ./Core/Src/mainpp.o
                0x0000000008003ab0                rosserial_msgs::Log::Log()
                0x0000000008003ab0                rosserial_msgs::Log::Log()
 .text._ZNK14rosserial_msgs3Log9serializeEPh
                0x0000000008003ae4       0x64 ./Core/Src/mainpp.o
                0x0000000008003ae4                rosserial_msgs::Log::serialize(unsigned char*) const
 .text._ZN14rosserial_msgs3Log11deserializeEPh
                0x0000000008003b48       0x90 ./Core/Src/mainpp.o
                0x0000000008003b48                rosserial_msgs::Log::deserialize(unsigned char*)
 .text._ZN14rosserial_msgs3Log7getTypeEv
                0x0000000008003bd8       0x1c ./Core/Src/mainpp.o
                0x0000000008003bd8                rosserial_msgs::Log::getType()
 .text._ZN14rosserial_msgs3Log6getMD5Ev
                0x0000000008003bf4       0x1c ./Core/Src/mainpp.o
                0x0000000008003bf4                rosserial_msgs::Log::getMD5()
 .text._ZN14rosserial_msgs20RequestParamResponseC2Ev
                0x0000000008003c10       0x5c ./Core/Src/mainpp.o
                0x0000000008003c10                rosserial_msgs::RequestParamResponse::RequestParamResponse()
                0x0000000008003c10                rosserial_msgs::RequestParamResponse::RequestParamResponse()
 .text._ZNK14rosserial_msgs20RequestParamResponse9serializeEPh
                0x0000000008003c6c      0x222 ./Core/Src/mainpp.o
                0x0000000008003c6c                rosserial_msgs::RequestParamResponse::serialize(unsigned char*) const
 .text._ZN14rosserial_msgs20RequestParamResponse11deserializeEPh
                0x0000000008003e8e      0x2e2 ./Core/Src/mainpp.o
                0x0000000008003e8e                rosserial_msgs::RequestParamResponse::deserialize(unsigned char*)
 .text._ZN14rosserial_msgs20RequestParamResponse7getTypeEv
                0x0000000008004170       0x1c ./Core/Src/mainpp.o
                0x0000000008004170                rosserial_msgs::RequestParamResponse::getType()
 .text._ZN14rosserial_msgs20RequestParamResponse6getMD5Ev
                0x000000000800418c       0x1c ./Core/Src/mainpp.o
                0x000000000800418c                rosserial_msgs::RequestParamResponse::getMD5()
 .text._ZN3ros9PublisherC2EPKcPNS_3MsgEi
                0x00000000080041a8       0x2e ./Core/Src/mainpp.o
                0x00000000080041a8                ros::Publisher::Publisher(char const*, ros::Msg*, int)
                0x00000000080041a8                ros::Publisher::Publisher(char const*, ros::Msg*, int)
 .text._ZN3ros9Publisher7publishEPKNS_3MsgE
                0x00000000080041d6       0x28 ./Core/Src/mainpp.o
                0x00000000080041d6                ros::Publisher::publish(ros::Msg const*)
 .text._ZN3ros9Publisher15getEndpointTypeEv
                0x00000000080041fe       0x18 ./Core/Src/mainpp.o
                0x00000000080041fe                ros::Publisher::getEndpointType()
 .text._ZN11SerialClassC2ER20__UART_HandleTypeDef
                0x0000000008004216       0x4c ./Core/Src/mainpp.o
                0x0000000008004216                SerialClass::SerialClass(__UART_HandleTypeDef&)
                0x0000000008004216                SerialClass::SerialClass(__UART_HandleTypeDef&)
 .text._ZN11SerialClass10get_handleEv
                0x0000000008004262       0x1c ./Core/Src/mainpp.o
                0x0000000008004262                SerialClass::get_handle()
 .text._ZN11SerialClass9start_dmaEv
                0x000000000800427e       0x3c ./Core/Src/mainpp.o
                0x000000000800427e                SerialClass::start_dma()
 .text._ZN11SerialClass4readEv
                0x00000000080042ba       0x7c ./Core/Src/mainpp.o
                0x00000000080042ba                SerialClass::read()
 .text._ZN11SerialClass5writeEPKhi
                0x0000000008004336       0x88 ./Core/Src/mainpp.o
                0x0000000008004336                SerialClass::write(unsigned char const*, int)
 .text._ZN11SerialClass16tx_cplt_callbackEv
                0x00000000080043be       0x1e ./Core/Src/mainpp.o
                0x00000000080043be                SerialClass::tx_cplt_callback()
 .text._ZN11SerialClass10reset_rbufEv
                0x00000000080043dc       0x28 ./Core/Src/mainpp.o
                0x00000000080043dc                SerialClass::reset_rbuf()
 .text.HAL_UART_TxCpltCallback
                0x0000000008004404       0x38 ./Core/Src/mainpp.o
                0x0000000008004404                HAL_UART_TxCpltCallback
 .text.HAL_UART_RxCpltCallback
                0x000000000800443c       0x1c ./Core/Src/mainpp.o
                0x000000000800443c                HAL_UART_RxCpltCallback
 .text._ZN13STM32HardwareC2Ev
                0x0000000008004458       0x20 ./Core/Src/mainpp.o
                0x0000000008004458                STM32Hardware::STM32Hardware()
                0x0000000008004458                STM32Hardware::STM32Hardware()
 .text._ZN13STM32Hardware4initEv
                0x0000000008004478       0x1a ./Core/Src/mainpp.o
                0x0000000008004478                STM32Hardware::init()
 .text._ZN13STM32Hardware4readEv
                0x0000000008004492       0x1c ./Core/Src/mainpp.o
                0x0000000008004492                STM32Hardware::read()
 .text._ZN13STM32Hardware5writeEPhi
                0x00000000080044ae       0x22 ./Core/Src/mainpp.o
                0x00000000080044ae                STM32Hardware::write(unsigned char*, int)
 .text._ZN13STM32Hardware4timeEv
                0x00000000080044d0       0x16 ./Core/Src/mainpp.o
                0x00000000080044d0                STM32Hardware::time()
 *fill*         0x00000000080044e6        0x2 
 .text._ZN8std_msgs6StringC2Ev
                0x00000000080044e8       0x30 ./Core/Src/mainpp.o
                0x00000000080044e8                std_msgs::String::String()
                0x00000000080044e8                std_msgs::String::String()
 .text._ZNK8std_msgs6String9serializeEPh
                0x0000000008004518       0x52 ./Core/Src/mainpp.o
                0x0000000008004518                std_msgs::String::serialize(unsigned char*) const
 .text._ZN8std_msgs6String11deserializeEPh
                0x000000000800456a       0x7e ./Core/Src/mainpp.o
                0x000000000800456a                std_msgs::String::deserialize(unsigned char*)
 .text._ZN8std_msgs6String7getTypeEv
                0x00000000080045e8       0x1c ./Core/Src/mainpp.o
                0x00000000080045e8                std_msgs::String::getType()
 .text._ZN8std_msgs6String6getMD5Ev
                0x0000000008004604       0x1c ./Core/Src/mainpp.o
                0x0000000008004604                std_msgs::String::getMD5()
 .text._ZN3ros15NodeHandleBase_C2Ev
                0x0000000008004620       0x20 ./Core/Src/mainpp.o
                0x0000000008004620                ros::NodeHandleBase_::NodeHandleBase_()
                0x0000000008004620                ros::NodeHandleBase_::NodeHandleBase_()
 .text._ZN3ros11NodeHandle_I13STM32HardwareLi25ELi25ELi512ELi512EEC2Ev
                0x0000000008004640       0xe4 ./Core/Src/mainpp.o
                0x0000000008004640                ros::NodeHandle_<STM32Hardware, 25, 25, 512, 512>::NodeHandle_()
                0x0000000008004640                ros::NodeHandle_<STM32Hardware, 25, 25, 512, 512>::NodeHandle_()
 .text.setup    0x0000000008004724       0x20 ./Core/Src/mainpp.o
                0x0000000008004724                setup
 .text.loop     0x0000000008004744       0x2c ./Core/Src/mainpp.o
                0x0000000008004744                loop
 .text._ZN3ros3Msg8varToArrIPhmEEvT_T0_
                0x0000000008004770       0x3e ./Core/Src/mainpp.o
                0x0000000008004770                void ros::Msg::varToArr<unsigned char*, unsigned long>(unsigned char*, unsigned long)
 .text._ZN3ros3Msg8arrToVarImPhEEvRT_T0_
                0x00000000080047ae       0x4c ./Core/Src/mainpp.o
                0x00000000080047ae                void ros::Msg::arrToVar<unsigned long, unsigned char*>(unsigned long&, unsigned char*)
 .text._ZN3ros11NodeHandle_I13STM32HardwareLi25ELi25ELi512ELi512EE8initNodeEv
                0x00000000080047fa       0x3a ./Core/Src/mainpp.o
                0x00000000080047fa                ros::NodeHandle_<STM32Hardware, 25, 25, 512, 512>::initNode()
 .text._ZN3ros11NodeHandle_I13STM32HardwareLi25ELi25ELi512ELi512EE9advertiseERNS_9PublisherE
                0x0000000008004834       0x5c ./Core/Src/mainpp.o
                0x0000000008004834                ros::NodeHandle_<STM32Hardware, 25, 25, 512, 512>::advertise(ros::Publisher&)
 .text._ZN3ros11NodeHandle_I13STM32HardwareLi25ELi25ELi512ELi512EE8spinOnceEv
                0x0000000008004890      0x3a6 ./Core/Src/mainpp.o
                0x0000000008004890                ros::NodeHandle_<STM32Hardware, 25, 25, 512, 512>::spinOnce()
 .text._ZN3ros11NodeHandle_I13STM32HardwareLi25ELi25ELi512ELi512EE15requestSyncTimeEv
                0x0000000008004c36       0x3a ./Core/Src/mainpp.o
                0x0000000008004c36                ros::NodeHandle_<STM32Hardware, 25, 25, 512, 512>::requestSyncTime()
 .text._ZN3ros11NodeHandle_I13STM32HardwareLi25ELi25ELi512ELi512EE15negotiateTopicsEv
                0x0000000008004c70      0x1c0 ./Core/Src/mainpp.o
                0x0000000008004c70                ros::NodeHandle_<STM32Hardware, 25, 25, 512, 512>::negotiateTopics()
 .text._ZN3ros11NodeHandle_I13STM32HardwareLi25ELi25ELi512ELi512EE8syncTimeEPh
                0x0000000008004e30       0x94 ./Core/Src/mainpp.o
                0x0000000008004e30                ros::NodeHandle_<STM32Hardware, 25, 25, 512, 512>::syncTime(unsigned char*)
 .text._ZN3ros11NodeHandle_I13STM32HardwareLi25ELi25ELi512ELi512EE7publishEiPKNS_3MsgE
                0x0000000008004ec4      0x128 ./Core/Src/mainpp.o
                0x0000000008004ec4                ros::NodeHandle_<STM32Hardware, 25, 25, 512, 512>::publish(int, ros::Msg const*)
 .text._ZN3ros11NodeHandle_I13STM32HardwareLi25ELi25ELi512ELi512EE6setNowERKNS_4TimeE
                0x0000000008004fec       0x7c ./Core/Src/mainpp.o
                0x0000000008004fec                ros::NodeHandle_<STM32Hardware, 25, 25, 512, 512>::setNow(ros::Time const&)
 .text._ZN3ros11NodeHandle_I13STM32HardwareLi25ELi25ELi512ELi512EE8logerrorEPKc
                0x0000000008005068       0x1c ./Core/Src/mainpp.o
                0x0000000008005068                ros::NodeHandle_<STM32Hardware, 25, 25, 512, 512>::logerror(char const*)
 .text._ZN3ros11NodeHandle_I13STM32HardwareLi25ELi25ELi512ELi512EE3logEcPKc
                0x0000000008005084       0x38 ./Core/Src/mainpp.o
                0x0000000008005084                ros::NodeHandle_<STM32Hardware, 25, 25, 512, 512>::log(char, char const*)
 .text._Z41__static_initialization_and_destruction_0ii
                0x00000000080050bc       0x5c ./Core/Src/mainpp.o
 .text._ZN3ros11NodeHandle_I13STM32HardwareLi25ELi25ELi512ELi512EE9connectedEv
                0x0000000008005118       0x1a ./Core/Src/mainpp.o
                0x0000000008005118                ros::NodeHandle_<STM32Hardware, 25, 25, 512, 512>::connected()
 .text._GLOBAL__sub_I_serial
                0x0000000008005132       0x10 ./Core/Src/mainpp.o
 *fill*         0x0000000008005142        0x2 
 .text.HAL_MspInit
                0x0000000008005144       0x58 ./Core/Src/stm32f4xx_hal_msp.o
                0x0000000008005144                HAL_MspInit
 .text.HAL_CAN_MspInit
                0x000000000800519c       0xa0 ./Core/Src/stm32f4xx_hal_msp.o
                0x000000000800519c                HAL_CAN_MspInit
 .text.HAL_SPI_MspInit
                0x000000000800523c       0xb4 ./Core/Src/stm32f4xx_hal_msp.o
                0x000000000800523c                HAL_SPI_MspInit
 .text.HAL_TIM_Base_MspInit
                0x00000000080052f0       0xe8 ./Core/Src/stm32f4xx_hal_msp.o
                0x00000000080052f0                HAL_TIM_Base_MspInit
 .text.HAL_TIM_Encoder_MspInit
                0x00000000080053d8       0x90 ./Core/Src/stm32f4xx_hal_msp.o
                0x00000000080053d8                HAL_TIM_Encoder_MspInit
 .text.HAL_TIM_MspPostInit
                0x0000000008005468       0xc4 ./Core/Src/stm32f4xx_hal_msp.o
                0x0000000008005468                HAL_TIM_MspPostInit
 .text.HAL_UART_MspInit
                0x000000000800552c      0x2bc ./Core/Src/stm32f4xx_hal_msp.o
                0x000000000800552c                HAL_UART_MspInit
 .text.HAL_InitTick
                0x00000000080057e8       0xe8 ./Core/Src/stm32f4xx_hal_timebase_tim.o
                0x00000000080057e8                HAL_InitTick
 .text.NMI_Handler
                0x00000000080058d0        0x6 ./Core/Src/stm32f4xx_it.o
                0x00000000080058d0                NMI_Handler
 .text.HardFault_Handler
                0x00000000080058d6        0x6 ./Core/Src/stm32f4xx_it.o
                0x00000000080058d6                HardFault_Handler
 .text.MemManage_Handler
                0x00000000080058dc        0x6 ./Core/Src/stm32f4xx_it.o
                0x00000000080058dc                MemManage_Handler
 .text.BusFault_Handler
                0x00000000080058e2        0x6 ./Core/Src/stm32f4xx_it.o
                0x00000000080058e2                BusFault_Handler
 .text.UsageFault_Handler
                0x00000000080058e8        0x6 ./Core/Src/stm32f4xx_it.o
                0x00000000080058e8                UsageFault_Handler
 .text.DebugMon_Handler
                0x00000000080058ee        0xe ./Core/Src/stm32f4xx_it.o
                0x00000000080058ee                DebugMon_Handler
 .text.DMA1_Stream2_IRQHandler
                0x00000000080058fc       0x14 ./Core/Src/stm32f4xx_it.o
                0x00000000080058fc                DMA1_Stream2_IRQHandler
 .text.DMA1_Stream4_IRQHandler
                0x0000000008005910       0x14 ./Core/Src/stm32f4xx_it.o
                0x0000000008005910                DMA1_Stream4_IRQHandler
 .text.DMA1_Stream5_IRQHandler
                0x0000000008005924       0x14 ./Core/Src/stm32f4xx_it.o
                0x0000000008005924                DMA1_Stream5_IRQHandler
 .text.DMA1_Stream6_IRQHandler
                0x0000000008005938       0x14 ./Core/Src/stm32f4xx_it.o
                0x0000000008005938                DMA1_Stream6_IRQHandler
 .text.CAN1_RX0_IRQHandler
                0x000000000800594c       0x14 ./Core/Src/stm32f4xx_it.o
                0x000000000800594c                CAN1_RX0_IRQHandler
 .text.TIM1_UP_TIM10_IRQHandler
                0x0000000008005960       0x14 ./Core/Src/stm32f4xx_it.o
                0x0000000008005960                TIM1_UP_TIM10_IRQHandler
 .text.USART2_IRQHandler
                0x0000000008005974       0x14 ./Core/Src/stm32f4xx_it.o
                0x0000000008005974                USART2_IRQHandler
 .text.UART4_IRQHandler
                0x0000000008005988       0x14 ./Core/Src/stm32f4xx_it.o
                0x0000000008005988                UART4_IRQHandler
 .text._sbrk    0x000000000800599c       0x6c ./Core/Src/sysmem.o
                0x000000000800599c                _sbrk
 .text.SystemInit
                0x0000000008005a08       0x24 ./Core/Src/system_stm32f4xx.o
                0x0000000008005a08                SystemInit
 .text._ZN3ros16normalizeSecNSecERmS0_
                0x0000000008005a2c       0x58 ./Core/Src/time.o
                0x0000000008005a2c                ros::normalizeSecNSec(unsigned long&, unsigned long&)
 .text.Reset_Handler
                0x0000000008005a84       0x50 ./Core/Startup/startup_stm32f446retx.o
                0x0000000008005a84                Reset_Handler
 .text.Default_Handler
                0x0000000008005ad4        0x2 ./Core/Startup/startup_stm32f446retx.o
                0x0000000008005ad4                DMA1_Stream3_IRQHandler
                0x0000000008005ad4                EXTI2_IRQHandler
                0x0000000008005ad4                TIM8_CC_IRQHandler
                0x0000000008005ad4                FMPI2C1_EV_IRQHandler
                0x0000000008005ad4                SPI4_IRQHandler
                0x0000000008005ad4                TIM1_CC_IRQHandler
                0x0000000008005ad4                DMA2_Stream5_IRQHandler
                0x0000000008005ad4                PVD_IRQHandler
                0x0000000008005ad4                SDIO_IRQHandler
                0x0000000008005ad4                TAMP_STAMP_IRQHandler
                0x0000000008005ad4                CAN2_RX1_IRQHandler
                0x0000000008005ad4                EXTI3_IRQHandler
                0x0000000008005ad4                TIM8_TRG_COM_TIM14_IRQHandler
                0x0000000008005ad4                TIM8_UP_TIM13_IRQHandler
                0x0000000008005ad4                I2C3_ER_IRQHandler
                0x0000000008005ad4                EXTI0_IRQHandler
                0x0000000008005ad4                I2C2_EV_IRQHandler
                0x0000000008005ad4                FPU_IRQHandler
                0x0000000008005ad4                OTG_HS_WKUP_IRQHandler
                0x0000000008005ad4                CAN2_SCE_IRQHandler
                0x0000000008005ad4                DMA2_Stream2_IRQHandler
                0x0000000008005ad4                SPI1_IRQHandler
                0x0000000008005ad4                TIM6_DAC_IRQHandler
                0x0000000008005ad4                TIM1_BRK_TIM9_IRQHandler
                0x0000000008005ad4                DCMI_IRQHandler
                0x0000000008005ad4                CAN2_RX0_IRQHandler
                0x0000000008005ad4                DMA2_Stream3_IRQHandler
                0x0000000008005ad4                SAI2_IRQHandler
                0x0000000008005ad4                USART6_IRQHandler
                0x0000000008005ad4                USART3_IRQHandler
                0x0000000008005ad4                CAN1_RX1_IRQHandler
                0x0000000008005ad4                UART5_IRQHandler
                0x0000000008005ad4                DMA2_Stream0_IRQHandler
                0x0000000008005ad4                TIM4_IRQHandler
                0x0000000008005ad4                QUADSPI_IRQHandler
                0x0000000008005ad4                I2C1_EV_IRQHandler
                0x0000000008005ad4                DMA1_Stream1_IRQHandler
                0x0000000008005ad4                TIM3_IRQHandler
                0x0000000008005ad4                RCC_IRQHandler
                0x0000000008005ad4                TIM8_BRK_TIM12_IRQHandler
                0x0000000008005ad4                Default_Handler
                0x0000000008005ad4                CEC_IRQHandler
                0x0000000008005ad4                EXTI15_10_IRQHandler
                0x0000000008005ad4                ADC_IRQHandler
                0x0000000008005ad4                DMA1_Stream7_IRQHandler
                0x0000000008005ad4                TIM7_IRQHandler
                0x0000000008005ad4                CAN2_TX_IRQHandler
                0x0000000008005ad4                TIM5_IRQHandler
                0x0000000008005ad4                DMA2_Stream7_IRQHandler
                0x0000000008005ad4                I2C3_EV_IRQHandler
                0x0000000008005ad4                EXTI9_5_IRQHandler
                0x0000000008005ad4                RTC_WKUP_IRQHandler
                0x0000000008005ad4                SPDIF_RX_IRQHandler
                0x0000000008005ad4                SPI2_IRQHandler
                0x0000000008005ad4                OTG_HS_EP1_IN_IRQHandler
                0x0000000008005ad4                DMA1_Stream0_IRQHandler
                0x0000000008005ad4                CAN1_TX_IRQHandler
                0x0000000008005ad4                FMPI2C1_ER_IRQHandler
                0x0000000008005ad4                EXTI4_IRQHandler
                0x0000000008005ad4                OTG_HS_EP1_OUT_IRQHandler
                0x0000000008005ad4                WWDG_IRQHandler
                0x0000000008005ad4                TIM2_IRQHandler
                0x0000000008005ad4                OTG_FS_WKUP_IRQHandler
                0x0000000008005ad4                TIM1_TRG_COM_TIM11_IRQHandler
                0x0000000008005ad4                OTG_HS_IRQHandler
                0x0000000008005ad4                EXTI1_IRQHandler
                0x0000000008005ad4                I2C2_ER_IRQHandler
                0x0000000008005ad4                DMA2_Stream1_IRQHandler
                0x0000000008005ad4                CAN1_SCE_IRQHandler
                0x0000000008005ad4                FLASH_IRQHandler
                0x0000000008005ad4                DMA2_Stream4_IRQHandler
                0x0000000008005ad4                USART1_IRQHandler
                0x0000000008005ad4                OTG_FS_IRQHandler
                0x0000000008005ad4                SPI3_IRQHandler
                0x0000000008005ad4                I2C1_ER_IRQHandler
                0x0000000008005ad4                FMC_IRQHandler
                0x0000000008005ad4                DMA2_Stream6_IRQHandler
                0x0000000008005ad4                SAI1_IRQHandler
                0x0000000008005ad4                RTC_Alarm_IRQHandler
 *fill*         0x0000000008005ad6        0x2 
 .text.HAL_Init
                0x0000000008005ad8       0x44 ./Drivers/STM32F4xx_HAL_Driver/Src/stm32f4xx_hal.o
                0x0000000008005ad8                HAL_Init
 .text.HAL_IncTick
                0x0000000008005b1c       0x28 ./Drivers/STM32F4xx_HAL_Driver/Src/stm32f4xx_hal.o
                0x0000000008005b1c                HAL_IncTick
 .text.HAL_GetTick
                0x0000000008005b44       0x18 ./Drivers/STM32F4xx_HAL_Driver/Src/stm32f4xx_hal.o
                0x0000000008005b44                HAL_GetTick
 .text.HAL_Delay
                0x0000000008005b5c       0x48 ./Drivers/STM32F4xx_HAL_Driver/Src/stm32f4xx_hal.o
                0x0000000008005b5c                HAL_Delay
 .text.HAL_CAN_Init
                0x0000000008005ba4      0x1f6 ./Drivers/STM32F4xx_HAL_Driver/Src/stm32f4xx_hal_can.o
                0x0000000008005ba4                HAL_CAN_Init
 *fill*         0x0000000008005d9a        0x2 
 .text.HAL_CAN_ConfigFilter
                0x0000000008005d9c      0x1c0 ./Drivers/STM32F4xx_HAL_Driver/Src/stm32f4xx_hal_can.o
                0x0000000008005d9c                HAL_CAN_ConfigFilter
 .text.HAL_CAN_Start
                0x0000000008005f5c       0x88 ./Drivers/STM32F4xx_HAL_Driver/Src/stm32f4xx_hal_can.o
                0x0000000008005f5c                HAL_CAN_Start
 .text.HAL_CAN_AddTxMessage
                0x0000000008005fe4      0x1a0 ./Drivers/STM32F4xx_HAL_Driver/Src/stm32f4xx_hal_can.o
                0x0000000008005fe4                HAL_CAN_AddTxMessage
 .text.HAL_CAN_IsTxMessagePending
                0x0000000008006184       0x48 ./Drivers/STM32F4xx_HAL_Driver/Src/stm32f4xx_hal_can.o
                0x0000000008006184                HAL_CAN_IsTxMessagePending
 .text.HAL_CAN_GetRxMessage
                0x00000000080061cc      0x244 ./Drivers/STM32F4xx_HAL_Driver/Src/stm32f4xx_hal_can.o
                0x00000000080061cc                HAL_CAN_GetRxMessage
 .text.HAL_CAN_ActivateNotification
                0x0000000008006410       0x4c ./Drivers/STM32F4xx_HAL_Driver/Src/stm32f4xx_hal_can.o
                0x0000000008006410                HAL_CAN_ActivateNotification
 .text.HAL_CAN_IRQHandler
                0x000000000800645c      0x36e ./Drivers/STM32F4xx_HAL_Driver/Src/stm32f4xx_hal_can.o
                0x000000000800645c                HAL_CAN_IRQHandler
 .text.HAL_CAN_TxMailbox0CompleteCallback
                0x00000000080067ca       0x14 ./Drivers/STM32F4xx_HAL_Driver/Src/stm32f4xx_hal_can.o
                0x00000000080067ca                HAL_CAN_TxMailbox0CompleteCallback
 .text.HAL_CAN_TxMailbox1CompleteCallback
                0x00000000080067de       0x14 ./Drivers/STM32F4xx_HAL_Driver/Src/stm32f4xx_hal_can.o
                0x00000000080067de                HAL_CAN_TxMailbox1CompleteCallback
 .text.HAL_CAN_TxMailbox2CompleteCallback
                0x00000000080067f2       0x14 ./Drivers/STM32F4xx_HAL_Driver/Src/stm32f4xx_hal_can.o
                0x00000000080067f2                HAL_CAN_TxMailbox2CompleteCallback
 .text.HAL_CAN_TxMailbox0AbortCallback
                0x0000000008006806       0x14 ./Drivers/STM32F4xx_HAL_Driver/Src/stm32f4xx_hal_can.o
                0x0000000008006806                HAL_CAN_TxMailbox0AbortCallback
 .text.HAL_CAN_TxMailbox1AbortCallback
                0x000000000800681a       0x14 ./Drivers/STM32F4xx_HAL_Driver/Src/stm32f4xx_hal_can.o
                0x000000000800681a                HAL_CAN_TxMailbox1AbortCallback
 .text.HAL_CAN_TxMailbox2AbortCallback
                0x000000000800682e       0x14 ./Drivers/STM32F4xx_HAL_Driver/Src/stm32f4xx_hal_can.o
                0x000000000800682e                HAL_CAN_TxMailbox2AbortCallback
 .text.HAL_CAN_RxFifo0FullCallback
                0x0000000008006842       0x14 ./Drivers/STM32F4xx_HAL_Driver/Src/stm32f4xx_hal_can.o
                0x0000000008006842                HAL_CAN_RxFifo0FullCallback
 .text.HAL_CAN_RxFifo1MsgPendingCallback
                0x0000000008006856       0x14 ./Drivers/STM32F4xx_HAL_Driver/Src/stm32f4xx_hal_can.o
                0x0000000008006856                HAL_CAN_RxFifo1MsgPendingCallback
 .text.HAL_CAN_RxFifo1FullCallback
                0x000000000800686a       0x14 ./Drivers/STM32F4xx_HAL_Driver/Src/stm32f4xx_hal_can.o
                0x000000000800686a                HAL_CAN_RxFifo1FullCallback
 .text.HAL_CAN_SleepCallback
                0x000000000800687e       0x14 ./Drivers/STM32F4xx_HAL_Driver/Src/stm32f4xx_hal_can.o
                0x000000000800687e                HAL_CAN_SleepCallback
 .text.HAL_CAN_WakeUpFromRxMsgCallback
                0x0000000008006892       0x14 ./Drivers/STM32F4xx_HAL_Driver/Src/stm32f4xx_hal_can.o
                0x0000000008006892                HAL_CAN_WakeUpFromRxMsgCallback
 .text.HAL_CAN_ErrorCallback
                0x00000000080068a6       0x14 ./Drivers/STM32F4xx_HAL_Driver/Src/stm32f4xx_hal_can.o
                0x00000000080068a6                HAL_CAN_ErrorCallback
 *fill*         0x00000000080068ba        0x2 
 .text.__NVIC_SetPriorityGrouping
                0x00000000080068bc       0x48 ./Drivers/STM32F4xx_HAL_Driver/Src/stm32f4xx_hal_cortex.o
 .text.__NVIC_GetPriorityGrouping
                0x0000000008006904       0x1c ./Drivers/STM32F4xx_HAL_Driver/Src/stm32f4xx_hal_cortex.o
 .text.__NVIC_EnableIRQ
                0x0000000008006920       0x3c ./Drivers/STM32F4xx_HAL_Driver/Src/stm32f4xx_hal_cortex.o
 .text.__NVIC_SetPriority
                0x000000000800695c       0x54 ./Drivers/STM32F4xx_HAL_Driver/Src/stm32f4xx_hal_cortex.o
 .text.NVIC_EncodePriority
                0x00000000080069b0       0x66 ./Drivers/STM32F4xx_HAL_Driver/Src/stm32f4xx_hal_cortex.o
 .text.HAL_NVIC_SetPriorityGrouping
                0x0000000008006a16       0x16 ./Drivers/STM32F4xx_HAL_Driver/Src/stm32f4xx_hal_cortex.o
                0x0000000008006a16                HAL_NVIC_SetPriorityGrouping
 .text.HAL_NVIC_SetPriority
                0x0000000008006a2c       0x38 ./Drivers/STM32F4xx_HAL_Driver/Src/stm32f4xx_hal_cortex.o
                0x0000000008006a2c                HAL_NVIC_SetPriority
 .text.HAL_NVIC_EnableIRQ
                0x0000000008006a64       0x1c ./Drivers/STM32F4xx_HAL_Driver/Src/stm32f4xx_hal_cortex.o
                0x0000000008006a64                HAL_NVIC_EnableIRQ
 .text.HAL_DMA_Init
                0x0000000008006a80      0x15c ./Drivers/STM32F4xx_HAL_Driver/Src/stm32f4xx_hal_dma.o
                0x0000000008006a80                HAL_DMA_Init
 .text.HAL_DMA_Start_IT
                0x0000000008006bdc       0xb0 ./Drivers/STM32F4xx_HAL_Driver/Src/stm32f4xx_hal_dma.o
                0x0000000008006bdc                HAL_DMA_Start_IT
 .text.HAL_DMA_Abort
                0x0000000008006c8c       0xe0 ./Drivers/STM32F4xx_HAL_Driver/Src/stm32f4xx_hal_dma.o
                0x0000000008006c8c                HAL_DMA_Abort
 .text.HAL_DMA_Abort_IT
                0x0000000008006d6c       0x44 ./Drivers/STM32F4xx_HAL_Driver/Src/stm32f4xx_hal_dma.o
                0x0000000008006d6c                HAL_DMA_Abort_IT
 .text.HAL_DMA_IRQHandler
                0x0000000008006db0      0x314 ./Drivers/STM32F4xx_HAL_Driver/Src/stm32f4xx_hal_dma.o
                0x0000000008006db0                HAL_DMA_IRQHandler
 .text.DMA_SetConfig
                0x00000000080070c4       0x5c ./Drivers/STM32F4xx_HAL_Driver/Src/stm32f4xx_hal_dma.o
 .text.DMA_CalcBaseAndBitshift
                0x0000000008007120       0x6c ./Drivers/STM32F4xx_HAL_Driver/Src/stm32f4xx_hal_dma.o
 .text.DMA_CheckFifoParam
                0x000000000800718c       0xf8 ./Drivers/STM32F4xx_HAL_Driver/Src/stm32f4xx_hal_dma.o
 .text.HAL_GPIO_Init
                0x0000000008007284      0x328 ./Drivers/STM32F4xx_HAL_Driver/Src/stm32f4xx_hal_gpio.o
                0x0000000008007284                HAL_GPIO_Init
 .text.HAL_GPIO_ReadPin
                0x00000000080075ac       0x30 ./Drivers/STM32F4xx_HAL_Driver/Src/stm32f4xx_hal_gpio.o
                0x00000000080075ac                HAL_GPIO_ReadPin
 .text.HAL_GPIO_WritePin
                0x00000000080075dc       0x32 ./Drivers/STM32F4xx_HAL_Driver/Src/stm32f4xx_hal_gpio.o
                0x00000000080075dc                HAL_GPIO_WritePin
 *fill*         0x000000000800760e        0x2 
 .text.HAL_RCC_ClockConfig
                0x0000000008007610      0x1cc ./Drivers/STM32F4xx_HAL_Driver/Src/stm32f4xx_hal_rcc.o
                0x0000000008007610                HAL_RCC_ClockConfig
 .text.HAL_RCC_GetHCLKFreq
                0x00000000080077dc       0x18 ./Drivers/STM32F4xx_HAL_Driver/Src/stm32f4xx_hal_rcc.o
                0x00000000080077dc                HAL_RCC_GetHCLKFreq
 .text.HAL_RCC_GetPCLK1Freq
                0x00000000080077f4       0x28 ./Drivers/STM32F4xx_HAL_Driver/Src/stm32f4xx_hal_rcc.o
                0x00000000080077f4                HAL_RCC_GetPCLK1Freq
 .text.HAL_RCC_GetPCLK2Freq
                0x000000000800781c       0x28 ./Drivers/STM32F4xx_HAL_Driver/Src/stm32f4xx_hal_rcc.o
                0x000000000800781c                HAL_RCC_GetPCLK2Freq
 .text.HAL_RCC_GetClockConfig
                0x0000000008007844       0x64 ./Drivers/STM32F4xx_HAL_Driver/Src/stm32f4xx_hal_rcc.o
                0x0000000008007844                HAL_RCC_GetClockConfig
 .text.HAL_RCC_GetSysClockFreq
                0x00000000080078a8      0x460 ./Drivers/STM32F4xx_HAL_Driver/Src/stm32f4xx_hal_rcc_ex.o
                0x00000000080078a8                HAL_RCC_GetSysClockFreq
 .text.HAL_RCC_OscConfig
                0x0000000008007d08      0x53c ./Drivers/STM32F4xx_HAL_Driver/Src/stm32f4xx_hal_rcc_ex.o
                0x0000000008007d08                HAL_RCC_OscConfig
 .text.HAL_SPI_Init
                0x0000000008008244      0x112 ./Drivers/STM32F4xx_HAL_Driver/Src/stm32f4xx_hal_spi.o
                0x0000000008008244                HAL_SPI_Init
 .text.HAL_SPI_TransmitReceive
                0x0000000008008356      0x360 ./Drivers/STM32F4xx_HAL_Driver/Src/stm32f4xx_hal_spi.o
                0x0000000008008356                HAL_SPI_TransmitReceive
 *fill*         0x00000000080086b6        0x2 
 .text.SPI_WaitFlagStateUntilTimeout
                0x00000000080086b8      0x110 ./Drivers/STM32F4xx_HAL_Driver/Src/stm32f4xx_hal_spi.o
 .text.SPI_EndRxTxTransaction
                0x00000000080087c8       0xa8 ./Drivers/STM32F4xx_HAL_Driver/Src/stm32f4xx_hal_spi.o
 .text.HAL_TIM_Base_Init
                0x0000000008008870       0x9e ./Drivers/STM32F4xx_HAL_Driver/Src/stm32f4xx_hal_tim.o
                0x0000000008008870                HAL_TIM_Base_Init
 *fill*         0x000000000800890e        0x2 
 .text.HAL_TIM_Base_Start_IT
                0x0000000008008910       0xe0 ./Drivers/STM32F4xx_HAL_Driver/Src/stm32f4xx_hal_tim.o
                0x0000000008008910                HAL_TIM_Base_Start_IT
 .text.HAL_TIM_PWM_Init
                0x00000000080089f0       0x9e ./Drivers/STM32F4xx_HAL_Driver/Src/stm32f4xx_hal_tim.o
                0x00000000080089f0                HAL_TIM_PWM_Init
 .text.HAL_TIM_PWM_MspInit
                0x0000000008008a8e       0x14 ./Drivers/STM32F4xx_HAL_Driver/Src/stm32f4xx_hal_tim.o
                0x0000000008008a8e                HAL_TIM_PWM_MspInit
 *fill*         0x0000000008008aa2        0x2 
 .text.HAL_TIM_PWM_Start
                0x0000000008008aa4      0x190 ./Drivers/STM32F4xx_HAL_Driver/Src/stm32f4xx_hal_tim.o
                0x0000000008008aa4                HAL_TIM_PWM_Start
 .text.HAL_TIM_IC_Init
                0x0000000008008c34       0x9e ./Drivers/STM32F4xx_HAL_Driver/Src/stm32f4xx_hal_tim.o
                0x0000000008008c34                HAL_TIM_IC_Init
 .text.HAL_TIM_IC_MspInit
                0x0000000008008cd2       0x14 ./Drivers/STM32F4xx_HAL_Driver/Src/stm32f4xx_hal_tim.o
                0x0000000008008cd2                HAL_TIM_IC_MspInit
 .text.HAL_TIM_Encoder_Init
                0x0000000008008ce6      0x14c ./Drivers/STM32F4xx_HAL_Driver/Src/stm32f4xx_hal_tim.o
                0x0000000008008ce6                HAL_TIM_Encoder_Init
 .text.HAL_TIM_Encoder_Start
                0x0000000008008e32      0x11c ./Drivers/STM32F4xx_HAL_Driver/Src/stm32f4xx_hal_tim.o
                0x0000000008008e32                HAL_TIM_Encoder_Start
 .text.HAL_TIM_IRQHandler
                0x0000000008008f4e      0x1e0 ./Drivers/STM32F4xx_HAL_Driver/Src/stm32f4xx_hal_tim.o
                0x0000000008008f4e                HAL_TIM_IRQHandler
 .text.HAL_TIM_IC_ConfigChannel
                0x000000000800912e      0x138 ./Drivers/STM32F4xx_HAL_Driver/Src/stm32f4xx_hal_tim.o
                0x000000000800912e                HAL_TIM_IC_ConfigChannel
 *fill*         0x0000000008009266        0x2 
 .text.HAL_TIM_PWM_ConfigChannel
                0x0000000008009268      0x184 ./Drivers/STM32F4xx_HAL_Driver/Src/stm32f4xx_hal_tim.o
                0x0000000008009268                HAL_TIM_PWM_ConfigChannel
 .text.HAL_TIM_ConfigClockSource
                0x00000000080093ec      0x18e ./Drivers/STM32F4xx_HAL_Driver/Src/stm32f4xx_hal_tim.o
                0x00000000080093ec                HAL_TIM_ConfigClockSource
 .text.HAL_TIM_OC_DelayElapsedCallback
                0x000000000800957a       0x14 ./Drivers/STM32F4xx_HAL_Driver/Src/stm32f4xx_hal_tim.o
                0x000000000800957a                HAL_TIM_OC_DelayElapsedCallback
 .text.HAL_TIM_IC_CaptureCallback
                0x000000000800958e       0x14 ./Drivers/STM32F4xx_HAL_Driver/Src/stm32f4xx_hal_tim.o
                0x000000000800958e                HAL_TIM_IC_CaptureCallback
 .text.HAL_TIM_PWM_PulseFinishedCallback
                0x00000000080095a2       0x14 ./Drivers/STM32F4xx_HAL_Driver/Src/stm32f4xx_hal_tim.o
                0x00000000080095a2                HAL_TIM_PWM_PulseFinishedCallback
 .text.HAL_TIM_TriggerCallback
                0x00000000080095b6       0x14 ./Drivers/STM32F4xx_HAL_Driver/Src/stm32f4xx_hal_tim.o
                0x00000000080095b6                HAL_TIM_TriggerCallback
 *fill*         0x00000000080095ca        0x2 
 .text.TIM_Base_SetConfig
                0x00000000080095cc      0x158 ./Drivers/STM32F4xx_HAL_Driver/Src/stm32f4xx_hal_tim.o
                0x00000000080095cc                TIM_Base_SetConfig
 .text.TIM_OC1_SetConfig
                0x0000000008009724       0xe0 ./Drivers/STM32F4xx_HAL_Driver/Src/stm32f4xx_hal_tim.o
 .text.TIM_OC2_SetConfig
                0x0000000008009804       0xec ./Drivers/STM32F4xx_HAL_Driver/Src/stm32f4xx_hal_tim.o
                0x0000000008009804                TIM_OC2_SetConfig
 .text.TIM_OC3_SetConfig
                0x00000000080098f0       0xe8 ./Drivers/STM32F4xx_HAL_Driver/Src/stm32f4xx_hal_tim.o
 .text.TIM_OC4_SetConfig
                0x00000000080099d8       0xac ./Drivers/STM32F4xx_HAL_Driver/Src/stm32f4xx_hal_tim.o
 .text.TIM_TI1_SetConfig
                0x0000000008009a84       0xe8 ./Drivers/STM32F4xx_HAL_Driver/Src/stm32f4xx_hal_tim.o
                0x0000000008009a84                TIM_TI1_SetConfig
 .text.TIM_TI1_ConfigInputStage
                0x0000000008009b6c       0x5e ./Drivers/STM32F4xx_HAL_Driver/Src/stm32f4xx_hal_tim.o
 .text.TIM_TI2_SetConfig
                0x0000000008009bca       0x7a ./Drivers/STM32F4xx_HAL_Driver/Src/stm32f4xx_hal_tim.o
 .text.TIM_TI2_ConfigInputStage
                0x0000000008009c44       0x60 ./Drivers/STM32F4xx_HAL_Driver/Src/stm32f4xx_hal_tim.o
 .text.TIM_TI3_SetConfig
                0x0000000008009ca4       0x78 ./Drivers/STM32F4xx_HAL_Driver/Src/stm32f4xx_hal_tim.o
 .text.TIM_TI4_SetConfig
                0x0000000008009d1c       0x7a ./Drivers/STM32F4xx_HAL_Driver/Src/stm32f4xx_hal_tim.o
 .text.TIM_ITRx_SetConfig
                0x0000000008009d96       0x36 ./Drivers/STM32F4xx_HAL_Driver/Src/stm32f4xx_hal_tim.o
 .text.TIM_ETR_SetConfig
                0x0000000008009dcc       0x40 ./Drivers/STM32F4xx_HAL_Driver/Src/stm32f4xx_hal_tim.o
                0x0000000008009dcc                TIM_ETR_SetConfig
 .text.TIM_CCxChannelCmd
                0x0000000008009e0c       0x4a ./Drivers/STM32F4xx_HAL_Driver/Src/stm32f4xx_hal_tim.o
                0x0000000008009e0c                TIM_CCxChannelCmd
 *fill*         0x0000000008009e56        0x2 
 .text.HAL_TIMEx_MasterConfigSynchronization
                0x0000000008009e58       0xf8 ./Drivers/STM32F4xx_HAL_Driver/Src/stm32f4xx_hal_tim_ex.o
                0x0000000008009e58                HAL_TIMEx_MasterConfigSynchronization
 .text.HAL_TIMEx_ConfigBreakDeadTime
                0x0000000008009f50       0xa4 ./Drivers/STM32F4xx_HAL_Driver/Src/stm32f4xx_hal_tim_ex.o
                0x0000000008009f50                HAL_TIMEx_ConfigBreakDeadTime
 .text.HAL_TIMEx_CommutCallback
                0x0000000008009ff4       0x14 ./Drivers/STM32F4xx_HAL_Driver/Src/stm32f4xx_hal_tim_ex.o
                0x0000000008009ff4                HAL_TIMEx_CommutCallback
 .text.HAL_TIMEx_BreakCallback
                0x000000000800a008       0x14 ./Drivers/STM32F4xx_HAL_Driver/Src/stm32f4xx_hal_tim_ex.o
                0x000000000800a008                HAL_TIMEx_BreakCallback
 .text.HAL_UART_Init
                0x000000000800a01c       0xa0 ./Drivers/STM32F4xx_HAL_Driver/Src/stm32f4xx_hal_uart.o
                0x000000000800a01c                HAL_UART_Init
 .text.HAL_UART_Transmit_DMA
                0x000000000800a0bc       0xe0 ./Drivers/STM32F4xx_HAL_Driver/Src/stm32f4xx_hal_uart.o
                0x000000000800a0bc                HAL_UART_Transmit_DMA
 .text.HAL_UART_Receive_DMA
                0x000000000800a19c       0x4a ./Drivers/STM32F4xx_HAL_Driver/Src/stm32f4xx_hal_uart.o
                0x000000000800a19c                HAL_UART_Receive_DMA
 *fill*         0x000000000800a1e6        0x2 
 .text.HAL_UART_IRQHandler
                0x000000000800a1e8      0x524 ./Drivers/STM32F4xx_HAL_Driver/Src/stm32f4xx_hal_uart.o
                0x000000000800a1e8                HAL_UART_IRQHandler
 .text.HAL_UART_TxHalfCpltCallback
                0x000000000800a70c       0x14 ./Drivers/STM32F4xx_HAL_Driver/Src/stm32f4xx_hal_uart.o
                0x000000000800a70c                HAL_UART_TxHalfCpltCallback
 .text.HAL_UART_RxHalfCpltCallback
                0x000000000800a720       0x14 ./Drivers/STM32F4xx_HAL_Driver/Src/stm32f4xx_hal_uart.o
                0x000000000800a720                HAL_UART_RxHalfCpltCallback
 .text.HAL_UART_ErrorCallback
                0x000000000800a734       0x14 ./Drivers/STM32F4xx_HAL_Driver/Src/stm32f4xx_hal_uart.o
                0x000000000800a734                HAL_UART_ErrorCallback
 .text.HAL_UARTEx_RxEventCallback
                0x000000000800a748       0x18 ./Drivers/STM32F4xx_HAL_Driver/Src/stm32f4xx_hal_uart.o
                0x000000000800a748                HAL_UARTEx_RxEventCallback
 .text.UART_DMATransmitCplt
                0x000000000800a760       0x9a ./Drivers/STM32F4xx_HAL_Driver/Src/stm32f4xx_hal_uart.o
 .text.UART_DMATxHalfCplt
                0x000000000800a7fa       0x1c ./Drivers/STM32F4xx_HAL_Driver/Src/stm32f4xx_hal_uart.o
 .text.UART_DMAReceiveCplt
                0x000000000800a816      0x12c ./Drivers/STM32F4xx_HAL_Driver/Src/stm32f4xx_hal_uart.o
 .text.UART_DMARxHalfCplt
                0x000000000800a942       0x3c ./Drivers/STM32F4xx_HAL_Driver/Src/stm32f4xx_hal_uart.o
 .text.UART_DMAError
                0x000000000800a97e       0x94 ./Drivers/STM32F4xx_HAL_Driver/Src/stm32f4xx_hal_uart.o
 *fill*         0x000000000800aa12        0x2 
 .text.UART_Start_Receive_DMA
                0x000000000800aa14      0x134 ./Drivers/STM32F4xx_HAL_Driver/Src/stm32f4xx_hal_uart.o
                0x000000000800aa14                UART_Start_Receive_DMA
 .text.UART_EndTxTransfer
                0x000000000800ab48       0x50 ./Drivers/STM32F4xx_HAL_Driver/Src/stm32f4xx_hal_uart.o
 .text.UART_EndRxTransfer
                0x000000000800ab98       0xc6 ./Drivers/STM32F4xx_HAL_Driver/Src/stm32f4xx_hal_uart.o
 .text.UART_DMAAbortOnError
                0x000000000800ac5e       0x28 ./Drivers/STM32F4xx_HAL_Driver/Src/stm32f4xx_hal_uart.o
 .text.UART_Transmit_IT
                0x000000000800ac86       0xa0 ./Drivers/STM32F4xx_HAL_Driver/Src/stm32f4xx_hal_uart.o
 .text.UART_EndTransmit_IT
                0x000000000800ad26       0x30 ./Drivers/STM32F4xx_HAL_Driver/Src/stm32f4xx_hal_uart.o
 .text.UART_Receive_IT
                0x000000000800ad56      0x17c ./Drivers/STM32F4xx_HAL_Driver/Src/stm32f4xx_hal_uart.o
 *fill*         0x000000000800aed2        0x2 
 .text.UART_SetConfig
                0x000000000800aed4      0x4e8 ./Drivers/STM32F4xx_HAL_Driver/Src/stm32f4xx_hal_uart.o
 .text.makeFreeRtosPriority
                0x000000000800b3bc       0x30 ./Middlewares/Third_Party/FreeRTOS/Source/CMSIS_RTOS/cmsis_os.o
 .text.osKernelStart
                0x000000000800b3ec        0xe ./Middlewares/Third_Party/FreeRTOS/Source/CMSIS_RTOS/cmsis_os.o
                0x000000000800b3ec                osKernelStart
 .text.osThreadCreate
                0x000000000800b3fa       0x98 ./Middlewares/Third_Party/FreeRTOS/Source/CMSIS_RTOS/cmsis_os.o
                0x000000000800b3fa                osThreadCreate
 .text.osDelay  0x000000000800b492       0x28 ./Middlewares/Third_Party/FreeRTOS/Source/CMSIS_RTOS/cmsis_os.o
                0x000000000800b492                osDelay
 .text.vListInitialise
                0x000000000800b4ba       0x40 ./Middlewares/Third_Party/FreeRTOS/Source/list.o
                0x000000000800b4ba                vListInitialise
 .text.vListInitialiseItem
                0x000000000800b4fa       0x1a ./Middlewares/Third_Party/FreeRTOS/Source/list.o
                0x000000000800b4fa                vListInitialiseItem
 .text.vListInsertEnd
                0x000000000800b514       0x48 ./Middlewares/Third_Party/FreeRTOS/Source/list.o
                0x000000000800b514                vListInsertEnd
 .text.vListInsert
                0x000000000800b55c       0x72 ./Middlewares/Third_Party/FreeRTOS/Source/list.o
                0x000000000800b55c                vListInsert
 .text.uxListRemove
                0x000000000800b5ce       0x54 ./Middlewares/Third_Party/FreeRTOS/Source/list.o
                0x000000000800b5ce                uxListRemove
 .text.xTaskCreateStatic
                0x000000000800b622       0xba ./Middlewares/Third_Party/FreeRTOS/Source/tasks.o
                0x000000000800b622                xTaskCreateStatic
 .text.xTaskCreate
                0x000000000800b6dc       0x8a ./Middlewares/Third_Party/FreeRTOS/Source/tasks.o
                0x000000000800b6dc                xTaskCreate
 .text.prvInitialiseNewTask
                0x000000000800b766      0x10e ./Middlewares/Third_Party/FreeRTOS/Source/tasks.o
 .text.prvAddNewTaskToReadyList
                0x000000000800b874       0xd4 ./Middlewares/Third_Party/FreeRTOS/Source/tasks.o
 .text.vTaskDelay
                0x000000000800b948       0x68 ./Middlewares/Third_Party/FreeRTOS/Source/tasks.o
                0x000000000800b948                vTaskDelay
 .text.vTaskStartScheduler
                0x000000000800b9b0       0xc0 ./Middlewares/Third_Party/FreeRTOS/Source/tasks.o
                0x000000000800b9b0                vTaskStartScheduler
 .text.vTaskSuspendAll
                0x000000000800ba70       0x1c ./Middlewares/Third_Party/FreeRTOS/Source/tasks.o
                0x000000000800ba70                vTaskSuspendAll
 .text.xTaskResumeAll
                0x000000000800ba8c      0x138 ./Middlewares/Third_Party/FreeRTOS/Source/tasks.o
                0x000000000800ba8c                xTaskResumeAll
 .text.xTaskIncrementTick
                0x000000000800bbc4      0x170 ./Middlewares/Third_Party/FreeRTOS/Source/tasks.o
                0x000000000800bbc4                xTaskIncrementTick
 .text.vTaskSwitchContext
                0x000000000800bd34       0xb8 ./Middlewares/Third_Party/FreeRTOS/Source/tasks.o
                0x000000000800bd34                vTaskSwitchContext
 .text.prvIdleTask
                0x000000000800bdec       0x30 ./Middlewares/Third_Party/FreeRTOS/Source/tasks.o
 .text.prvInitialiseTaskLists
                0x000000000800be1c       0x80 ./Middlewares/Third_Party/FreeRTOS/Source/tasks.o
 .text.prvCheckTasksWaitingTermination
                0x000000000800be9c       0x5c ./Middlewares/Third_Party/FreeRTOS/Source/tasks.o
 .text.prvDeleteTCB
                0x000000000800bef8       0x5e ./Middlewares/Third_Party/FreeRTOS/Source/tasks.o
 *fill*         0x000000000800bf56        0x2 
 .text.prvResetNextTaskUnblockTime
                0x000000000800bf58       0x40 ./Middlewares/Third_Party/FreeRTOS/Source/tasks.o
 .text.prvAddCurrentTaskToDelayedList
                0x000000000800bf98       0xcc ./Middlewares/Third_Party/FreeRTOS/Source/tasks.o
 .text.pxPortInitialiseStack
                0x000000000800c064       0x68 ./Middlewares/Third_Party/FreeRTOS/Source/portable/GCC/ARM_CM4F/port.o
                0x000000000800c064                pxPortInitialiseStack
 .text.prvTaskExitError
                0x000000000800c0cc       0x58 ./Middlewares/Third_Party/FreeRTOS/Source/portable/GCC/ARM_CM4F/port.o
 *fill*         0x000000000800c124        0xc 
 .text.SVC_Handler
                0x000000000800c130       0x28 ./Middlewares/Third_Party/FreeRTOS/Source/portable/GCC/ARM_CM4F/port.o
                0x000000000800c130                SVC_Handler
 .text.prvPortStartFirstTask
                0x000000000800c158       0x28 ./Middlewares/Third_Party/FreeRTOS/Source/portable/GCC/ARM_CM4F/port.o
 .text.xPortStartScheduler
                0x000000000800c180      0x144 ./Middlewares/Third_Party/FreeRTOS/Source/portable/GCC/ARM_CM4F/port.o
                0x000000000800c180                xPortStartScheduler
 .text.vPortEnterCritical
                0x000000000800c2c4       0x60 ./Middlewares/Third_Party/FreeRTOS/Source/portable/GCC/ARM_CM4F/port.o
                0x000000000800c2c4                vPortEnterCritical
 .text.vPortExitCritical
                0x000000000800c324       0x54 ./Middlewares/Third_Party/FreeRTOS/Source/portable/GCC/ARM_CM4F/port.o
                0x000000000800c324                vPortExitCritical
 *fill*         0x000000000800c378        0x8 
 .text.PendSV_Handler
                0x000000000800c380       0x68 ./Middlewares/Third_Party/FreeRTOS/Source/portable/GCC/ARM_CM4F/port.o
                0x000000000800c380                PendSV_Handler
 .text.SysTick_Handler
                0x000000000800c3e8       0x44 ./Middlewares/Third_Party/FreeRTOS/Source/portable/GCC/ARM_CM4F/port.o
                0x000000000800c3e8                SysTick_Handler
 .text.vPortSetupTimerInterrupt
                0x000000000800c42c       0x48 ./Middlewares/Third_Party/FreeRTOS/Source/portable/GCC/ARM_CM4F/port.o
                0x000000000800c42c                vPortSetupTimerInterrupt
 .text.vPortEnableVFP
                0x000000000800c474       0x14 ./Middlewares/Third_Party/FreeRTOS/Source/portable/GCC/ARM_CM4F/port.o
 .text.pvPortMalloc
                0x000000000800c488      0x198 ./Middlewares/Third_Party/FreeRTOS/Source/portable/MemMang/heap_4.o
                0x000000000800c488                pvPortMalloc
 .text.vPortFree
                0x000000000800c620       0xc4 ./Middlewares/Third_Party/FreeRTOS/Source/portable/MemMang/heap_4.o
                0x000000000800c620                vPortFree
 .text.prvHeapInit
                0x000000000800c6e4       0xc4 ./Middlewares/Third_Party/FreeRTOS/Source/portable/MemMang/heap_4.o
 .text.prvInsertBlockIntoFreeList
                0x000000000800c7a8       0xb4 ./Middlewares/Third_Party/FreeRTOS/Source/portable/MemMang/heap_4.o
 .text.atan2    0x000000000800c85c        0x4 /Applications/STM32CubeIDE.app/Contents/Eclipse/plugins/com.st.stm32cube.ide.mcu.externaltools.gnu-tools-for-stm32.11.3.rel1.macos64_1.1.100.202310310803/tools/bin/../lib/gcc/arm-none-eabi/11.3.1/../../../../arm-none-eabi/lib/thumb/v7e-m+fp/hard/libm.a(libm_a-w_atan2.o)
                0x000000000800c85c                atan2
 .text.__ieee754_atan2
                0x000000000800c860      0x18c /Applications/STM32CubeIDE.app/Contents/Eclipse/plugins/com.st.stm32cube.ide.mcu.externaltools.gnu-tools-for-stm32.11.3.rel1.macos64_1.1.100.202310310803/tools/bin/../lib/gcc/arm-none-eabi/11.3.1/../../../../arm-none-eabi/lib/thumb/v7e-m+fp/hard/libm.a(libm_a-e_atan2.o)
                0x000000000800c860                __ieee754_atan2
 .text.sqrt     0x000000000800c9ec       0x58 /Applications/STM32CubeIDE.app/Contents/Eclipse/plugins/com.st.stm32cube.ide.mcu.externaltools.gnu-tools-for-stm32.11.3.rel1.macos64_1.1.100.202310310803/tools/bin/../lib/gcc/arm-none-eabi/11.3.1/../../../../arm-none-eabi/lib/thumb/v7e-m+fp/hard/libm.a(libm_a-w_sqrt.o)
                0x000000000800c9ec                sqrt
 *fill*         0x000000000800ca44        0x4 
 .text.atan     0x000000000800ca48      0x340 /Applications/STM32CubeIDE.app/Contents/Eclipse/plugins/com.st.stm32cube.ide.mcu.externaltools.gnu-tools-for-stm32.11.3.rel1.macos64_1.1.100.202310310803/tools/bin/../lib/gcc/arm-none-eabi/11.3.1/../../../../arm-none-eabi/lib/thumb/v7e-m+fp/hard/libm.a(libm_a-s_atan.o)
                0x000000000800ca48                atan
 .text.cos      0x000000000800cd88       0xa8 /Applications/STM32CubeIDE.app/Contents/Eclipse/plugins/com.st.stm32cube.ide.mcu.externaltools.gnu-tools-for-stm32.11.3.rel1.macos64_1.1.100.202310310803/tools/bin/../lib/gcc/arm-none-eabi/11.3.1/../../../../arm-none-eabi/lib/thumb/v7e-m+fp/hard/libm.a(libm_a-s_cos.o)
                0x000000000800cd88                cos
 .text.fabs     0x000000000800ce30       0x12 /Applications/STM32CubeIDE.app/Contents/Eclipse/plugins/com.st.stm32cube.ide.mcu.externaltools.gnu-tools-for-stm32.11.3.rel1.macos64_1.1.100.202310310803/tools/bin/../lib/gcc/arm-none-eabi/11.3.1/../../../../arm-none-eabi/lib/thumb/v7e-m+fp/hard/libm.a(libm_a-s_fabs.o)
                0x000000000800ce30                fabs
 *fill*         0x000000000800ce42        0x6 
 .text.sin      0x000000000800ce48       0xb0 /Applications/STM32CubeIDE.app/Contents/Eclipse/plugins/com.st.stm32cube.ide.mcu.externaltools.gnu-tools-for-stm32.11.3.rel1.macos64_1.1.100.202310310803/tools/bin/../lib/gcc/arm-none-eabi/11.3.1/../../../../arm-none-eabi/lib/thumb/v7e-m+fp/hard/libm.a(libm_a-s_sin.o)
                0x000000000800ce48                sin
 .text.__ieee754_sqrt
                0x000000000800cef8      0x1b4 /Applications/STM32CubeIDE.app/Contents/Eclipse/plugins/com.st.stm32cube.ide.mcu.externaltools.gnu-tools-for-stm32.11.3.rel1.macos64_1.1.100.202310310803/tools/bin/../lib/gcc/arm-none-eabi/11.3.1/../../../../arm-none-eabi/lib/thumb/v7e-m+fp/hard/libm.a(libm_a-e_sqrt.o)
                0x000000000800cef8                __ieee754_sqrt
 *fill*         0x000000000800d0ac        0x4 
 .text.__ieee754_rem_pio2
                0x000000000800d0b0      0x40c /Applications/STM32CubeIDE.app/Contents/Eclipse/plugins/com.st.stm32cube.ide.mcu.externaltools.gnu-tools-for-stm32.11.3.rel1.macos64_1.1.100.202310310803/tools/bin/../lib/gcc/arm-none-eabi/11.3.1/../../../../arm-none-eabi/lib/thumb/v7e-m+fp/hard/libm.a(libm_a-e_rem_pio2.o)
                0x000000000800d0b0                __ieee754_rem_pio2
 *fill*         0x000000000800d4bc        0x4 
 .text.__kernel_rem_pio2
                0x000000000800d4c0      0x69c /Applications/STM32CubeIDE.app/Contents/Eclipse/plugins/com.st.stm32cube.ide.mcu.externaltools.gnu-tools-for-stm32.11.3.rel1.macos64_1.1.100.202310310803/tools/bin/../lib/gcc/arm-none-eabi/11.3.1/../../../../arm-none-eabi/lib/thumb/v7e-m+fp/hard/libm.a(libm_a-k_rem_pio2.o)
                0x000000000800d4c0                __kernel_rem_pio2
 *fill*         0x000000000800db5c        0x4 
 .text.__kernel_cos
                0x000000000800db60      0x18c /Applications/STM32CubeIDE.app/Contents/Eclipse/plugins/com.st.stm32cube.ide.mcu.externaltools.gnu-tools-for-stm32.11.3.rel1.macos64_1.1.100.202310310803/tools/bin/../lib/gcc/arm-none-eabi/11.3.1/../../../../arm-none-eabi/lib/thumb/v7e-m+fp/hard/libm.a(libm_a-k_cos.o)
                0x000000000800db60                __kernel_cos
 *fill*         0x000000000800dcec        0x4 
 .text.__kernel_sin
                0x000000000800dcf0      0x17c /Applications/STM32CubeIDE.app/Contents/Eclipse/plugins/com.st.stm32cube.ide.mcu.externaltools.gnu-tools-for-stm32.11.3.rel1.macos64_1.1.100.202310310803/tools/bin/../lib/gcc/arm-none-eabi/11.3.1/../../../../arm-none-eabi/lib/thumb/v7e-m+fp/hard/libm.a(libm_a-k_sin.o)
                0x000000000800dcf0                __kernel_sin
 *fill*         0x000000000800de6c        0x4 
 .text.scalbn   0x000000000800de70       0xfc /Applications/STM32CubeIDE.app/Contents/Eclipse/plugins/com.st.stm32cube.ide.mcu.externaltools.gnu-tools-for-stm32.11.3.rel1.macos64_1.1.100.202310310803/tools/bin/../lib/gcc/arm-none-eabi/11.3.1/../../../../arm-none-eabi/lib/thumb/v7e-m+fp/hard/libm.a(libm_a-s_scalbn.o)
                0x000000000800de70                scalbn
 *fill*         0x000000000800df6c        0x4 
 .text.floor    0x000000000800df70      0x100 /Applications/STM32CubeIDE.app/Contents/Eclipse/plugins/com.st.stm32cube.ide.mcu.externaltools.gnu-tools-for-stm32.11.3.rel1.macos64_1.1.100.202310310803/tools/bin/../lib/gcc/arm-none-eabi/11.3.1/../../../../arm-none-eabi/lib/thumb/v7e-m+fp/hard/libm.a(libm_a-s_floor.o)
                0x000000000800df70                floor
 .text.realloc  0x000000000800e070       0x10 /Applications/STM32CubeIDE.app/Contents/Eclipse/plugins/com.st.stm32cube.ide.mcu.externaltools.gnu-tools-for-stm32.11.3.rel1.macos64_1.1.100.202310310803/tools/bin/../lib/gcc/arm-none-eabi/11.3.1/../../../../arm-none-eabi/lib/thumb/v7e-m+fp/hard/libc_nano.a(libc_a-realloc.o)
                0x000000000800e070                realloc
 .text._realloc_r
                0x000000000800e080       0x5e /Applications/STM32CubeIDE.app/Contents/Eclipse/plugins/com.st.stm32cube.ide.mcu.externaltools.gnu-tools-for-stm32.11.3.rel1.macos64_1.1.100.202310310803/tools/bin/../lib/gcc/arm-none-eabi/11.3.1/../../../../arm-none-eabi/lib/thumb/v7e-m+fp/hard/libc_nano.a(libc_a-reallocr.o)
                0x000000000800e080                _realloc_r
 .text.memset   0x000000000800e0de       0x10 /Applications/STM32CubeIDE.app/Contents/Eclipse/plugins/com.st.stm32cube.ide.mcu.externaltools.gnu-tools-for-stm32.11.3.rel1.macos64_1.1.100.202310310803/tools/bin/../lib/gcc/arm-none-eabi/11.3.1/../../../../arm-none-eabi/lib/thumb/v7e-m+fp/hard/libc_nano.a(libc_a-memset.o)
                0x000000000800e0de                memset
 *fill*         0x000000000800e0ee        0x2 
 .text.__errno  0x000000000800e0f0        0xc /Applications/STM32CubeIDE.app/Contents/Eclipse/plugins/com.st.stm32cube.ide.mcu.externaltools.gnu-tools-for-stm32.11.3.rel1.macos64_1.1.100.202310310803/tools/bin/../lib/gcc/arm-none-eabi/11.3.1/../../../../arm-none-eabi/lib/thumb/v7e-m+fp/hard/libc_nano.a(libc_a-errno.o)
                0x000000000800e0f0                __errno
 .text.__libc_init_array
                0x000000000800e0fc       0x48 /Applications/STM32CubeIDE.app/Contents/Eclipse/plugins/com.st.stm32cube.ide.mcu.externaltools.gnu-tools-for-stm32.11.3.rel1.macos64_1.1.100.202310310803/tools/bin/../lib/gcc/arm-none-eabi/11.3.1/../../../../arm-none-eabi/lib/thumb/v7e-m+fp/hard/libc_nano.a(libc_a-init.o)
                0x000000000800e0fc                __libc_init_array
 .text.__retarget_lock_acquire_recursive
                0x000000000800e144        0x2 /Applications/STM32CubeIDE.app/Contents/Eclipse/plugins/com.st.stm32cube.ide.mcu.externaltools.gnu-tools-for-stm32.11.3.rel1.macos64_1.1.100.202310310803/tools/bin/../lib/gcc/arm-none-eabi/11.3.1/../../../../arm-none-eabi/lib/thumb/v7e-m+fp/hard/libc_nano.a(libc_a-lock.o)
                0x000000000800e144                __retarget_lock_acquire_recursive
 .text.__retarget_lock_release_recursive
                0x000000000800e146        0x2 /Applications/STM32CubeIDE.app/Contents/Eclipse/plugins/com.st.stm32cube.ide.mcu.externaltools.gnu-tools-for-stm32.11.3.rel1.macos64_1.1.100.202310310803/tools/bin/../lib/gcc/arm-none-eabi/11.3.1/../../../../arm-none-eabi/lib/thumb/v7e-m+fp/hard/libc_nano.a(libc_a-lock.o)
                0x000000000800e146                __retarget_lock_release_recursive
 .text.memcpy   0x000000000800e148       0x1c /Applications/STM32CubeIDE.app/Contents/Eclipse/plugins/com.st.stm32cube.ide.mcu.externaltools.gnu-tools-for-stm32.11.3.rel1.macos64_1.1.100.202310310803/tools/bin/../lib/gcc/arm-none-eabi/11.3.1/../../../../arm-none-eabi/lib/thumb/v7e-m+fp/hard/libc_nano.a(libc_a-memcpy-stub.o)
                0x000000000800e148                memcpy
 .text._free_r  0x000000000800e164       0x98 /Applications/STM32CubeIDE.app/Contents/Eclipse/plugins/com.st.stm32cube.ide.mcu.externaltools.gnu-tools-for-stm32.11.3.rel1.macos64_1.1.100.202310310803/tools/bin/../lib/gcc/arm-none-eabi/11.3.1/../../../../arm-none-eabi/lib/thumb/v7e-m+fp/hard/libc_nano.a(libc_a-freer.o)
                0x000000000800e164                _free_r
 .text.sbrk_aligned
                0x000000000800e1fc       0x40 /Applications/STM32CubeIDE.app/Contents/Eclipse/plugins/com.st.stm32cube.ide.mcu.externaltools.gnu-tools-for-stm32.11.3.rel1.macos64_1.1.100.202310310803/tools/bin/../lib/gcc/arm-none-eabi/11.3.1/../../../../arm-none-eabi/lib/thumb/v7e-m+fp/hard/libc_nano.a(libc_a-mallocr.o)
 .text._malloc_r
                0x000000000800e23c      0x100 /Applications/STM32CubeIDE.app/Contents/Eclipse/plugins/com.st.stm32cube.ide.mcu.externaltools.gnu-tools-for-stm32.11.3.rel1.macos64_1.1.100.202310310803/tools/bin/../lib/gcc/arm-none-eabi/11.3.1/../../../../arm-none-eabi/lib/thumb/v7e-m+fp/hard/libc_nano.a(libc_a-mallocr.o)
                0x000000000800e23c                _malloc_r
 .text.__malloc_lock
                0x000000000800e33c        0xc /Applications/STM32CubeIDE.app/Contents/Eclipse/plugins/com.st.stm32cube.ide.mcu.externaltools.gnu-tools-for-stm32.11.3.rel1.macos64_1.1.100.202310310803/tools/bin/../lib/gcc/arm-none-eabi/11.3.1/../../../../arm-none-eabi/lib/thumb/v7e-m+fp/hard/libc_nano.a(libc_a-mlock.o)
                0x000000000800e33c                __malloc_lock
 .text.__malloc_unlock
                0x000000000800e348        0xc /Applications/STM32CubeIDE.app/Contents/Eclipse/plugins/com.st.stm32cube.ide.mcu.externaltools.gnu-tools-for-stm32.11.3.rel1.macos64_1.1.100.202310310803/tools/bin/../lib/gcc/arm-none-eabi/11.3.1/../../../../arm-none-eabi/lib/thumb/v7e-m+fp/hard/libc_nano.a(libc_a-mlock.o)
                0x000000000800e348                __malloc_unlock
 .text._malloc_usable_size_r
                0x000000000800e354       0x10 /Applications/STM32CubeIDE.app/Contents/Eclipse/plugins/com.st.stm32cube.ide.mcu.externaltools.gnu-tools-for-stm32.11.3.rel1.macos64_1.1.100.202310310803/tools/bin/../lib/gcc/arm-none-eabi/11.3.1/../../../../arm-none-eabi/lib/thumb/v7e-m+fp/hard/libc_nano.a(libc_a-msizer.o)
                0x000000000800e354                _malloc_usable_size_r
 .text._sbrk_r  0x000000000800e364       0x20 /Applications/STM32CubeIDE.app/Contents/Eclipse/plugins/com.st.stm32cube.ide.mcu.externaltools.gnu-tools-for-stm32.11.3.rel1.macos64_1.1.100.202310310803/tools/bin/../lib/gcc/arm-none-eabi/11.3.1/../../../../arm-none-eabi/lib/thumb/v7e-m+fp/hard/libc_nano.a(libc_a-sbrkr.o)
                0x000000000800e364                _sbrk_r
 *(.glue_7)
 .glue_7        0x000000000800e384        0x0 linker stubs
 *(.glue_7t)
 .glue_7t       0x000000000800e384        0x0 linker stubs
 *(.eh_frame)
 .eh_frame      0x000000000800e384        0x0 /Applications/STM32CubeIDE.app/Contents/Eclipse/plugins/com.st.stm32cube.ide.mcu.externaltools.gnu-tools-for-stm32.11.3.rel1.macos64_1.1.100.202310310803/tools/bin/../lib/gcc/arm-none-eabi/11.3.1/thumb/v7e-m+fp/hard/crtbegin.o
 *(.init)
 .init          0x000000000800e384        0x4 /Applications/STM32CubeIDE.app/Contents/Eclipse/plugins/com.st.stm32cube.ide.mcu.externaltools.gnu-tools-for-stm32.11.3.rel1.macos64_1.1.100.202310310803/tools/bin/../lib/gcc/arm-none-eabi/11.3.1/thumb/v7e-m+fp/hard/crti.o
                0x000000000800e384                _init
 .init          0x000000000800e388        0x8 /Applications/STM32CubeIDE.app/Contents/Eclipse/plugins/com.st.stm32cube.ide.mcu.externaltools.gnu-tools-for-stm32.11.3.rel1.macos64_1.1.100.202310310803/tools/bin/../lib/gcc/arm-none-eabi/11.3.1/thumb/v7e-m+fp/hard/crtn.o
 *(.fini)
 .fini          0x000000000800e390        0x4 /Applications/STM32CubeIDE.app/Contents/Eclipse/plugins/com.st.stm32cube.ide.mcu.externaltools.gnu-tools-for-stm32.11.3.rel1.macos64_1.1.100.202310310803/tools/bin/../lib/gcc/arm-none-eabi/11.3.1/thumb/v7e-m+fp/hard/crti.o
                0x000000000800e390                _fini
 .fini          0x000000000800e394        0x8 /Applications/STM32CubeIDE.app/Contents/Eclipse/plugins/com.st.stm32cube.ide.mcu.externaltools.gnu-tools-for-stm32.11.3.rel1.macos64_1.1.100.202310310803/tools/bin/../lib/gcc/arm-none-eabi/11.3.1/thumb/v7e-m+fp/hard/crtn.o
                0x000000000800e39c                . = ALIGN (0x4)
                0x000000000800e39c                _etext = .

.vfp11_veneer   0x000000000800e39c        0x0
 .vfp11_veneer  0x000000000800e39c        0x0 linker stubs

.v4_bx          0x000000000800e39c        0x0
 .v4_bx         0x000000000800e39c        0x0 linker stubs

.iplt           0x000000000800e39c        0x0
 .iplt          0x000000000800e39c        0x0 /Applications/STM32CubeIDE.app/Contents/Eclipse/plugins/com.st.stm32cube.ide.mcu.externaltools.gnu-tools-for-stm32.11.3.rel1.macos64_1.1.100.202310310803/tools/bin/../lib/gcc/arm-none-eabi/11.3.1/thumb/v7e-m+fp/hard/crtbegin.o

.rodata         0x000000000800e3a0      0x560
                0x000000000800e3a0                . = ALIGN (0x4)
 *(.rodata)
 .rodata        0x000000000800e3a0       0xcc ./Core/Src/main.o
 .rodata        0x000000000800e46c      0x14c ./Core/Src/mainpp.o
 .rodata        0x000000000800e5b8        0x5 ./Middlewares/Third_Party/FreeRTOS/Source/tasks.o
 *(.rodata*)
 *fill*         0x000000000800e5bd        0x3 
 .rodata._ZN14rosserial_msgsL12REQUESTPARAME
                0x000000000800e5c0       0x1c ./Core/Src/mainpp.o
 .rodata._ZTVN3ros11NodeHandle_I13STM32HardwareLi25ELi25ELi512ELi512EEE
                0x000000000800e5dc       0x14 ./Core/Src/mainpp.o
                0x000000000800e5dc                vtable for ros::NodeHandle_<STM32Hardware, 25, 25, 512, 512>
 .rodata._ZTVN8std_msgs6StringE
                0x000000000800e5f0       0x18 ./Core/Src/mainpp.o
                0x000000000800e5f0                vtable for std_msgs::String
 .rodata._ZTVN3ros15NodeHandleBase_E
                0x000000000800e608       0x14 ./Core/Src/mainpp.o
                0x000000000800e608                vtable for ros::NodeHandleBase_
 .rodata._ZTVN14rosserial_msgs20RequestParamResponseE
                0x000000000800e61c       0x18 ./Core/Src/mainpp.o
                0x000000000800e61c                vtable for rosserial_msgs::RequestParamResponse
 .rodata._ZTVN14rosserial_msgs3LogE
                0x000000000800e634       0x18 ./Core/Src/mainpp.o
                0x000000000800e634                vtable for rosserial_msgs::Log
 .rodata._ZTVN14rosserial_msgs9TopicInfoE
                0x000000000800e64c       0x18 ./Core/Src/mainpp.o
                0x000000000800e64c                vtable for rosserial_msgs::TopicInfo
 .rodata._ZTVN8std_msgs4TimeE
                0x000000000800e664       0x18 ./Core/Src/mainpp.o
                0x000000000800e664                vtable for std_msgs::Time
 .rodata._ZTVN3ros3MsgE
                0x000000000800e67c       0x18 ./Core/Src/mainpp.o
                0x000000000800e67c                vtable for ros::Msg
 .rodata.AHBPrescTable
                0x000000000800e694       0x10 ./Core/Src/system_stm32f4xx.o
                0x000000000800e694                AHBPrescTable
 .rodata.APBPrescTable
                0x000000000800e6a4        0x8 ./Core/Src/system_stm32f4xx.o
                0x000000000800e6a4                APBPrescTable
 .rodata.flagBitshiftOffset.0
                0x000000000800e6ac        0x8 ./Drivers/STM32F4xx_HAL_Driver/Src/stm32f4xx_hal_dma.o
 *fill*         0x000000000800e6b4        0x4 
 .rodata.CSWTCH.8
                0x000000000800e6b8       0x18 /Applications/STM32CubeIDE.app/Contents/Eclipse/plugins/com.st.stm32cube.ide.mcu.externaltools.gnu-tools-for-stm32.11.3.rel1.macos64_1.1.100.202310310803/tools/bin/../lib/gcc/arm-none-eabi/11.3.1/../../../../arm-none-eabi/lib/thumb/v7e-m+fp/hard/libm.a(libm_a-e_atan2.o)
 .rodata.CSWTCH.9
                0x000000000800e6d0       0x18 /Applications/STM32CubeIDE.app/Contents/Eclipse/plugins/com.st.stm32cube.ide.mcu.externaltools.gnu-tools-for-stm32.11.3.rel1.macos64_1.1.100.202310310803/tools/bin/../lib/gcc/arm-none-eabi/11.3.1/../../../../arm-none-eabi/lib/thumb/v7e-m+fp/hard/libm.a(libm_a-e_atan2.o)
 .rodata.atanhi
                0x000000000800e6e8       0x20 /Applications/STM32CubeIDE.app/Contents/Eclipse/plugins/com.st.stm32cube.ide.mcu.externaltools.gnu-tools-for-stm32.11.3.rel1.macos64_1.1.100.202310310803/tools/bin/../lib/gcc/arm-none-eabi/11.3.1/../../../../arm-none-eabi/lib/thumb/v7e-m+fp/hard/libm.a(libm_a-s_atan.o)
 .rodata.atanlo
                0x000000000800e708       0x20 /Applications/STM32CubeIDE.app/Contents/Eclipse/plugins/com.st.stm32cube.ide.mcu.externaltools.gnu-tools-for-stm32.11.3.rel1.macos64_1.1.100.202310310803/tools/bin/../lib/gcc/arm-none-eabi/11.3.1/../../../../arm-none-eabi/lib/thumb/v7e-m+fp/hard/libm.a(libm_a-s_atan.o)
 .rodata.npio2_hw
                0x000000000800e728       0x80 /Applications/STM32CubeIDE.app/Contents/Eclipse/plugins/com.st.stm32cube.ide.mcu.externaltools.gnu-tools-for-stm32.11.3.rel1.macos64_1.1.100.202310310803/tools/bin/../lib/gcc/arm-none-eabi/11.3.1/../../../../arm-none-eabi/lib/thumb/v7e-m+fp/hard/libm.a(libm_a-e_rem_pio2.o)
 .rodata.two_over_pi
                0x000000000800e7a8      0x108 /Applications/STM32CubeIDE.app/Contents/Eclipse/plugins/com.st.stm32cube.ide.mcu.externaltools.gnu-tools-for-stm32.11.3.rel1.macos64_1.1.100.202310310803/tools/bin/../lib/gcc/arm-none-eabi/11.3.1/../../../../arm-none-eabi/lib/thumb/v7e-m+fp/hard/libm.a(libm_a-e_rem_pio2.o)
 .rodata.PIo2   0x000000000800e8b0       0x40 /Applications/STM32CubeIDE.app/Contents/Eclipse/plugins/com.st.stm32cube.ide.mcu.externaltools.gnu-tools-for-stm32.11.3.rel1.macos64_1.1.100.202310310803/tools/bin/../lib/gcc/arm-none-eabi/11.3.1/../../../../arm-none-eabi/lib/thumb/v7e-m+fp/hard/libm.a(libm_a-k_rem_pio2.o)
 .rodata.init_jk
                0x000000000800e8f0       0x10 /Applications/STM32CubeIDE.app/Contents/Eclipse/plugins/com.st.stm32cube.ide.mcu.externaltools.gnu-tools-for-stm32.11.3.rel1.macos64_1.1.100.202310310803/tools/bin/../lib/gcc/arm-none-eabi/11.3.1/../../../../arm-none-eabi/lib/thumb/v7e-m+fp/hard/libm.a(libm_a-k_rem_pio2.o)
                0x000000000800e900                . = ALIGN (0x4)

.ARM.extab      0x000000000800e900        0x0
                0x000000000800e900                . = ALIGN (0x4)
 *(.ARM.extab* .gnu.linkonce.armextab.*)
                0x000000000800e900                . = ALIGN (0x4)

.ARM            0x000000000800e900        0x8
                0x000000000800e900                . = ALIGN (0x4)
                0x000000000800e900                __exidx_start = .
 *(.ARM.exidx*)
 .ARM.exidx     0x000000000800e900        0x8 /Applications/STM32CubeIDE.app/Contents/Eclipse/plugins/com.st.stm32cube.ide.mcu.externaltools.gnu-tools-for-stm32.11.3.rel1.macos64_1.1.100.202310310803/tools/bin/../lib/gcc/arm-none-eabi/11.3.1/thumb/v7e-m+fp/hard/libgcc.a(_udivmoddi4.o)
                0x000000000800e908                __exidx_end = .
                0x000000000800e908                . = ALIGN (0x4)

.rel.dyn        0x000000000800e908        0x0
 .rel.iplt      0x000000000800e908        0x0 /Applications/STM32CubeIDE.app/Contents/Eclipse/plugins/com.st.stm32cube.ide.mcu.externaltools.gnu-tools-for-stm32.11.3.rel1.macos64_1.1.100.202310310803/tools/bin/../lib/gcc/arm-none-eabi/11.3.1/thumb/v7e-m+fp/hard/crtbegin.o

.preinit_array  0x000000000800e908        0x0
                0x000000000800e908                . = ALIGN (0x4)
                0x000000000800e908                PROVIDE (__preinit_array_start = .)
 *(.preinit_array*)
                0x000000000800e908                PROVIDE (__preinit_array_end = .)
                0x000000000800e908                . = ALIGN (0x4)

.init_array     0x000000000800e908        0x8
                0x000000000800e908                . = ALIGN (0x4)
                0x000000000800e908                PROVIDE (__init_array_start = .)
 *(SORT_BY_NAME(.init_array.*))
 *(.init_array*)
 .init_array    0x000000000800e908        0x4 /Applications/STM32CubeIDE.app/Contents/Eclipse/plugins/com.st.stm32cube.ide.mcu.externaltools.gnu-tools-for-stm32.11.3.rel1.macos64_1.1.100.202310310803/tools/bin/../lib/gcc/arm-none-eabi/11.3.1/thumb/v7e-m+fp/hard/crtbegin.o
 .init_array    0x000000000800e90c        0x4 ./Core/Src/mainpp.o
                0x000000000800e910                PROVIDE (__init_array_end = .)
                0x000000000800e910                . = ALIGN (0x4)

.fini_array     0x000000000800e910        0x4
                0x000000000800e910                . = ALIGN (0x4)
                [!provide]                        PROVIDE (__fini_array_start = .)
 *(SORT_BY_NAME(.fini_array.*))
 *(.fini_array*)
 .fini_array    0x000000000800e910        0x4 /Applications/STM32CubeIDE.app/Contents/Eclipse/plugins/com.st.stm32cube.ide.mcu.externaltools.gnu-tools-for-stm32.11.3.rel1.macos64_1.1.100.202310310803/tools/bin/../lib/gcc/arm-none-eabi/11.3.1/thumb/v7e-m+fp/hard/crtbegin.o
                [!provide]                        PROVIDE (__fini_array_end = .)
                0x000000000800e914                . = ALIGN (0x4)
                0x000000000800e914                _sidata = LOADADDR (.data)

.data           0x0000000020000000       0xa0 load address 0x000000000800e914
                0x0000000020000000                . = ALIGN (0x4)
                0x0000000020000000                _sdata = .
 *(.data)
 *(.data*)
 .data.pi       0x0000000020000000        0x8 ./Core/Src/main.o
                0x0000000020000000                pi
 .data.HC_PS2_TX
                0x0000000020000008        0x9 ./Core/Src/main.o
                0x0000000020000008                HC_PS2_TX
 *fill*         0x0000000020000011        0x3 
 .data.hello    0x0000000020000014       0x18 ./Core/Src/mainpp.o
                0x0000000020000014                hello
 .data.SystemCoreClock
                0x000000002000002c        0x4 ./Core/Src/system_stm32f4xx.o
                0x000000002000002c                SystemCoreClock
 .data.uwTickPrio
                0x0000000020000030        0x4 ./Drivers/STM32F4xx_HAL_Driver/Src/stm32f4xx_hal.o
                0x0000000020000030                uwTickPrio
 .data.uwTickFreq
                0x0000000020000034        0x1 ./Drivers/STM32F4xx_HAL_Driver/Src/stm32f4xx_hal.o
                0x0000000020000034                uwTickFreq
 *fill*         0x0000000020000035        0x3 
 .data.uxCriticalNesting
                0x0000000020000038        0x4 ./Middlewares/Third_Party/FreeRTOS/Source/portable/GCC/ARM_CM4F/port.o
 *fill*         0x000000002000003c        0x4 
 .data.one      0x0000000020000040        0x8 /Applications/STM32CubeIDE.app/Contents/Eclipse/plugins/com.st.stm32cube.ide.mcu.externaltools.gnu-tools-for-stm32.11.3.rel1.macos64_1.1.100.202310310803/tools/bin/../lib/gcc/arm-none-eabi/11.3.1/../../../../arm-none-eabi/lib/thumb/v7e-m+fp/hard/libm.a(libm_a-e_sqrt.o)
 .data.tiny     0x0000000020000048        0x8 /Applications/STM32CubeIDE.app/Contents/Eclipse/plugins/com.st.stm32cube.ide.mcu.externaltools.gnu-tools-for-stm32.11.3.rel1.macos64_1.1.100.202310310803/tools/bin/../lib/gcc/arm-none-eabi/11.3.1/../../../../arm-none-eabi/lib/thumb/v7e-m+fp/hard/libm.a(libm_a-e_sqrt.o)
 .data._impure_data
                0x0000000020000050       0x4c /Applications/STM32CubeIDE.app/Contents/Eclipse/plugins/com.st.stm32cube.ide.mcu.externaltools.gnu-tools-for-stm32.11.3.rel1.macos64_1.1.100.202310310803/tools/bin/../lib/gcc/arm-none-eabi/11.3.1/../../../../arm-none-eabi/lib/thumb/v7e-m+fp/hard/libc_nano.a(libc_a-impure.o)
                0x0000000020000050                _impure_data
 .data._impure_ptr
                0x000000002000009c        0x4 /Applications/STM32CubeIDE.app/Contents/Eclipse/plugins/com.st.stm32cube.ide.mcu.externaltools.gnu-tools-for-stm32.11.3.rel1.macos64_1.1.100.202310310803/tools/bin/../lib/gcc/arm-none-eabi/11.3.1/../../../../arm-none-eabi/lib/thumb/v7e-m+fp/hard/libc_nano.a(libc_a-impure.o)
                0x000000002000009c                _impure_ptr
 *(.RamFunc)
 *(.RamFunc*)
                0x00000000200000a0                . = ALIGN (0x4)
                0x00000000200000a0                _edata = .

.igot.plt       0x00000000200000a0        0x0 load address 0x000000000800e9b4
 .igot.plt      0x00000000200000a0        0x0 /Applications/STM32CubeIDE.app/Contents/Eclipse/plugins/com.st.stm32cube.ide.mcu.externaltools.gnu-tools-for-stm32.11.3.rel1.macos64_1.1.100.202310310803/tools/bin/../lib/gcc/arm-none-eabi/11.3.1/thumb/v7e-m+fp/hard/crtbegin.o
                0x00000000200000a0                . = ALIGN (0x4)

.bss            0x00000000200000a0     0x5c10 load address 0x000000000800e9b4
                0x00000000200000a0                _sbss = .
                0x00000000200000a0                __bss_start__ = _sbss
 *(.bss)
 .bss           0x00000000200000a0       0x1c /Applications/STM32CubeIDE.app/Contents/Eclipse/plugins/com.st.stm32cube.ide.mcu.externaltools.gnu-tools-for-stm32.11.3.rel1.macos64_1.1.100.202310310803/tools/bin/../lib/gcc/arm-none-eabi/11.3.1/thumb/v7e-m+fp/hard/crtbegin.o
 *(.bss*)
 .bss.xIdleTaskTCBBuffer
                0x00000000200000bc       0x54 ./Core/Src/freertos.o
 .bss.xIdleStack
                0x0000000020000110      0x200 ./Core/Src/freertos.o
 .bss.hcan1     0x0000000020000310       0x28 ./Core/Src/main.o
                0x0000000020000310                hcan1
 .bss.hspi2     0x0000000020000338       0x58 ./Core/Src/main.o
                0x0000000020000338                hspi2
 .bss.htim3     0x0000000020000390       0x48 ./Core/Src/main.o
                0x0000000020000390                htim3
 .bss.htim4     0x00000000200003d8       0x48 ./Core/Src/main.o
                0x00000000200003d8                htim4
 .bss.htim5     0x0000000020000420       0x48 ./Core/Src/main.o
                0x0000000020000420                htim5
 .bss.htim8     0x0000000020000468       0x48 ./Core/Src/main.o