../Core/Src/main.c:1081:6:task2_joystick	104	static
../Core/Src/main.c:1253:6:DC_motor	8	static
../Core/Src/main.c:1378:6:StartTask05	8	static
../Core/Src/main.c:310:6:SystemClock_Config	88	static,ignoring_inline_asm
../Core/Src/main.c:203:5:main	176	static,ignoring_inline_asm
../Core/Src/main.c:903:6:MotorUp	8	static
../Core/Src/main.c:909:6:MotorDown	8	static
../Core/Src/main.c:916:6:MotorStop	8	static
../Core/Src/main.c:923:6:calculatePID	16	static
../Core/Src/main.c:937:6:motorspeed	0	static
../Core/Src/main.c:1314:6:Colorcheck	8	static
../Core/Src/main.c:959:6:HAL_CAN_RxFifo0MsgPendingCallback	16	static
../Core/Src/main.c:984:6:can_transmit	48	static
../Core/Src/main.c:1016:6:Wheel_task	32	static
../Core/Src/main.c:1446:6:HAL_TIM_PeriodElapsedCallback	0	static
../Core/Src/main.c:1463:6:Error_Handler	0	static,ignoring_inline_asm
