../Core/Src/main.c:205:5:main	160	static
../Core/Src/main.c:312:6:SystemClock_Config	88	static
../Core/Src/main.c:360:13:MX_CAN1_Init	8	static
../Core/Src/main.c:423:13:MX_SPI2_Init	8	static
../Core/Src/main.c:461:13:MX_TIM3_Init	48	static
../Core/Src/main.c:519:13:MX_TIM4_Init	64	static
../Core/Src/main.c:582:13:MX_TIM5_Init	56	static
../Core/Src/main.c:631:13:MX_TIM8_Init	96	static
../Core/Src/main.c:710:13:MX_UART4_Init	8	static
../Core/Src/main.c:743:13:MX_USART2_UART_Init	8	static
../Core/Src/main.c:774:13:MX_DMA_Init	16	static
../Core/Src/main.c:801:13:MX_GPIO_Init	48	static
../Core/Src/main.c:905:6:MotorUp	8	static
../Core/Src/main.c:911:6:MotorDown	8	static
../Core/Src/main.c:918:6:MotorStop	8	static
../Core/Src/main.c:925:6:calculatePID	8	static
../Core/Src/main.c:939:6:motorspeed	8	static
../Core/Src/main.c:961:6:HAL_CAN_RxFifo0MsgPendingCallback	16	static
../Core/Src/main.c:986:6:can_transmit	48	static
../Core/Src/main.c:1018:6:Wheel_task	24	static
../Core/Src/main.c:1083:6:task2_joystick	160	static
../Core/Src/main.c:1256:6:DC_motor	16	static
../Core/Src/main.c:1317:6:Colorcheck	16	static
../Core/Src/main.c:1381:6:StartTask05	16	static
../Core/Src/main.c:1449:6:HAL_TIM_PeriodElapsedCallback	16	static
../Core/Src/main.c:1466:6:Error_Handler	4	static,ignoring_inline_asm
