../Core/Src/main.c:203:5:main	160	static
../Core/Src/main.c:310:6:SystemClock_Config	88	static
../Core/Src/main.c:358:13:MX_CAN1_Init	8	static
../Core/Src/main.c:421:13:MX_SPI2_Init	8	static
../Core/Src/main.c:459:13:MX_TIM3_Init	48	static
../Core/Src/main.c:517:13:MX_TIM4_Init	64	static
../Core/Src/main.c:580:13:MX_TIM5_Init	56	static
../Core/Src/main.c:629:13:MX_TIM8_Init	96	static
../Core/Src/main.c:708:13:MX_UART4_Init	8	static
../Core/Src/main.c:741:13:MX_USART2_UART_Init	8	static
../Core/Src/main.c:772:13:MX_DMA_Init	16	static
../Core/Src/main.c:799:13:MX_GPIO_Init	48	static
../Core/Src/main.c:903:6:MotorUp	8	static
../Core/Src/main.c:909:6:MotorDown	8	static
../Core/Src/main.c:916:6:MotorStop	8	static
../Core/Src/main.c:923:6:calculatePID	8	static
../Core/Src/main.c:937:6:motorspeed	8	static
../Core/Src/main.c:959:6:HAL_CAN_RxFifo0MsgPendingCallback	16	static
../Core/Src/main.c:984:6:can_transmit	48	static
../Core/Src/main.c:1016:6:Wheel_task	24	static
../Core/Src/main.c:1081:6:task2_joystick	160	static
../Core/Src/main.c:1253:6:DC_motor	16	static
../Core/Src/main.c:1314:6:Colorcheck	16	static
../Core/Src/main.c:1378:6:StartTask05	16	static
../Core/Src/main.c:1446:6:HAL_TIM_PeriodElapsedCallback	16	static
../Core/Src/main.c:1463:6:Error_Handler	4	static,ignoring_inline_asm
