Archive member included to satisfy reference by file (symbol)

/opt/st/stm32cubeide_1.14.0/plugins/com.st.stm32cube.ide.mcu.externaltools.gnu-tools-for-stm32.11.3.rel1.linux64_1.1.100.202309141235/tools/bin/../lib/gcc/arm-none-eabi/11.3.1/../../../../arm-none-eabi/lib/thumb/v7e-m+fp/hard/libm.a(libm_a-w_atan2.o)
                              ./Core/Src/main.o (atan2)
/opt/st/stm32cubeide_1.14.0/plugins/com.st.stm32cube.ide.mcu.externaltools.gnu-tools-for-stm32.11.3.rel1.linux64_1.1.100.202309141235/tools/bin/../lib/gcc/arm-none-eabi/11.3.1/../../../../arm-none-eabi/lib/thumb/v7e-m+fp/hard/libm.a(libm_a-w_sqrt.o)
                              ./Core/Src/main.o (sqrt)
/opt/st/stm32cubeide_1.14.0/plugins/com.st.stm32cube.ide.mcu.externaltools.gnu-tools-for-stm32.11.3.rel1.linux64_1.1.100.202309141235/tools/bin/../lib/gcc/arm-none-eabi/11.3.1/../../../../arm-none-eabi/lib/thumb/v7e-m+fp/hard/libm.a(libm_a-s_cos.o)
                              ./Core/Src/main.o (cos)
/opt/st/stm32cubeide_1.14.0/plugins/com.st.stm32cube.ide.mcu.externaltools.gnu-tools-for-stm32.11.3.rel1.linux64_1.1.100.202309141235/tools/bin/../lib/gcc/arm-none-eabi/11.3.1/../../../../arm-none-eabi/lib/thumb/v7e-m+fp/hard/libm.a(libm_a-s_sin.o)
                              ./Core/Src/main.o (sin)
/opt/st/stm32cubeide_1.14.0/plugins/com.st.stm32cube.ide.mcu.externaltools.gnu-tools-for-stm32.11.3.rel1.linux64_1.1.100.202309141235/tools/bin/../lib/gcc/arm-none-eabi/11.3.1/../../../../arm-none-eabi/lib/thumb/v7e-m+fp/hard/libm.a(libm_a-e_sqrt.o)
                              /opt/st/stm32cubeide_1.14.0/plugins/com.st.stm32cube.ide.mcu.externaltools.gnu-tools-for-stm32.11.3.rel1.linux64_1.1.100.202309141235/tools/bin/../lib/gcc/arm-none-eabi/11.3.1/../../../../arm-none-eabi/lib/thumb/v7e-m+fp/hard/libm.a(libm_a-w_sqrt.o) (__ieee754_sqrt)
/opt/st/stm32cubeide_1.14.0/plugins/com.st.stm32cube.ide.mcu.externaltools.gnu-tools-for-stm32.11.3.rel1.linux64_1.1.100.202309141235/tools/bin/../lib/gcc/arm-none-eabi/11.3.1/../../../../arm-none-eabi/lib/thumb/v7e-m+fp/hard/libm.a(libm_a-k_cos.o)
                              /opt/st/stm32cubeide_1.14.0/plugins/com.st.stm32cube.ide.mcu.externaltools.gnu-tools-for-stm32.11.3.rel1.linux64_1.1.100.202309141235/tools/bin/../lib/gcc/arm-none-eabi/11.3.1/../../../../arm-none-eabi/lib/thumb/v7e-m+fp/hard/libm.a(libm_a-s_cos.o) (__kernel_cos)
/opt/st/stm32cubeide_1.14.0/plugins/com.st.stm32cube.ide.mcu.externaltools.gnu-tools-for-stm32.11.3.rel1.linux64_1.1.100.202309141235/tools/bin/../lib/gcc/arm-none-eabi/11.3.1/../../../../arm-none-eabi/lib/thumb/v7e-m+fp/hard/libm.a(libm_a-k_sin.o)
                              /opt/st/stm32cubeide_1.14.0/plugins/com.st.stm32cube.ide.mcu.externaltools.gnu-tools-for-stm32.11.3.rel1.linux64_1.1.100.202309141235/tools/bin/../lib/gcc/arm-none-eabi/11.3.1/../../../../arm-none-eabi/lib/thumb/v7e-m+fp/hard/libm.a(libm_a-s_cos.o) (__kernel_sin)
/opt/st/stm32cubeide_1.14.0/plugins/com.st.stm32cube.ide.mcu.externaltools.gnu-tools-for-stm32.11.3.rel1.linux64_1.1.100.202309141235/tools/bin/../lib/gcc/arm-none-eabi/11.3.1/../../../../arm-none-eabi/lib/thumb/v7e-m+fp/hard/libm.a(libm_a-e_atan2.o)
                              /opt/st/stm32cubeide_1.14.0/plugins/com.st.stm32cube.ide.mcu.externaltools.gnu-tools-for-stm32.11.3.rel1.linux64_1.1.100.202309141235/tools/bin/../lib/gcc/arm-none-eabi/11.3.1/../../../../arm-none-eabi/lib/thumb/v7e-m+fp/hard/libm.a(libm_a-w_atan2.o) (__ieee754_atan2)
/opt/st/stm32cubeide_1.14.0/plugins/com.st.stm32cube.ide.mcu.externaltools.gnu-tools-for-stm32.11.3.rel1.linux64_1.1.100.202309141235/tools/bin/../lib/gcc/arm-none-eabi/11.3.1/../../../../arm-none-eabi/lib/thumb/v7e-m+fp/hard/libm.a(libm_a-e_rem_pio2.o)
                              /opt/st/stm32cubeide_1.14.0/plugins/com.st.stm32cube.ide.mcu.externaltools.gnu-tools-for-stm32.11.3.rel1.linux64_1.1.100.202309141235/tools/bin/../lib/gcc/arm-none-eabi/11.3.1/../../../../arm-none-eabi/lib/thumb/v7e-m+fp/hard/libm.a(libm_a-s_cos.o) (__ieee754_rem_pio2)
/opt/st/stm32cubeide_1.14.0/plugins/com.st.stm32cube.ide.mcu.externaltools.gnu-tools-for-stm32.11.3.rel1.linux64_1.1.100.202309141235/tools/bin/../lib/gcc/arm-none-eabi/11.3.1/../../../../arm-none-eabi/lib/thumb/v7e-m+fp/hard/libm.a(libm_a-s_atan.o)
                              /opt/st/stm32cubeide_1.14.0/plugins/com.st.stm32cube.ide.mcu.externaltools.gnu-tools-for-stm32.11.3.rel1.linux64_1.1.100.202309141235/tools/bin/../lib/gcc/arm-none-eabi/11.3.1/../../../../arm-none-eabi/lib/thumb/v7e-m+fp/hard/libm.a(libm_a-e_atan2.o) (atan)
/opt/st/stm32cubeide_1.14.0/plugins/com.st.stm32cube.ide.mcu.externaltools.gnu-tools-for-stm32.11.3.rel1.linux64_1.1.100.202309141235/tools/bin/../lib/gcc/arm-none-eabi/11.3.1/../../../../arm-none-eabi/lib/thumb/v7e-m+fp/hard/libm.a(libm_a-s_fabs.o)
[...]
Memory Configuration

Name             Origin             Length             Attributes
RAM              0x0000000020000000 0x0000000000020000 xrw
FLASH            0x0000000008000000 0x0000000000080000 xr
*default*        0x0000000000000000 0xffffffffffffffff

Linker script and memory map

LOAD /opt/st/stm32cubeide_1.14.0/plugins/com.st.stm32cube.ide.mcu.externaltools.gnu-tools-for-stm32.11.3.rel1.linux64_1.1.100.202309141235/tools/bin/../lib/gcc/arm-none-eabi/11.3.1/thumb/v7e-m+fp/hard/crti.o
LOAD /opt/st/stm32cubeide_1.14.0/plugins/com.st.stm32cube.ide.mcu.externaltools.gnu-tools-for-stm32.11.3.rel1.linux64_1.1.100.202309141235/tools/bin/../lib/gcc/arm-none-eabi/11.3.1/thumb/v7e-m+fp/hard/crtbegin.o
LOAD /opt/st/stm32cubeide_1.14.0/plugins/com.st.stm32cube.ide.mcu.externaltools.gnu-tools-for-stm32.11.3.rel1.linux64_1.1.100.202309141235/tools/bin/../lib/gcc/arm-none-eabi/11.3.1/../../../../arm-none-eabi/lib/thumb/v7e-m+fp/hard/crt0.o
LOAD ./Core/Src/duration.o
LOAD ./Core/Src/freertos.o
LOAD ./Core/Src/main.o
LOAD ./Core/Src/mainpp.o
LOAD ./Core/Src/stm32f4xx_hal_msp.o
LOAD ./Core/Src/stm32f4xx_hal_timebase_tim.o
LOAD ./Core/Src/stm32f4xx_it.o
LOAD ./Core/Src/syscalls.o
LOAD ./Core/Src/sysmem.o
LOAD ./Core/Src/system_stm32f4xx.o
LOAD ./Core/Src/time.o
LOAD ./Core/Startup/startup_stm32f446retx.o
LOAD ./Drivers/STM32F4xx_HAL_Driver/Src/stm32f4xx_hal.o
LOAD ./Drivers/STM32F4xx_HAL_Driver/Src/stm32f4xx_hal_can.o
LOAD ./Drivers/STM32F4xx_HAL_Driver/Src/stm32f4xx_hal_cortex.o
LOAD ./Drivers/STM32F4xx_HAL_Driver/Src/stm32f4xx_hal_dma.o
LOAD ./Drivers/STM32F4xx_HAL_Driver/Src/stm32f4xx_hal_dma_ex.o
LOAD ./Drivers/STM32F4xx_HAL_Driver/Src/stm32f4xx_hal_exti.o
LOAD ./Drivers/STM32F4xx_HAL_Driver/Src/stm32f4xx_hal_flash.o
LOAD ./Drivers/STM32F4xx_HAL_Driver/Src/stm32f4xx_hal_flash_ex.o
LOAD ./Drivers/STM32F4xx_HAL_Driver/Src/stm32f4xx_hal_flash_ramfunc.o
LOAD ./Drivers/STM32F4xx_HAL_Driver/Src/stm32f4xx_hal_gpio.o
LOAD ./Drivers/STM32F4xx_HAL_Driver/Src/stm32f4xx_hal_pwr.o
LOAD ./Drivers/STM32F4xx_HAL_Driver/Src/stm32f4xx_hal_pwr_ex.o
LOAD ./Drivers/STM32F4xx_HAL_Driver/Src/stm32f4xx_hal_rcc.o
LOAD ./Drivers/STM32F4xx_HAL_Driver/Src/stm32f4xx_hal_rcc_ex.o
LOAD ./Drivers/STM32F4xx_HAL_Driver/Src/stm32f4xx_hal_spi.o
LOAD ./Drivers/STM32F4xx_HAL_Driver/Src/stm32f4xx_hal_tim.o
LOAD ./Drivers/STM32F4xx_HAL_Driver/Src/stm32f4xx_hal_tim_ex.o
LOAD ./Drivers/STM32F4xx_HAL_Driver/Src/stm32f4xx_hal_uart.o
LOAD ./Middlewares/Third_Party/FreeRTOS/Source/CMSIS_RTOS/cmsis_os.o
LOAD ./Middlewares/Third_Party/FreeRTOS/Source/croutine.o
LOAD ./Middlewares/Third_Party/FreeRTOS/Source/event_groups.o
LOAD ./Middlewares/Third_Party/FreeRTOS/Source/list.o
LOAD ./Middlewares/Third_Party/FreeRTOS/Source/queue.o
LOAD ./Middlewares/Third_Party/FreeRTOS/Source/stream_buffer.o
LOAD ./Middlewares/Third_Party/FreeRTOS/Source/tasks.o
LOAD ./Middlewares/Third_Party/FreeRTOS/Source/timers.o
LOAD ./Middlewares/Third_Party/FreeRTOS/Source/portable/GCC/ARM_CM4F/port.o
LOAD ./Middlewares/Third_Party/FreeRTOS/Source/portable/MemMang/heap_4.o
START GROUP
LOAD /opt/st/stm32cubeide_1.14.0/plugins/com.st.stm32cube.ide.mcu.externaltools.gnu-tools-for-stm32.11.3.rel1.linux64_1.1.100.202309141235/tools/bin/../lib/gcc/arm-none-eabi/11.3.1/../../../../arm-none-eabi/lib/thumb/v7e-m+fp/hard/libstdc++_nano.a
LOAD /opt/st/stm32cubeide_1.14.0/plugins/com.st.stm32cube.ide.mcu.externaltools.gnu-tools-for-stm32.11.3.rel1.linux64_1.1.100.202309141235/tools/bin/../lib/gcc/arm-none-eabi/11.3.1/../../../../arm-none-eabi/lib/thumb/v7e-m+fp/hard/libsupc++_nano.a
END GROUP
LOAD /opt/st/stm32cubeide_1.14.0/plugins/com.st.stm32cube.ide.mcu.externaltools.gnu-tools-for-stm32.11.3.rel1.linux64_1.1.100.202309141235/tools/bin/../lib/gcc/arm-none-eabi/11.3.1/../../../../arm-none-eabi/lib/thumb/v7e-m+fp/hard/libstdc++_nano.a
LOAD /opt/st/stm32cubeide_1.14.0/plugins/com.st.stm32cube.ide.mcu.externaltools.gnu-tools-for-stm32.11.3.rel1.linux64_1.1.100.202309141235/tools/bin/../lib/gcc/arm-none-eabi/11.3.1/../../../../arm-none-eabi/lib/thumb/v7e-m+fp/hard/libm.a
LOAD /opt/st/stm32cubeide_1.14.0/plugins/com.st.stm32cube.ide.mcu.externaltools.gnu-tools-for-stm32.11.3.rel1.linux64_1.1.100.202309141235/tools/bin/../lib/gcc/arm-none-eabi/11.3.1/../../../../arm-none-eabi/lib/thumb/v7e-m+fp/hard/libc_nano.a
START GROUP
LOAD /opt/st/stm32cubeide_1.14.0/plugins/com.st.stm32cube.ide.mcu.externaltools.gnu-tools-for-stm32.11.3.rel1.linux64_1.1.100.202309141235/tools/bin/../lib/gcc/arm-none-eabi/11.3.1/thumb/v7e-m+fp/hard/libgcc.a
LOAD /opt/st/stm32cubeide_1.14.0/plugins/com.st.stm32cube.ide.mcu.externaltools.gnu-tools-for-stm32.11.3.rel1.linux64_1.1.100.202309141235/tools/bin/../lib/gcc/arm-none-eabi/11.3.1/../../../../arm-none-eabi/lib/thumb/v7e-m+fp/hard/libc_nano.a
END GROUP
START GROUP
LOAD /opt/st/stm32cubeide_1.14.0/plugins/com.st.stm32cube.ide.mcu.externaltools.gnu-tools-for-stm32.11.3.rel1.linux64_1.1.100.202309141235/tools/bin/../lib/gcc/arm-none-eabi/11.3.1/thumb/v7e-m+fp/hard/libgcc.a
LOAD /opt/st/stm32cubeide_1.14.0/plugins/com.st.stm32cube.ide.mcu.externaltools.gnu-tools-for-stm32.11.3.rel1.linux64_1.1.100.202309141235/tools/bin/../lib/gcc/arm-none-eabi/11.3.1/../../../../arm-none-eabi/lib/thumb/v7e-m+fp/hard/libc_nano.a
END GROUP
LOAD /opt/st/stm32cubeide_1.14.0/plugins/com.st.stm32cube.ide.mcu.externaltools.gnu-tools-for-stm32.11.3.rel1.linux64_1.1.100.202309141235/tools/bin/../lib/gcc/arm-none-eabi/11.3.1/thumb/v7e-m+fp/hard/crtend.o
LOAD /opt/st/stm32cubeide_1.14.0/plugins/com.st.stm32cube.ide.mcu.externaltools.gnu-tools-for-stm32.11.3.rel1.linux64_1.1.100.202309141235/tools/bin/../lib/gcc/arm-none-eabi/11.3.1/thumb/v7e-m+fp/hard/crtn.o
                0x0000000020020000                _estack = (ORIGIN (RAM) + LENGTH (RAM))
                0x0000000000000200                _Min_Heap_Size = 0x200
                0x0000000000000400                _Min_Stack_Size = 0x400

.isr_vector     0x0000000008000000      0x1c4
                0x0000000008000000                . = ALIGN (0x4)
 *(.isr_vector)
 .isr_vector    0x0000000008000000      0x1c4 ./Core/Startup/startup_stm32f446retx.o
                0x0000000008000000                g_pfnVectors
                0x00000000080001c4                . = ALIGN (0x4)

.text           0x00000000080001d0     0x8750
                0x00000000080001d0                . = ALIGN (0x4)
 *(.text)
 .text          0x00000000080001d0       0x40 /opt/st/stm32cubeide_1.14.0/plugins/com.st.stm32cube.ide.mcu.externaltools.gnu-tools-for-stm32.11.3.rel1.linux64_1.1.100.202309141235/tools/bin/../lib/gcc/arm-none-eabi/11.3.1/thumb/v7e-m+fp/hard/crtbegin.o
 .text          0x0000000008000210       0x10 /opt/st/stm32cubeide_1.14.0/plugins/com.st.stm32cube.ide.mcu.externaltools.gnu-tools-for-stm32.11.3.rel1.linux64_1.1.100.202309141235/tools/bin/../lib/gcc/arm-none-eabi/11.3.1/../../../../arm-none-eabi/lib/thumb/v7e-m+fp/hard/libc_nano.a(libc_a-strlen.o)
                0x0000000008000210                strlen
 .text          0x0000000008000220      0x378 /opt/st/stm32cubeide_1.14.0/plugins/com.st.stm32cube.ide.mcu.externaltools.gnu-tools-for-stm32.11.3.rel1.linux64_1.1.100.202309141235/tools/bin/../lib/gcc/arm-none-eabi/11.3.1/thumb/v7e-m+fp/hard/libgcc.a(_arm_addsubdf3.o)
                0x0000000008000220                __aeabi_drsub
                0x0000000008000228                __aeabi_dsub
                0x0000000008000228                __subdf3
                0x000000000800022c                __adddf3
                0x000000000800022c                __aeabi_dadd
                0x00000000080004a4                __aeabi_ui2d
                0x00000000080004a4                __floatunsidf
                0x00000000080004c4                __floatsidf
                0x00000000080004c4                __aeabi_i2d
                0x00000000080004e8                __extendsfdf2
                0x00000000080004e8                __aeabi_f2d
                0x000000000800052c                __aeabi_ul2d
                0x000000000800052c                __floatundidf
                0x000000000800053c                __floatdidf
                0x000000000800053c                __aeabi_l2d
 .text          0x0000000008000598      0x424 /opt/st/stm32cubeide_1.14.0/plugins/com.st.stm32cube.ide.mcu.externaltools.gnu-tools-for-stm32.11.3.rel1.linux64_1.1.100.202309141235/tools/bin/../lib/gcc/arm-none-eabi/11.3.1/thumb/v7e-m+fp/hard/libgcc.a(_arm_muldivdf3.o)
                0x0000000008000598                __aeabi_dmul
                0x0000000008000598                __muldf3
                0x00000000080007ec                __aeabi_ddiv
                0x00000000080007ec                __divdf3
 .text          0x00000000080009bc      0x110 /opt/st/stm32cubeide_1.14.0/plugins/com.st.stm32cube.ide.mcu.externaltools.gnu-tools-for-stm32.11.3.rel1.linux64_1.1.100.202309141235/tools/bin/../lib/gcc/arm-none-eabi/11.3.1/thumb/v7e-m+fp/hard/libgcc.a(_arm_cmpdf2.o)
                0x00000000080009bc                __gtdf2
                0x00000000080009bc                __gedf2
                0x00000000080009c4                __ltdf2
                0x00000000080009c4                __ledf2
                0x00000000080009cc                __cmpdf2
                0x00000000080009cc                __eqdf2
                0x00000000080009cc                __nedf2
                0x0000000008000a48                __aeabi_cdrcmple
                0x0000000008000a58                __aeabi_cdcmple
                0x0000000008000a58                __aeabi_cdcmpeq
                0x0000000008000a68                __aeabi_dcmpeq
                0x0000000008000a7c                __aeabi_dcmplt
                0x0000000008000a90                __aeabi_dcmple
                0x0000000008000aa4                __aeabi_dcmpge
                0x0000000008000ab8                __aeabi_dcmpgt
 .text          0x0000000008000acc       0x2c /opt/st/stm32cubeide_1.14.0/plugins/com.st.stm32cube.ide.mcu.externaltools.gnu-tools-for-stm32.11.3.rel1.linux64_1.1.100.202309141235/tools/bin/../lib/gcc/arm-none-eabi/11.3.1/thumb/v7e-m+fp/hard/libgcc.a(_arm_unorddf2.o)
                0x0000000008000acc                __aeabi_dcmpun
                0x0000000008000acc                __unorddf2
 .text          0x0000000008000af8       0x50 /opt/st/stm32cubeide_1.14.0/plugins/com.st.stm32cube.ide.mcu.externaltools.gnu-tools-for-stm32.11.3.rel1.linux64_1.1.100.202309141235/tools/bin/../lib/gcc/arm-none-eabi/11.3.1/thumb/v7e-m+fp/hard/libgcc.a(_arm_fixdfsi.o)
                0x0000000008000af8                __fixdfsi
                0x0000000008000af8                __aeabi_d2iz
 .text          0x0000000008000b48       0x30 /opt/st/stm32cubeide_1.14.0/plugins/com.st.stm32cube.ide.mcu.externaltools.gnu-tools-for-stm32.11.3.rel1.linux64_1.1.100.202309141235/tools/bin/../lib/gcc/arm-none-eabi/11.3.1/thumb/v7e-m+fp/hard/libgcc.a(_aeabi_uldivmod.o)
                0x0000000008000b48                __aeabi_uldivmod
 .text          0x0000000008000b78      0x2c8 /opt/st/stm32cubeide_1.14.0/plugins/com.st.stm32cube.ide.mcu.externaltools.gnu-tools-for-stm32.11.3.rel1.linux64_1.1.100.202309141235/tools/bin/../lib/gcc/arm-none-eabi/11.3.1/thumb/v7e-m+fp/hard/libgcc.a(_udivmoddi4.o)
                0x0000000008000b78                __udivmoddi4
 .text          0x0000000008000e40        0x4 /opt/st/stm32cubeide_1.14.0/plugins/com.st.stm32cube.ide.mcu.externaltools.gnu-tools-for-stm32.11.3.rel1.linux64_1.1.100.202309141235/tools/bin/../lib/gcc/arm-none-eabi/11.3.1/thumb/v7e-m+fp/hard/libgcc.a(_dvmd_tls.o)
                0x0000000008000e40                __aeabi_ldiv0
                0x0000000008000e40                __aeabi_idiv0
 *(.text*)
 .text.vApplicationGetIdleTaskMemory
                0x0000000008000e44       0x18 ./Core/Src/freertos.o
                0x0000000008000e44                vApplicationGetIdleTaskMemory
 *fill*         0x0000000008000e5c        0x4 
 .text.task2_joystick
                0x0000000008000e60      0x5c8 ./Core/Src/main.o
                0x0000000008000e60                task2_joystick
 .text.DC_motor
                0x0000000008001428       0xf0 ./Core/Src/main.o
                0x0000000008001428                DC_motor
 .text.StartTask05
                0x0000000008001518      0x118 ./Core/Src/main.o
                0x0000000008001518                StartTask05
 .text.SystemClock_Config
                0x0000000008001630       0xa4 ./Core/Src/main.o
                0x0000000008001630                SystemClock_Config
 .text.startup.main
                0x00000000080016d4      0x600 ./Core/Src/main.o
                0x00000000080016d4                main
 .text.MotorUp  0x0000000008001cd4       0x24 ./Core/Src/main.o
                0x0000000008001cd4                MotorUp
 .text.MotorDown
                0x0000000008001cf8       0x24 ./Core/Src/main.o
                0x0000000008001cf8                MotorDown
 .text.MotorStop
                0x0000000008001d1c       0x2c ./Core/Src/main.o
                0x0000000008001d1c                MotorStop
 .text.calculatePID
                0x0000000008001d48       0xc8 ./Core/Src/main.o
                0x0000000008001d48                calculatePID
 .text.motorspeed
                0x0000000008001e10       0x70 ./Core/Src/main.o
                0x0000000008001e10                motorspeed
 .text.Colorcheck
                0x0000000008001e80      0x128 ./Core/Src/main.o
                0x0000000008001e80                Colorcheck
 .text.HAL_CAN_RxFifo0MsgPendingCallback
                0x0000000008001fa8       0xd8 ./Core/Src/main.o
                0x0000000008001fa8                HAL_CAN_RxFifo0MsgPendingCallback
 .text.can_transmit
                0x0000000008002080       0x64 ./Core/Src/main.o
                0x0000000008002080                can_transmit
 .text.Wheel_task
                0x00000000080020e4      0x208 ./Core/Src/main.o
                0x00000000080020e4                Wheel_task
 .text.HAL_TIM_PeriodElapsedCallback
                0x00000000080022ec       0x14 ./Core/Src/main.o
                0x00000000080022ec                HAL_TIM_PeriodElapsedCallback
 .text.Error_Handler
                0x0000000008002300        0x4 ./Core/Src/main.o
                0x0000000008002300                Error_Handler
 .text._ZNK8std_msgs4Time9serializeEPh
                0x0000000008002304       0x28 ./Core/Src/mainpp.o
                0x0000000008002304                std_msgs::Time::serialize(unsigned char*) const
 .text._ZN8std_msgs4Time11deserializeEPh
                0x000000000800232c       0x3c ./Core/Src/mainpp.o
                0x000000000800232c                std_msgs::Time::deserialize(unsigned char*)
 .text._ZN8std_msgs4Time7getTypeEv
                0x0000000008002368        0x8 ./Core/Src/mainpp.o
                0x0000000008002368                std_msgs::Time::getType()
 .text._ZN8std_msgs4Time6getMD5Ev
                0x0000000008002370        0x8 ./Core/Src/mainpp.o
                0x0000000008002370                std_msgs::Time::getMD5()
 .text._ZN14rosserial_msgs9TopicInfo7getTypeEv
                0x0000000008002378        0x8 ./Core/Src/mainpp.o
                0x0000000008002378                rosserial_msgs::TopicInfo::getType()
 .text._ZN14rosserial_msgs9TopicInfo6getMD5Ev
                0x0000000008002380        0x8 ./Core/Src/mainpp.o
                0x0000000008002380                rosserial_msgs::TopicInfo::getMD5()
 .text._ZN14rosserial_msgs3Log7getTypeEv
                0x0000000008002388        0x8 ./Core/Src/mainpp.o
                0x0000000008002388                rosserial_msgs::Log::getType()
 .text._ZN14rosserial_msgs3Log6getMD5Ev
                0x0000000008002390        0x8 ./Core/Src/mainpp.o
                0x0000000008002390                rosserial_msgs::Log::getMD5()
 .text._ZN14rosserial_msgs20RequestParamResponse7getTypeEv
                0x0000000008002398        0x8 ./Core/Src/mainpp.o
                0x0000000008002398                rosserial_msgs::RequestParamResponse::getType()
 .text._ZN14rosserial_msgs20RequestParamResponse6getMD5Ev
                0x00000000080023a0        0x8 ./Core/Src/mainpp.o
                0x00000000080023a0                rosserial_msgs::RequestParamResponse::getMD5()
 .text._ZN8std_msgs6String7getTypeEv
                0x00000000080023a8        0x8 ./Core/Src/mainpp.o
                0x00000000080023a8                std_msgs::String::getType()
 .text._ZN8std_msgs6String6getMD5Ev
                0x00000000080023b0        0x8 ./Core/Src/mainpp.o
                0x00000000080023b0                std_msgs::String::getMD5()
 .text._ZN8std_msgs19MultiArrayDimension7getTypeEv
                0x00000000080023b8        0x8 ./Core/Src/mainpp.o
                0x00000000080023b8                std_msgs::MultiArrayDimension::getType()
 .text._ZN8std_msgs19MultiArrayDimension6getMD5Ev
                0x00000000080023c0        0x8 ./Core/Src/mainpp.o
                0x00000000080023c0                std_msgs::MultiArrayDimension::getMD5()
 .text._ZNK8std_msgs16MultiArrayLayout9serializeEPh
                0x00000000080023c8       0x50 ./Core/Src/mainpp.o
                0x00000000080023c8                std_msgs::MultiArrayLayout::serialize(unsigned char*) const
 .text._ZN8std_msgs16MultiArrayLayout7getTypeEv
                0x0000000008002418        0x8 ./Core/Src/mainpp.o
                0x0000000008002418                std_msgs::MultiArrayLayout::getType()
 .text._ZN8std_msgs16MultiArrayLayout6getMD5Ev
                0x0000000008002420        0x8 ./Core/Src/mainpp.o
                0x0000000008002420                std_msgs::MultiArrayLayout::getMD5()
 .text._ZNK8std_msgs15Int16MultiArray9serializeEPh
                0x0000000008002428       0x44 ./Core/Src/mainpp.o
                0x0000000008002428                std_msgs::Int16MultiArray::serialize(unsigned char*) const
 .text._ZN8std_msgs15Int16MultiArray7getTypeEv
                0x000000000800246c        0x8 ./Core/Src/mainpp.o
                0x000000000800246c                std_msgs::Int16MultiArray::getType()
 .text._ZN8std_msgs15Int16MultiArray6getMD5Ev
                0x0000000008002474        0x8 ./Core/Src/mainpp.o
                0x0000000008002474                std_msgs::Int16MultiArray::getMD5()
 .text._ZN3ros11NodeHandle_I13STM32HardwareLi25ELi25ELi512ELi512EE9connectedEv
                0x000000000800247c        0x6 ./Core/Src/mainpp.o
                0x000000000800247c                ros::NodeHandle_<STM32Hardware, 25, 25, 512, 512>::connected()
 *fill*         0x0000000008002482        0x2 
 .text._ZN3ros11NodeHandle_I13STM32HardwareLi25ELi25ELi512ELi512EE7publishEiPKNS_3MsgE
                0x0000000008002484       0xd0 ./Core/Src/mainpp.o
                0x0000000008002484                ros::NodeHandle_<STM32Hardware, 25, 25, 512, 512>::publish(int, ros::Msg const*)
 .text.HAL_UART_TxCpltCallback
                0x0000000008002554       0x18 ./Core/Src/mainpp.o
                0x0000000008002554                HAL_UART_TxCpltCallback
 .text.HAL_UART_RxCpltCallback
                0x000000000800256c       0x14 ./Core/Src/mainpp.o
                0x000000000800256c                HAL_UART_RxCpltCallback
 .text.setup    0x0000000008002580       0x80 ./Core/Src/mainpp.o
                0x0000000008002580                setup
 .text._ZN3ros3Msg8varToArrIPhmEEvT_T0_
                0x0000000008002600       0x10 ./Core/Src/mainpp.o
                0x0000000008002600                void ros::Msg::varToArr<unsigned char*, unsigned long>(unsigned char*, unsigned long)
 .text._ZNK8std_msgs19MultiArrayDimension9serializeEPh
                0x0000000008002610       0x4c ./Core/Src/mainpp.o
                0x0000000008002610                std_msgs::MultiArrayDimension::serialize(unsigned char*) const
 .text._ZNK8std_msgs6String9serializeEPh
                0x000000000800265c       0x24 ./Core/Src/mainpp.o
                0x000000000800265c                std_msgs::String::serialize(unsigned char*) const
 .text._ZNK14rosserial_msgs20RequestParamResponse9serializeEPh
                0x0000000008002680      0x108 ./Core/Src/mainpp.o
                0x0000000008002680                rosserial_msgs::RequestParamResponse::serialize(unsigned char*) const
 .text._ZNK14rosserial_msgs3Log9serializeEPh
                0x0000000008002788       0x2c ./Core/Src/mainpp.o
                0x0000000008002788                rosserial_msgs::Log::serialize(unsigned char*) const
 .text._ZNK14rosserial_msgs9TopicInfo9serializeEPh
                0x00000000080027b4       0x7e ./Core/Src/mainpp.o
                0x00000000080027b4                rosserial_msgs::TopicInfo::serialize(unsigned char*) const
 .text._ZN3ros3Msg8arrToVarImPhEEvRT_T0_
                0x0000000008002832       0x1c ./Core/Src/mainpp.o
                0x0000000008002832                void ros::Msg::arrToVar<unsigned long, unsigned char*>(unsigned long&, unsigned char*)
 .text._ZN14rosserial_msgs3Log11deserializeEPh
                0x000000000800284e       0x34 ./Core/Src/mainpp.o
                0x000000000800284e                rosserial_msgs::Log::deserialize(unsigned char*)
 .text._ZN14rosserial_msgs9TopicInfo11deserializeEPh
                0x0000000008002882       0xcc ./Core/Src/mainpp.o
                0x0000000008002882                rosserial_msgs::TopicInfo::deserialize(unsigned char*)
 .text._ZN14rosserial_msgs20RequestParamResponse11deserializeEPh
                0x000000000800294e       0xfc ./Core/Src/mainpp.o
                0x000000000800294e                rosserial_msgs::RequestParamResponse::deserialize(unsigned char*)
 .text._ZN8std_msgs6String11deserializeEPh
                0x0000000008002a4a       0x2e ./Core/Src/mainpp.o
                0x0000000008002a4a                std_msgs::String::deserialize(unsigned char*)
 .text._ZN8std_msgs19MultiArrayDimension11deserializeEPh
                0x0000000008002a78       0x68 ./Core/Src/mainpp.o
                0x0000000008002a78                std_msgs::MultiArrayDimension::deserialize(unsigned char*)
 .text._ZN8std_msgs16MultiArrayLayout11deserializeEPh
                0x0000000008002ae0       0x74 ./Core/Src/mainpp.o
                0x0000000008002ae0                std_msgs::MultiArrayLayout::deserialize(unsigned char*)
 .text._ZN8std_msgs15Int16MultiArray11deserializeEPh
                0x0000000008002b54       0x5e ./Core/Src/mainpp.o
                0x0000000008002b54                std_msgs::Int16MultiArray::deserialize(unsigned char*)
 *fill*         0x0000000008002bb2        0x2 
 .text._ZN3ros11NodeHandle_I13STM32HardwareLi25ELi25ELi512ELi512EE15requestSyncTimeEv
                0x0000000008002bb4       0x28 ./Core/Src/mainpp.o
                0x0000000008002bb4                ros::NodeHandle_<STM32Hardware, 25, 25, 512, 512>::requestSyncTime()
 .text._ZN3ros11NodeHandle_I13STM32HardwareLi25ELi25ELi512ELi512EE15negotiateTopicsEv
                0x0000000008002bdc       0xb8 ./Core/Src/mainpp.o
                0x0000000008002bdc                ros::NodeHandle_<STM32Hardware, 25, 25, 512, 512>::negotiateTopics()
 .text._ZN3ros11NodeHandle_I13STM32HardwareLi25ELi25ELi512ELi512EE8syncTimeEPh
                0x0000000008002c94       0x7c ./Core/Src/mainpp.o
                0x0000000008002c94                ros::NodeHandle_<STM32Hardware, 25, 25, 512, 512>::syncTime(unsigned char*)
 .text._ZN3ros11NodeHandle_I13STM32HardwareLi25ELi25ELi512ELi512EE8spinOnceEv
                0x0000000008002d10      0x220 ./Core/Src/mainpp.o
                0x0000000008002d10                ros::NodeHandle_<STM32Hardware, 25, 25, 512, 512>::spinOnce()
 .text.loop     0x0000000008002f30       0x30 ./Core/Src/mainpp.o
                0x0000000008002f30                loop
 .text.startup._GLOBAL__sub_I_serial
                0x0000000008002f60      0x130 ./Core/Src/mainpp.o
 .text.HAL_MspInit
                0x0000000008003090       0x40 ./Core/Src/stm32f4xx_hal_msp.o
                0x0000000008003090                HAL_MspInit
 .text.HAL_CAN_MspInit
                0x00000000080030d0       0x7c ./Core/Src/stm32f4xx_hal_msp.o
                0x00000000080030d0                HAL_CAN_MspInit
 .text.HAL_SPI_MspInit
                0x000000000800314c       0x84 ./Core/Src/stm32f4xx_hal_msp.o
                0x000000000800314c                HAL_SPI_MspInit
 .text.HAL_TIM_Base_MspInit
                0x00000000080031d0       0xb0 ./Core/Src/stm32f4xx_hal_msp.o
                0x00000000080031d0                HAL_TIM_Base_MspInit
 .text.HAL_TIM_Encoder_MspInit
                0x0000000008003280       0x64 ./Core/Src/stm32f4xx_hal_msp.o
                0x0000000008003280                HAL_TIM_Encoder_MspInit
 .text.HAL_TIM_MspPostInit
                0x00000000080032e4       0x8c ./Core/Src/stm32f4xx_hal_msp.o
                0x00000000080032e4                HAL_TIM_MspPostInit
 .text.HAL_UART_MspInit
                0x0000000008003370      0x1e4 ./Core/Src/stm32f4xx_hal_msp.o
                0x0000000008003370                HAL_UART_MspInit
 .text.HAL_InitTick
                0x0000000008003554       0x94 ./Core/Src/stm32f4xx_hal_timebase_tim.o
                0x0000000008003554                HAL_InitTick
 .text.NMI_Handler
                0x00000000080035e8        0x2 ./Core/Src/stm32f4xx_it.o
                0x00000000080035e8                NMI_Handler
 .text.HardFault_Handler
                0x00000000080035ea        0x2 ./Core/Src/stm32f4xx_it.o
                0x00000000080035ea                HardFault_Handler
 .text.MemManage_Handler
                0x00000000080035ec        0x2 ./Core/Src/stm32f4xx_it.o
                0x00000000080035ec                MemManage_Handler
 .text.BusFault_Handler
                0x00000000080035ee        0x2 ./Core/Src/stm32f4xx_it.o
                0x00000000080035ee                BusFault_Handler
 .text.UsageFault_Handler
                0x00000000080035f0        0x2 ./Core/Src/stm32f4xx_it.o
                0x00000000080035f0                UsageFault_Handler
 .text.DebugMon_Handler
                0x00000000080035f2        0x2 ./Core/Src/stm32f4xx_it.o
                0x00000000080035f2                DebugMon_Handler
 .text.DMA1_Stream2_IRQHandler
                0x00000000080035f4        0xc ./Core/Src/stm32f4xx_it.o
                0x00000000080035f4                DMA1_Stream2_IRQHandler
 .text.DMA1_Stream4_IRQHandler
                0x0000000008003600        0xc ./Core/Src/stm32f4xx_it.o
                0x0000000008003600                DMA1_Stream4_IRQHandler
 .text.DMA1_Stream5_IRQHandler
                0x000000000800360c        0xc ./Core/Src/stm32f4xx_it.o
                0x000000000800360c                DMA1_Stream5_IRQHandler
 .text.DMA1_Stream6_IRQHandler
                0x0000000008003618        0xc ./Core/Src/stm32f4xx_it.o
                0x0000000008003618                DMA1_Stream6_IRQHandler
 .text.CAN1_RX0_IRQHandler
                0x0000000008003624        0xc ./Core/Src/stm32f4xx_it.o
                0x0000000008003624                CAN1_RX0_IRQHandler
 .text.TIM1_UP_TIM10_IRQHandler
                0x0000000008003630        0xc ./Core/Src/stm32f4xx_it.o
                0x0000000008003630                TIM1_UP_TIM10_IRQHandler
 .text.USART2_IRQHandler
                0x000000000800363c        0xc ./Core/Src/stm32f4xx_it.o
                0x000000000800363c                USART2_IRQHandler
 .text.UART4_IRQHandler
                0x0000000008003648        0xc ./Core/Src/stm32f4xx_it.o
                0x0000000008003648                UART4_IRQHandler
 .text._sbrk    0x0000000008003654       0x40 ./Core/Src/sysmem.o
                0x0000000008003654                _sbrk
 .text.SystemInit
                0x0000000008003694       0x14 ./Core/Src/system_stm32f4xx.o
                0x0000000008003694                SystemInit
 .text._ZN3ros16normalizeSecNSecERmS0_
                0x00000000080036a8       0x1c ./Core/Src/time.o
                0x00000000080036a8                ros::normalizeSecNSec(unsigned long&, unsigned long&)
 .text.Reset_Handler
                0x00000000080036c4       0x50 ./Core/Startup/startup_stm32f446retx.o
                0x00000000080036c4                Reset_Handler
 .text.Default_Handler
                0x0000000008003714        0x2 ./Core/Startup/startup_stm32f446retx.o
                0x0000000008003714                RTC_Alarm_IRQHandler
                0x0000000008003714                EXTI2_IRQHandler
                0x0000000008003714                TIM8_CC_IRQHandler
                0x0000000008003714                FMPI2C1_EV_IRQHandler
                0x0000000008003714                SPI4_IRQHandler
                0x0000000008003714                TIM1_CC_IRQHandler
                0x0000000008003714                DMA2_Stream5_IRQHandler
                0x0000000008003714                PVD_IRQHandler
                0x0000000008003714                SDIO_IRQHandler
                0x0000000008003714                TAMP_STAMP_IRQHandler
                0x0000000008003714                CAN2_RX1_IRQHandler
                0x0000000008003714                EXTI3_IRQHandler
                0x0000000008003714                TIM8_TRG_COM_TIM14_IRQHandler
                0x0000000008003714                TIM8_UP_TIM13_IRQHandler
                0x0000000008003714                I2C3_ER_IRQHandler
                0x0000000008003714                EXTI0_IRQHandler
                0x0000000008003714                I2C2_EV_IRQHandler
                0x0000000008003714                FPU_IRQHandler
                0x0000000008003714                OTG_HS_WKUP_IRQHandler
                0x0000000008003714                CAN2_SCE_IRQHandler
                0x0000000008003714                DMA2_Stream2_IRQHandler
                0x0000000008003714                SPI1_IRQHandler
                0x0000000008003714                TIM6_DAC_IRQHandler
                0x0000000008003714                TIM1_BRK_TIM9_IRQHandler
                0x0000000008003714                DCMI_IRQHandler
                0x0000000008003714                CAN2_RX0_IRQHandler
                0x0000000008003714                DMA2_Stream3_IRQHandler
                0x0000000008003714                SAI2_IRQHandler
                0x0000000008003714                USART6_IRQHandler
                0x0000000008003714                USART3_IRQHandler
                0x0000000008003714                CAN1_RX1_IRQHandler
                0x0000000008003714                UART5_IRQHandler
                0x0000000008003714                DMA2_Stream0_IRQHandler
                0x0000000008003714                TIM4_IRQHandler
                0x0000000008003714                QUADSPI_IRQHandler
                0x0000000008003714                I2C1_EV_IRQHandler
                0x0000000008003714                DMA1_Stream1_IRQHandler
                0x0000000008003714                TIM3_IRQHandler
                0x0000000008003714                RCC_IRQHandler
                0x0000000008003714                TIM8_BRK_TIM12_IRQHandler
                0x0000000008003714                Default_Handler
                0x0000000008003714                CEC_IRQHandler
                0x0000000008003714                EXTI15_10_IRQHandler
                0x0000000008003714                ADC_IRQHandler
                0x0000000008003714                DMA1_Stream7_IRQHandler
                0x0000000008003714                TIM7_IRQHandler
                0x0000000008003714                CAN2_TX_IRQHandler
                0x0000000008003714                TIM5_IRQHandler
                0x0000000008003714                DMA2_Stream7_IRQHandler
                0x0000000008003714                I2C3_EV_IRQHandler
                0x0000000008003714                EXTI9_5_IRQHandler
                0x0000000008003714                RTC_WKUP_IRQHandler
                0x0000000008003714                SPDIF_RX_IRQHandler
                0x0000000008003714                SPI2_IRQHandler
                0x0000000008003714                OTG_HS_EP1_IN_IRQHandler
                0x0000000008003714                DMA1_Stream0_IRQHandler
                0x0000000008003714                CAN1_TX_IRQHandler
                0x0000000008003714                FMPI2C1_ER_IRQHandler
                0x0000000008003714                EXTI4_IRQHandler
                0x0000000008003714                OTG_HS_EP1_OUT_IRQHandler
                0x0000000008003714                WWDG_IRQHandler
                0x0000000008003714                TIM2_IRQHandler
                0x0000000008003714                OTG_FS_WKUP_IRQHandler
                0x0000000008003714                TIM1_TRG_COM_TIM11_IRQHandler
                0x0000000008003714                OTG_HS_IRQHandler
                0x0000000008003714                EXTI1_IRQHandler
                0x0000000008003714                I2C2_ER_IRQHandler
                0x0000000008003714                DMA2_Stream1_IRQHandler
                0x0000000008003714                CAN1_SCE_IRQHandler
                0x0000000008003714                FLASH_IRQHandler
                0x0000000008003714                DMA2_Stream4_IRQHandler
                0x0000000008003714                USART1_IRQHandler
                0x0000000008003714                OTG_FS_IRQHandler
                0x0000000008003714                SPI3_IRQHandler
                0x0000000008003714                I2C1_ER_IRQHandler
                0x0000000008003714                FMC_IRQHandler
                0x0000000008003714                DMA2_Stream6_IRQHandler
                0x0000000008003714                SAI1_IRQHandler
                0x0000000008003714                DMA1_Stream3_IRQHandler
 *fill*         0x0000000008003716        0x2 
 .text.HAL_Init
                0x0000000008003718       0x34 ./Drivers/STM32F4xx_HAL_Driver/Src/stm32f4xx_hal.o
                0x0000000008003718                HAL_Init
 .text.HAL_IncTick
                0x000000000800374c       0x18 ./Drivers/STM32F4xx_HAL_Driver/Src/stm32f4xx_hal.o
                0x000000000800374c                HAL_IncTick
 .text.HAL_GetTick
                0x0000000008003764        0xc ./Drivers/STM32F4xx_HAL_Driver/Src/stm32f4xx_hal.o
                0x0000000008003764                HAL_GetTick
 .text.HAL_Delay
                0x0000000008003770       0x28 ./Drivers/STM32F4xx_HAL_Driver/Src/stm32f4xx_hal.o
                0x0000000008003770                HAL_Delay
 .text.HAL_CAN_Init
                0x0000000008003798       0xf6 ./Drivers/STM32F4xx_HAL_Driver/Src/stm32f4xx_hal_can.o
                0x0000000008003798                HAL_CAN_Init
 *fill*         0x000000000800388e        0x2 
 .text.HAL_CAN_ConfigFilter
                0x0000000008003890      0x10c ./Drivers/STM32F4xx_HAL_Driver/Src/stm32f4xx_hal_can.o
                0x0000000008003890                HAL_CAN_ConfigFilter
 .text.HAL_CAN_Start
                0x000000000800399c       0x5c ./Drivers/STM32F4xx_HAL_Driver/Src/stm32f4xx_hal_can.o
                0x000000000800399c                HAL_CAN_Start
 .text.HAL_CAN_AddTxMessage
                0x00000000080039f8       0x98 ./Drivers/STM32F4xx_HAL_Driver/Src/stm32f4xx_hal_can.o
                0x00000000080039f8                HAL_CAN_AddTxMessage
 .text.HAL_CAN_IsTxMessagePending
                0x0000000008003a90       0x22 ./Drivers/STM32F4xx_HAL_Driver/Src/stm32f4xx_hal_can.o
                0x0000000008003a90                HAL_CAN_IsTxMessagePending
 .text.HAL_CAN_GetRxMessage
                0x0000000008003ab2       0xf8 ./Drivers/STM32F4xx_HAL_Driver/Src/stm32f4xx_hal_can.o
                0x0000000008003ab2                HAL_CAN_GetRxMessage
 .text.HAL_CAN_ActivateNotification
                0x0000000008003baa       0x22 ./Drivers/STM32F4xx_HAL_Driver/Src/stm32f4xx_hal_can.o
                0x0000000008003baa                HAL_CAN_ActivateNotification
 .text.HAL_CAN_TxMailbox0CompleteCallback
                0x0000000008003bcc        0x2 ./Drivers/STM32F4xx_HAL_Driver/Src/stm32f4xx_hal_can.o
                0x0000000008003bcc                HAL_CAN_TxMailbox0CompleteCallback
 .text.HAL_CAN_TxMailbox1CompleteCallback
                0x0000000008003bce        0x2 ./Drivers/STM32F4xx_HAL_Driver/Src/stm32f4xx_hal_can.o
                0x0000000008003bce                HAL_CAN_TxMailbox1CompleteCallback
 .text.HAL_CAN_TxMailbox2CompleteCallback
                0x0000000008003bd0        0x2 ./Drivers/STM32F4xx_HAL_Driver/Src/stm32f4xx_hal_can.o
                0x0000000008003bd0                HAL_CAN_TxMailbox2CompleteCallback
 .text.HAL_CAN_TxMailbox0AbortCallback
                0x0000000008003bd2        0x2 ./Drivers/STM32F4xx_HAL_Driver/Src/stm32f4xx_hal_can.o
                0x0000000008003bd2                HAL_CAN_TxMailbox0AbortCallback
 .text.HAL_CAN_TxMailbox1AbortCallback
                0x0000000008003bd4        0x2 ./Drivers/STM32F4xx_HAL_Driver/Src/stm32f4xx_hal_can.o
                0x0000000008003bd4                HAL_CAN_TxMailbox1AbortCallback
 .text.HAL_CAN_TxMailbox2AbortCallback
                0x0000000008003bd6        0x2 ./Drivers/STM32F4xx_HAL_Driver/Src/stm32f4xx_hal_can.o
                0x0000000008003bd6                HAL_CAN_TxMailbox2AbortCallback
 .text.HAL_CAN_RxFifo0FullCallback
                0x0000000008003bd8        0x2 ./Drivers/STM32F4xx_HAL_Driver/Src/stm32f4xx_hal_can.o
                0x0000000008003bd8                HAL_CAN_RxFifo0FullCallback
 .text.HAL_CAN_RxFifo1MsgPendingCallback
                0x0000000008003bda        0x2 ./Drivers/STM32F4xx_HAL_Driver/Src/stm32f4xx_hal_can.o
                0x0000000008003bda                HAL_CAN_RxFifo1MsgPendingCallback
 .text.HAL_CAN_RxFifo1FullCallback
                0x0000000008003bdc        0x2 ./Drivers/STM32F4xx_HAL_Driver/Src/stm32f4xx_hal_can.o
                0x0000000008003bdc                HAL_CAN_RxFifo1FullCallback
 .text.HAL_CAN_SleepCallback
                0x0000000008003bde        0x2 ./Drivers/STM32F4xx_HAL_Driver/Src/stm32f4xx_hal_can.o
                0x0000000008003bde                HAL_CAN_SleepCallback
 .text.HAL_CAN_WakeUpFromRxMsgCallback
                0x0000000008003be0        0x2 ./Drivers/STM32F4xx_HAL_Driver/Src/stm32f4xx_hal_can.o
                0x0000000008003be0                HAL_CAN_WakeUpFromRxMsgCallback
 .text.HAL_CAN_ErrorCallback
                0x0000000008003be2        0x2 ./Drivers/STM32F4xx_HAL_Driver/Src/stm32f4xx_hal_can.o
                0x0000000008003be2                HAL_CAN_ErrorCallback
 .text.HAL_CAN_IRQHandler
                0x0000000008003be4      0x1fc ./Drivers/STM32F4xx_HAL_Driver/Src/stm32f4xx_hal_can.o
                0x0000000008003be4                HAL_CAN_IRQHandler
 .text.HAL_NVIC_SetPriorityGrouping
                0x0000000008003de0       0x24 ./Drivers/STM32F4xx_HAL_Driver/Src/stm32f4xx_hal_cortex.o
                0x0000000008003de0                HAL_NVIC_SetPriorityGrouping
 .text.HAL_NVIC_SetPriority
                0x0000000008003e04       0x64 ./Drivers/STM32F4xx_HAL_Driver/Src/stm32f4xx_hal_cortex.o
                0x0000000008003e04                HAL_NVIC_SetPriority
 .text.HAL_NVIC_EnableIRQ
                0x0000000008003e68       0x1c ./Drivers/STM32F4xx_HAL_Driver/Src/stm32f4xx_hal_cortex.o
                0x0000000008003e68                HAL_NVIC_EnableIRQ
 .text.DMA_CalcBaseAndBitshift
                0x0000000008003e84       0x2c ./Drivers/STM32F4xx_HAL_Driver/Src/stm32f4xx_hal_dma.o
 .text.HAL_DMA_Init
                0x0000000008003eb0       0xfc ./Drivers/STM32F4xx_HAL_Driver/Src/stm32f4xx_hal_dma.o
                0x0000000008003eb0                HAL_DMA_Init
 .text.HAL_DMA_Start_IT
                0x0000000008003fac       0x74 ./Drivers/STM32F4xx_HAL_Driver/Src/stm32f4xx_hal_dma.o
                0x0000000008003fac                HAL_DMA_Start_IT
 .text.HAL_DMA_Abort
                0x0000000008004020       0x7e ./Drivers/STM32F4xx_HAL_Driver/Src/stm32f4xx_hal_dma.o
                0x0000000008004020                HAL_DMA_Abort
 .text.HAL_DMA_Abort_IT
                0x000000000800409e       0x24 ./Drivers/STM32F4xx_HAL_Driver/Src/stm32f4xx_hal_dma.o
                0x000000000800409e                HAL_DMA_Abort_IT
 *fill*         0x00000000080040c2        0x2 
 .text.HAL_DMA_IRQHandler
                0x00000000080040c4      0x17c ./Drivers/STM32F4xx_HAL_Driver/Src/stm32f4xx_hal_dma.o
                0x00000000080040c4                HAL_DMA_IRQHandler
 .text.HAL_GPIO_Init
                0x0000000008004240      0x1a8 ./Drivers/STM32F4xx_HAL_Driver/Src/stm32f4xx_hal_gpio.o
                0x0000000008004240                HAL_GPIO_Init
 .text.HAL_GPIO_ReadPin
                0x00000000080043e8        0xc ./Drivers/STM32F4xx_HAL_Driver/Src/stm32f4xx_hal_gpio.o
                0x00000000080043e8                HAL_GPIO_ReadPin
 .text.HAL_GPIO_WritePin
                0x00000000080043f4        0xa ./Drivers/STM32F4xx_HAL_Driver/Src/stm32f4xx_hal_gpio.o
                0x00000000080043f4                HAL_GPIO_WritePin
 *fill*         0x00000000080043fe        0x2 
 .text.HAL_RCC_ClockConfig
                0x0000000008004400      0x134 ./Drivers/STM32F4xx_HAL_Driver/Src/stm32f4xx_hal_rcc.o
                0x0000000008004400                HAL_RCC_ClockConfig
 .text.HAL_RCC_GetPCLK1Freq
                0x0000000008004534       0x20 ./Drivers/STM32F4xx_HAL_Driver/Src/stm32f4xx_hal_rcc.o
                0x0000000008004534                HAL_RCC_GetPCLK1Freq
 .text.HAL_RCC_GetPCLK2Freq
                0x0000000008004554       0x20 ./Drivers/STM32F4xx_HAL_Driver/Src/stm32f4xx_hal_rcc.o
                0x0000000008004554                HAL_RCC_GetPCLK2Freq
 .text.HAL_RCC_GetClockConfig
                0x0000000008004574       0x3c ./Drivers/STM32F4xx_HAL_Driver/Src/stm32f4xx_hal_rcc.o
                0x0000000008004574                HAL_RCC_GetClockConfig
 .text.HAL_RCC_GetSysClockFreq
                0x00000000080045b0       0x90 ./Drivers/STM32F4xx_HAL_Driver/Src/stm32f4xx_hal_rcc_ex.o
                0x00000000080045b0                HAL_RCC_GetSysClockFreq
 .text.HAL_RCC_OscConfig
                0x0000000008004640      0x398 ./Drivers/STM32F4xx_HAL_Driver/Src/stm32f4xx_hal_rcc_ex.o
                0x0000000008004640                HAL_RCC_OscConfig
 .text.SPI_WaitFlagStateUntilTimeout
                0x00000000080049d8       0xb8 ./Drivers/STM32F4xx_HAL_Driver/Src/stm32f4xx_hal_spi.o
 .text.SPI_EndRxTxTransaction
                0x0000000008004a90       0x78 ./Drivers/STM32F4xx_HAL_Driver/Src/stm32f4xx_hal_spi.o
 .text.HAL_SPI_Init
                0x0000000008004b08       0xb8 ./Drivers/STM32F4xx_HAL_Driver/Src/stm32f4xx_hal_spi.o
                0x0000000008004b08                HAL_SPI_Init
 .text.HAL_SPI_TransmitReceive
                0x0000000008004bc0      0x1ea ./Drivers/STM32F4xx_HAL_Driver/Src/stm32f4xx_hal_spi.o
                0x0000000008004bc0                HAL_SPI_TransmitReceive
 *fill*         0x0000000008004daa        0x2 
 .text.TIM_OC1_SetConfig
                0x0000000008004dac       0x64 ./Drivers/STM32F4xx_HAL_Driver/Src/stm32f4xx_hal_tim.o
 .text.TIM_OC3_SetConfig
                0x0000000008004e10       0x6c ./Drivers/STM32F4xx_HAL_Driver/Src/stm32f4xx_hal_tim.o
 .text.TIM_OC4_SetConfig
                0x0000000008004e7c       0x4c ./Drivers/STM32F4xx_HAL_Driver/Src/stm32f4xx_hal_tim.o
 .text.HAL_TIM_Base_Start_IT
                0x0000000008004ec8       0x74 ./Drivers/STM32F4xx_HAL_Driver/Src/stm32f4xx_hal_tim.o
                0x0000000008004ec8                HAL_TIM_Base_Start_IT
 .text.HAL_TIM_PWM_MspInit
                0x0000000008004f3c        0x2 ./Drivers/STM32F4xx_HAL_Driver/Src/stm32f4xx_hal_tim.o
                0x0000000008004f3c                HAL_TIM_PWM_MspInit
 .text.HAL_TIM_IC_MspInit
                0x0000000008004f3e        0x2 ./Drivers/STM32F4xx_HAL_Driver/Src/stm32f4xx_hal_tim.o
                0x0000000008004f3e                HAL_TIM_IC_MspInit
 .text.HAL_TIM_Encoder_Start
                0x0000000008004f40       0xb2 ./Drivers/STM32F4xx_HAL_Driver/Src/stm32f4xx_hal_tim.o
                0x0000000008004f40                HAL_TIM_Encoder_Start
 .text.HAL_TIM_OC_DelayElapsedCallback
                0x0000000008004ff2        0x2 ./Drivers/STM32F4xx_HAL_Driver/Src/stm32f4xx_hal_tim.o
                0x0000000008004ff2                HAL_TIM_OC_DelayElapsedCallback
 .text.HAL_TIM_IC_CaptureCallback
                0x0000000008004ff4        0x2 ./Drivers/STM32F4xx_HAL_Driver/Src/stm32f4xx_hal_tim.o
                0x0000000008004ff4                HAL_TIM_IC_CaptureCallback
 .text.HAL_TIM_PWM_PulseFinishedCallback
                0x0000000008004ff6        0x2 ./Drivers/STM32F4xx_HAL_Driver/Src/stm32f4xx_hal_tim.o
                0x0000000008004ff6                HAL_TIM_PWM_PulseFinishedCallback
 .text.HAL_TIM_TriggerCallback
                0x0000000008004ff8        0x2 ./Drivers/STM32F4xx_HAL_Driver/Src/stm32f4xx_hal_tim.o
                0x0000000008004ff8                HAL_TIM_TriggerCallback
 .text.HAL_TIM_IRQHandler
                0x0000000008004ffa      0x128 ./Drivers/STM32F4xx_HAL_Driver/Src/stm32f4xx_hal_tim.o
                0x0000000008004ffa                HAL_TIM_IRQHandler
 *fill*         0x0000000008005122        0x2 
 .text.TIM_Base_SetConfig
                0x0000000008005124       0xd8 ./Drivers/STM32F4xx_HAL_Driver/Src/stm32f4xx_hal_tim.o
                0x0000000008005124                TIM_Base_SetConfig
 .text.HAL_TIM_Base_Init
                0x00000000080051fc       0x58 ./Drivers/STM32F4xx_HAL_Driver/Src/stm32f4xx_hal_tim.o
                0x00000000080051fc                HAL_TIM_Base_Init
 .text.HAL_TIM_PWM_Init
                0x0000000008005254       0x58 ./Drivers/STM32F4xx_HAL_Driver/Src/stm32f4xx_hal_tim.o
                0x0000000008005254                HAL_TIM_PWM_Init
 .text.HAL_TIM_IC_Init
                0x00000000080052ac       0x58 ./Drivers/STM32F4xx_HAL_Driver/Src/stm32f4xx_hal_tim.o
                0x00000000080052ac                HAL_TIM_IC_Init
 .text.HAL_TIM_Encoder_Init
                0x0000000008005304       0xa8 ./Drivers/STM32F4xx_HAL_Driver/Src/stm32f4xx_hal_tim.o
                0x0000000008005304                HAL_TIM_Encoder_Init
 .text.TIM_OC2_SetConfig
                0x00000000080053ac       0x6c ./Drivers/STM32F4xx_HAL_Driver/Src/stm32f4xx_hal_tim.o
                0x00000000080053ac                TIM_OC2_SetConfig
 .text.HAL_TIM_PWM_ConfigChannel
                0x0000000008005418       0xb2 ./Drivers/STM32F4xx_HAL_Driver/Src/stm32f4xx_hal_tim.o
                0x0000000008005418                HAL_TIM_PWM_ConfigChannel
 *fill*         0x00000000080054ca        0x2 
 .text.TIM_TI1_SetConfig
                0x00000000080054cc       0x74 ./Drivers/STM32F4xx_HAL_Driver/Src/stm32f4xx_hal_tim.o
                0x00000000080054cc                TIM_TI1_SetConfig
 .text.HAL_TIM_IC_ConfigChannel
                0x0000000008005540      0x12a ./Drivers/STM32F4xx_HAL_Driver/Src/stm32f4xx_hal_tim.o
                0x0000000008005540                HAL_TIM_IC_ConfigChannel
 .text.TIM_ETR_SetConfig
                0x000000000800566a       0x14 ./Drivers/STM32F4xx_HAL_Driver/Src/stm32f4xx_hal_tim.o
                0x000000000800566a                TIM_ETR_SetConfig
 .text.HAL_TIM_ConfigClockSource
                0x000000000800567e      0x132 ./Drivers/STM32F4xx_HAL_Driver/Src/stm32f4xx_hal_tim.o
                0x000000000800567e                HAL_TIM_ConfigClockSource
 .text.TIM_CCxChannelCmd
                0x00000000080057b0       0x1c ./Drivers/STM32F4xx_HAL_Driver/Src/stm32f4xx_hal_tim.o
                0x00000000080057b0                TIM_CCxChannelCmd
 .text.HAL_TIM_OC_Start
                0x00000000080057cc       0xcc ./Drivers/STM32F4xx_HAL_Driver/Src/stm32f4xx_hal_tim.o
                0x00000000080057cc                HAL_TIM_OC_Start
 .text.HAL_TIM_PWM_Start
                0x0000000008005898        0x4 ./Drivers/STM32F4xx_HAL_Driver/Src/stm32f4xx_hal_tim.o
                0x0000000008005898                HAL_TIM_PWM_Start
 .text.HAL_TIMEx_MasterConfigSynchronization
                0x000000000800589c       0x7c ./Drivers/STM32F4xx_HAL_Driver/Src/stm32f4xx_hal_tim_ex.o
                0x000000000800589c                HAL_TIMEx_MasterConfigSynchronization
 .text.HAL_TIMEx_ConfigBreakDeadTime
                0x0000000008005918       0x4c ./Drivers/STM32F4xx_HAL_Driver/Src/stm32f4xx_hal_tim_ex.o
                0x0000000008005918                HAL_TIMEx_ConfigBreakDeadTime
 .text.HAL_TIMEx_CommutCallback
                0x0000000008005964        0x2 ./Drivers/STM32F4xx_HAL_Driver/Src/stm32f4xx_hal_tim_ex.o
                0x0000000008005964                HAL_TIMEx_CommutCallback
 .text.HAL_TIMEx_BreakCallback
                0x0000000008005966        0x2 ./Drivers/STM32F4xx_HAL_Driver/Src/stm32f4xx_hal_tim_ex.o
                0x0000000008005966                HAL_TIMEx_BreakCallback
 .text.UART_EndRxTransfer
                0x0000000008005968       0x5c ./Drivers/STM32F4xx_HAL_Driver/Src/stm32f4xx_hal_uart.o
 .text.UART_SetConfig
                0x00000000080059c4       0xbc ./Drivers/STM32F4xx_HAL_Driver/Src/stm32f4xx_hal_uart.o
 .text.HAL_UART_Init
                0x0000000008005a80       0x5e ./Drivers/STM32F4xx_HAL_Driver/Src/stm32f4xx_hal_uart.o
                0x0000000008005a80                HAL_UART_Init
 *fill*         0x0000000008005ade        0x2 
 .text.HAL_UART_Transmit_DMA
                0x0000000008005ae0       0x74 ./Drivers/STM32F4xx_HAL_Driver/Src/stm32f4xx_hal_uart.o
                0x0000000008005ae0                HAL_UART_Transmit_DMA
 .text.UART_DMATransmitCplt
                0x0000000008005b54       0x4c ./Drivers/STM32F4xx_HAL_Driver/Src/stm32f4xx_hal_uart.o
 .text.HAL_UART_TxHalfCpltCallback
                0x0000000008005ba0        0x2 ./Drivers/STM32F4xx_HAL_Driver/Src/stm32f4xx_hal_uart.o
                0x0000000008005ba0                HAL_UART_TxHalfCpltCallback
 .text.UART_DMATxHalfCplt
                0x0000000008005ba2        0xa ./Drivers/STM32F4xx_HAL_Driver/Src/stm32f4xx_hal_uart.o
 .text.HAL_UART_RxHalfCpltCallback
                0x0000000008005bac        0x2 ./Drivers/STM32F4xx_HAL_Driver/Src/stm32f4xx_hal_uart.o
                0x0000000008005bac                HAL_UART_RxHalfCpltCallback
 .text.HAL_UART_ErrorCallback
                0x0000000008005bae        0x2 ./Drivers/STM32F4xx_HAL_Driver/Src/stm32f4xx_hal_uart.o
                0x0000000008005bae                HAL_UART_ErrorCallback
 .text.UART_DMAError
                0x0000000008005bb0       0x5a ./Drivers/STM32F4xx_HAL_Driver/Src/stm32f4xx_hal_uart.o
 .text.UART_DMAAbortOnError
                0x0000000008005c0a       0x10 ./Drivers/STM32F4xx_HAL_Driver/Src/stm32f4xx_hal_uart.o
 .text.HAL_UARTEx_RxEventCallback
                0x0000000008005c1a        0x2 ./Drivers/STM32F4xx_HAL_Driver/Src/stm32f4xx_hal_uart.o
                0x0000000008005c1a                HAL_UARTEx_RxEventCallback
 .text.UART_DMARxHalfCplt
                0x0000000008005c1c       0x1e ./Drivers/STM32F4xx_HAL_Driver/Src/stm32f4xx_hal_uart.o
 .text.UART_DMAReceiveCplt
                0x0000000008005c3a       0x98 ./Drivers/STM32F4xx_HAL_Driver/Src/stm32f4xx_hal_uart.o
 .text.UART_Receive_IT.isra.0
                0x0000000008005cd2       0xb6 ./Drivers/STM32F4xx_HAL_Driver/Src/stm32f4xx_hal_uart.o
 .text.HAL_UART_IRQHandler
                0x0000000008005d88      0x294 ./Drivers/STM32F4xx_HAL_Driver/Src/stm32f4xx_hal_uart.o
                0x0000000008005d88                HAL_UART_IRQHandler
 .text.UART_Start_Receive_DMA
                0x000000000800601c       0x98 ./Drivers/STM32F4xx_HAL_Driver/Src/stm32f4xx_hal_uart.o
                0x000000000800601c                UART_Start_Receive_DMA
 .text.HAL_UART_Receive_DMA
                0x00000000080060b4       0x22 ./Drivers/STM32F4xx_HAL_Driver/Src/stm32f4xx_hal_uart.o
                0x00000000080060b4                HAL_UART_Receive_DMA
 .text.osKernelStart
                0x00000000080060d6        0xa ./Middlewares/Third_Party/FreeRTOS/Source/CMSIS_RTOS/cmsis_os.o
                0x00000000080060d6                osKernelStart
 .text.osThreadCreate
                0x00000000080060e0       0x50 ./Middlewares/Third_Party/FreeRTOS/Source/CMSIS_RTOS/cmsis_os.o
                0x00000000080060e0                osThreadCreate
 .text.osDelay  0x0000000008006130       0x10 ./Middlewares/Third_Party/FreeRTOS/Source/CMSIS_RTOS/cmsis_os.o
                0x0000000008006130                osDelay
 .text.vListInitialise
                0x0000000008006140       0x16 ./Middlewares/Third_Party/FreeRTOS/Source/list.o
                0x0000000008006140                vListInitialise
 .text.vListInitialiseItem
                0x0000000008006156        0x6 ./Middlewares/Third_Party/FreeRTOS/Source/list.o
                0x0000000008006156                vListInitialiseItem
 .text.vListInsertEnd
                0x000000000800615c       0x18 ./Middlewares/Third_Party/FreeRTOS/Source/list.o
                0x000000000800615c                vListInsertEnd
 .text.vListInsert
                0x0000000008006174       0x2e ./Middlewares/Third_Party/FreeRTOS/Source/list.o
                0x0000000008006174                vListInsert
 .text.uxListRemove
                0x00000000080061a2       0x20 ./Middlewares/Third_Party/FreeRTOS/Source/list.o
                0x00000000080061a2                uxListRemove
 *fill*         0x00000000080061c2        0x2 
 .text.prvAddNewTaskToReadyList
                0x00000000080061c4       0xfc ./Middlewares/Third_Party/FreeRTOS/Source/tasks.o
 .text.prvAddCurrentTaskToDelayedList
                0x00000000080062c0       0x88 ./Middlewares/Third_Party/FreeRTOS/Source/tasks.o
 .text.prvResetNextTaskUnblockTime
                0x0000000008006348       0x24 ./Middlewares/Third_Party/FreeRTOS/Source/tasks.o
 .text.prvDeleteTCB
                0x000000000800636c       0x36 ./Middlewares/Third_Party/FreeRTOS/Source/tasks.o
 *fill*         0x00000000080063a2        0x2 
 .text.prvIdleTask
                0x00000000080063a4       0x60 ./Middlewares/Third_Party/FreeRTOS/Source/tasks.o
 .text.prvInitialiseNewTask.constprop.0
                0x0000000008006404       0x8a ./Middlewares/Third_Party/FreeRTOS/Source/tasks.o
 .text.xTaskCreateStatic
                0x000000000800648e       0x70 ./Middlewares/Third_Party/FreeRTOS/Source/tasks.o
                0x000000000800648e                xTaskCreateStatic
 .text.xTaskCreate
                0x00000000080064fe       0x5a ./Middlewares/Third_Party/FreeRTOS/Source/tasks.o
                0x00000000080064fe                xTaskCreate
 .text.vTaskStartScheduler
                0x0000000008006558       0x70 ./Middlewares/Third_Party/FreeRTOS/Source/tasks.o
                0x0000000008006558                vTaskStartScheduler
 .text.vTaskSuspendAll
                0x00000000080065c8       0x10 ./Middlewares/Third_Party/FreeRTOS/Source/tasks.o
                0x00000000080065c8                vTaskSuspendAll
 .text.xTaskIncrementTick
                0x00000000080065d8      0x130 ./Middlewares/Third_Party/FreeRTOS/Source/tasks.o
                0x00000000080065d8                xTaskIncrementTick
 .text.xTaskResumeAll
                0x0000000008006708       0xf0 ./Middlewares/Third_Party/FreeRTOS/Source/tasks.o
                0x0000000008006708                xTaskResumeAll
 .text.vTaskDelay
                0x00000000080067f8       0x48 ./Middlewares/Third_Party/FreeRTOS/Source/tasks.o
                0x00000000080067f8                vTaskDelay
 .text.vTaskSwitchContext
                0x0000000008006840       0x74 ./Middlewares/Third_Party/FreeRTOS/Source/tasks.o
                0x0000000008006840                vTaskSwitchContext
 .text.prvPortStartFirstTask
                0x00000000080068b4       0x28 ./Middlewares/Third_Party/FreeRTOS/Source/portable/GCC/ARM_CM4F/port.o
 .text.vPortEnableVFP
                0x00000000080068dc       0x14 ./Middlewares/Third_Party/FreeRTOS/Source/portable/GCC/ARM_CM4F/port.o
 .text.prvTaskExitError
                0x00000000080068f0       0x40 ./Middlewares/Third_Party/FreeRTOS/Source/portable/GCC/ARM_CM4F/port.o
 .text.pxPortInitialiseStack
                0x0000000008006930       0x2c ./Middlewares/Third_Party/FreeRTOS/Source/portable/GCC/ARM_CM4F/port.o
                0x0000000008006930                pxPortInitialiseStack
 *fill*         0x000000000800695c        0x4 
 .text.SVC_Handler
                0x0000000008006960       0x24 ./Middlewares/Third_Party/FreeRTOS/Source/portable/GCC/ARM_CM4F/port.o
                0x0000000008006960                SVC_Handler
 .text.vPortEnterCritical
                0x0000000008006984       0x40 ./Middlewares/Third_Party/FreeRTOS/Source/portable/GCC/ARM_CM4F/port.o
                0x0000000008006984                vPortEnterCritical
 .text.vPortExitCritical
                0x00000000080069c4       0x28 ./Middlewares/Third_Party/FreeRTOS/Source/portable/GCC/ARM_CM4F/port.o
                0x00000000080069c4                vPortExitCritical
 *fill*         0x00000000080069ec        0x4 
 .text.PendSV_Handler
                0x00000000080069f0       0x64 ./Middlewares/Third_Party/FreeRTOS/Source/portable/GCC/ARM_CM4F/port.o
                0x00000000080069f0                PendSV_Handler
 .text.SysTick_Handler
                0x0000000008006a54       0x2c ./Middlewares/Third_Party/FreeRTOS/Source/portable/GCC/ARM_CM4F/port.o
                0x0000000008006a54                SysTick_Handler
 .text.vPortSetupTimerInterrupt
                0x0000000008006a80       0x24 ./Middlewares/Third_Party/FreeRTOS/Source/portable/GCC/ARM_CM4F/port.o
                0x0000000008006a80                vPortSetupTimerInterrupt
 .text.xPortStartScheduler
                0x0000000008006aa4      0x10c ./Middlewares/Third_Party/FreeRTOS/Source/portable/GCC/ARM_CM4F/port.o
                0x0000000008006aa4                xPortStartScheduler
 .text.prvInsertBlockIntoFreeList
                0x0000000008006bb0       0x4c ./Middlewares/Third_Party/FreeRTOS/Source/portable/MemMang/heap_4.o
 .text.pvPortMalloc
                0x0000000008006bfc      0x130 ./Middlewares/Third_Party/FreeRTOS/Source/portable/MemMang/heap_4.o
                0x0000000008006bfc                pvPortMalloc
 .text.vPortFree
                0x0000000008006d2c       0x7c ./Middlewares/Third_Party/FreeRTOS/Source/portable/MemMang/heap_4.o
                0x0000000008006d2c                vPortFree
 .text.atan2    0x0000000008006da8        0x4 /opt/st/stm32cubeide_1.14.0/plugins/com.st.stm32cube.ide.mcu.externaltools.gnu-tools-for-stm32.11.3.rel1.linux64_1.1.100.202309141235/tools/bin/../lib/gcc/arm-none-eabi/11.3.1/../../../../arm-none-eabi/lib/thumb/v7e-m+fp/hard/libm.a(libm_a-w_atan2.o)
                0x0000000008006da8                atan2
 .text.sqrt     0x0000000008006dac       0x58 /opt/st/stm32cubeide_1.14.0/plugins/com.st.stm32cube.ide.mcu.externaltools.gnu-tools-for-stm32.11.3.rel1.linux64_1.1.100.202309141235/tools/bin/../lib/gcc/arm-none-eabi/11.3.1/../../../../arm-none-eabi/lib/thumb/v7e-m+fp/hard/libm.a(libm_a-w_sqrt.o)
                0x0000000008006dac                sqrt
 *fill*         0x0000000008006e04        0x4 
 .text.cos      0x0000000008006e08       0xa8 /opt/st/stm32cubeide_1.14.0/plugins/com.st.stm32cube.ide.mcu.externaltools.gnu-tools-for-stm32.11.3.rel1.linux64_1.1.100.202309141235/tools/bin/../lib/gcc/arm-none-eabi/11.3.1/../../../../arm-none-eabi/lib/thumb/v7e-m+fp/hard/libm.a(libm_a-s_cos.o)
                0x0000000008006e08                cos
 .text.sin      0x0000000008006eb0       0xb0 /opt/st/stm32cubeide_1.14.0/plugins/com.st.stm32cube.ide.mcu.externaltools.gnu-tools-for-stm32.11.3.rel1.linux64_1.1.100.202309141235/tools/bin/../lib/gcc/arm-none-eabi/11.3.1/../../../../arm-none-eabi/lib/thumb/v7e-m+fp/hard/libm.a(libm_a-s_sin.o)
                0x0000000008006eb0                sin
 .text.__ieee754_sqrt
                0x0000000008006f60      0x1b4 /opt/st/stm32cubeide_1.14.0/plugins/com.st.stm32cube.ide.mcu.externaltools.gnu-tools-for-stm32.11.3.rel1.linux64_1.1.100.202309141235/tools/bin/../lib/gcc/arm-none-eabi/11.3.1/../../../../arm-none-eabi/lib/thumb/v7e-m+fp/hard/libm.a(libm_a-e_sqrt.o)
                0x0000000008006f60                __ieee754_sqrt
 *fill*         0x0000000008007114        0x4 
 .text.__kernel_cos
                0x0000000008007118      0x18c /opt/st/stm32cubeide_1.14.0/plugins/com.st.stm32cube.ide.mcu.externaltools.gnu-tools-for-stm32.11.3.rel1.linux64_1.1.100.202309141235/tools/bin/../lib/gcc/arm-none-eabi/11.3.1/../../../../arm-none-eabi/lib/thumb/v7e-m+fp/hard/libm.a(libm_a-k_cos.o)
                0x0000000008007118                __kernel_cos
 *fill*         0x00000000080072a4        0x4 
 .text.__kernel_sin
                0x00000000080072a8      0x17c /opt/st/stm32cubeide_1.14.0/plugins/com.st.stm32cube.ide.mcu.externaltools.gnu-tools-for-stm32.11.3.rel1.linux64_1.1.100.202309141235/tools/bin/../lib/gcc/arm-none-eabi/11.3.1/../../../../arm-none-eabi/lib/thumb/v7e-m+fp/hard/libm.a(libm_a-k_sin.o)
                0x00000000080072a8                __kernel_sin
 *fill*         0x0000000008007424        0x4 
 .text.__ieee754_atan2
                0x0000000008007428      0x18c /opt/st/stm32cubeide_1.14.0/plugins/com.st.stm32cube.ide.mcu.externaltools.gnu-tools-for-stm32.11.3.rel1.linux64_1.1.100.202309141235/tools/bin/../lib/gcc/arm-none-eabi/11.3.1/../../../../arm-none-eabi/lib/thumb/v7e-m+fp/hard/libm.a(libm_a-e_atan2.o)
                0x0000000008007428                __ieee754_atan2
 *fill*         0x00000000080075b4        0x4 
 .text.__ieee754_rem_pio2
                0x00000000080075b8      0x40c /opt/st/stm32cubeide_1.14.0/plugins/com.st.stm32cube.ide.mcu.externaltools.gnu-tools-for-stm32.11.3.rel1.linux64_1.1.100.202309141235/tools/bin/../lib/gcc/arm-none-eabi/11.3.1/../../../../arm-none-eabi/lib/thumb/v7e-m+fp/hard/libm.a(libm_a-e_rem_pio2.o)
                0x00000000080075b8                __ieee754_rem_pio2
 *fill*         0x00000000080079c4        0x4 
 .text.atan     0x00000000080079c8      0x340 /opt/st/stm32cubeide_1.14.0/plugins/com.st.stm32cube.ide.mcu.externaltools.gnu-tools-for-stm32.11.3.rel1.linux64_1.1.100.202309141235/tools/bin/../lib/gcc/arm-none-eabi/11.3.1/../../../../arm-none-eabi/lib/thumb/v7e-m+fp/hard/libm.a(libm_a-s_atan.o)
                0x00000000080079c8                atan
 .text.fabs     0x0000000008007d08       0x12 /opt/st/stm32cubeide_1.14.0/plugins/com.st.stm32cube.ide.mcu.externaltools.gnu-tools-for-stm32.11.3.rel1.linux64_1.1.100.202309141235/tools/bin/../lib/gcc/arm-none-eabi/11.3.1/../../../../arm-none-eabi/lib/thumb/v7e-m+fp/hard/libm.a(libm_a-s_fabs.o)
                0x0000000008007d08                fabs
 *fill*         0x0000000008007d1a        0x6 
 .text.__kernel_rem_pio2
                0x0000000008007d20      0x69c /opt/st/stm32cubeide_1.14.0/plugins/com.st.stm32cube.ide.mcu.externaltools.gnu-tools-for-stm32.11.3.rel1.linux64_1.1.100.202309141235/tools/bin/../lib/gcc/arm-none-eabi/11.3.1/../../../../arm-none-eabi/lib/thumb/v7e-m+fp/hard/libm.a(libm_a-k_rem_pio2.o)
                0x0000000008007d20                __kernel_rem_pio2
 *fill*         0x00000000080083bc        0x4 
 .text.scalbn   0x00000000080083c0       0xfc /opt/st/stm32cubeide_1.14.0/plugins/com.st.stm32cube.ide.mcu.externaltools.gnu-tools-for-stm32.11.3.rel1.linux64_1.1.100.202309141235/tools/bin/../lib/gcc/arm-none-eabi/11.3.1/../../../../arm-none-eabi/lib/thumb/v7e-m+fp/hard/libm.a(libm_a-s_scalbn.o)
                0x00000000080083c0                scalbn
 *fill*         0x00000000080084bc        0x4 
 .text.floor    0x00000000080084c0      0x100 /opt/st/stm32cubeide_1.14.0/plugins/com.st.stm32cube.ide.mcu.externaltools.gnu-tools-for-stm32.11.3.rel1.linux64_1.1.100.202309141235/tools/bin/../lib/gcc/arm-none-eabi/11.3.1/../../../../arm-none-eabi/lib/thumb/v7e-m+fp/hard/libm.a(libm_a-s_floor.o)
                0x00000000080084c0                floor
 .text.realloc  0x00000000080085c0       0x10 /opt/st/stm32cubeide_1.14.0/plugins/com.st.stm32cube.ide.mcu.externaltools.gnu-tools-for-stm32.11.3.rel1.linux64_1.1.100.202309141235/tools/bin/../lib/gcc/arm-none-eabi/11.3.1/../../../../arm-none-eabi/lib/thumb/v7e-m+fp/hard/libc_nano.a(libc_a-realloc.o)
                0x00000000080085c0                realloc
 .text._realloc_r
                0x00000000080085d0       0x5e /opt/st/stm32cubeide_1.14.0/plugins/com.st.stm32cube.ide.mcu.externaltools.gnu-tools-for-stm32.11.3.rel1.linux64_1.1.100.202309141235/tools/bin/../lib/gcc/arm-none-eabi/11.3.1/../../../../arm-none-eabi/lib/thumb/v7e-m+fp/hard/libc_nano.a(libc_a-reallocr.o)
                0x00000000080085d0                _realloc_r
 .text.memmove  0x000000000800862e       0x34 /opt/st/stm32cubeide_1.14.0/plugins/com.st.stm32cube.ide.mcu.externaltools.gnu-tools-for-stm32.11.3.rel1.linux64_1.1.100.202309141235/tools/bin/../lib/gcc/arm-none-eabi/11.3.1/../../../../arm-none-eabi/lib/thumb/v7e-m+fp/hard/libc_nano.a(libc_a-memmove.o)
                0x000000000800862e                memmove
 .text.memset   0x0000000008008662       0x10 /opt/st/stm32cubeide_1.14.0/plugins/com.st.stm32cube.ide.mcu.externaltools.gnu-tools-for-stm32.11.3.rel1.linux64_1.1.100.202309141235/tools/bin/../lib/gcc/arm-none-eabi/11.3.1/../../../../arm-none-eabi/lib/thumb/v7e-m+fp/hard/libc_nano.a(libc_a-memset.o)
                0x0000000008008662                memset
 *fill*         0x0000000008008672        0x2 
 .text.__errno  0x0000000008008674        0xc /opt/st/stm32cubeide_1.14.0/plugins/com.st.stm32cube.ide.mcu.externaltools.gnu-tools-for-stm32.11.3.rel1.linux64_1.1.100.202309141235/tools/bin/../lib/gcc/arm-none-eabi/11.3.1/../../../../arm-none-eabi/lib/thumb/v7e-m+fp/hard/libc_nano.a(libc_a-errno.o)
                0x0000000008008674                __errno
 .text.__libc_init_array
                0x0000000008008680       0x48 /opt/st/stm32cubeide_1.14.0/plugins/com.st.stm32cube.ide.mcu.externaltools.gnu-tools-for-stm32.11.3.rel1.linux64_1.1.100.202309141235/tools/bin/../lib/gcc/arm-none-eabi/11.3.1/../../../../arm-none-eabi/lib/thumb/v7e-m+fp/hard/libc_nano.a(libc_a-init.o)
                0x0000000008008680                __libc_init_array
 .text.__retarget_lock_acquire_recursive
                0x00000000080086c8        0x2 /opt/st/stm32cubeide_1.14.0/plugins/com.st.stm32cube.ide.mcu.externaltools.gnu-tools-for-stm32.11.3.rel1.linux64_1.1.100.202309141235/tools/bin/../lib/gcc/arm-none-eabi/11.3.1/../../../../arm-none-eabi/lib/thumb/v7e-m+fp/hard/libc_nano.a(libc_a-lock.o)
                0x00000000080086c8                __retarget_lock_acquire_recursive
 .text.__retarget_lock_release_recursive
                0x00000000080086ca        0x2 /opt/st/stm32cubeide_1.14.0/plugins/com.st.stm32cube.ide.mcu.externaltools.gnu-tools-for-stm32.11.3.rel1.linux64_1.1.100.202309141235/tools/bin/../lib/gcc/arm-none-eabi/11.3.1/../../../../arm-none-eabi/lib/thumb/v7e-m+fp/hard/libc_nano.a(libc_a-lock.o)
                0x00000000080086ca                __retarget_lock_release_recursive
 .text.memcpy   0x00000000080086cc       0x1c /opt/st/stm32cubeide_1.14.0/plugins/com.st.stm32cube.ide.mcu.externaltools.gnu-tools-for-stm32.11.3.rel1.linux64_1.1.100.202309141235/tools/bin/../lib/gcc/arm-none-eabi/11.3.1/../../../../arm-none-eabi/lib/thumb/v7e-m+fp/hard/libc_nano.a(libc_a-memcpy-stub.o)
                0x00000000080086cc                memcpy
 .text._free_r  0x00000000080086e8       0x98 /opt/st/stm32cubeide_1.14.0/plugins/com.st.stm32cube.ide.mcu.externaltools.gnu-tools-for-stm32.11.3.rel1.linux64_1.1.100.202309141235/tools/bin/../lib/gcc/arm-none-eabi/11.3.1/../../../../arm-none-eabi/lib/thumb/v7e-m+fp/hard/libc_nano.a(libc_a-freer.o)
                0x00000000080086e8                _free_r
 .text.sbrk_aligned
                0x0000000008008780       0x40 /opt/st/stm32cubeide_1.14.0/plugins/com.st.stm32cube.ide.mcu.externaltools.gnu-tools-for-stm32.11.3.rel1.linux64_1.1.100.202309141235/tools/bin/../lib/gcc/arm-none-eabi/11.3.1/../../../../arm-none-eabi/lib/thumb/v7e-m+fp/hard/libc_nano.a(libc_a-mallocr.o)
 .text._malloc_r
                0x00000000080087c0      0x100 /opt/st/stm32cubeide_1.14.0/plugins/com.st.stm32cube.ide.mcu.externaltools.gnu-tools-for-stm32.11.3.rel1.linux64_1.1.100.202309141235/tools/bin/../lib/gcc/arm-none-eabi/11.3.1/../../../../arm-none-eabi/lib/thumb/v7e-m+fp/hard/libc_nano.a(libc_a-mallocr.o)
                0x00000000080087c0                _malloc_r
 .text.__malloc_lock
                0x00000000080088c0        0xc /opt/st/stm32cubeide_1.14.0/plugins/com.st.stm32cube.ide.mcu.externaltools.gnu-tools-for-stm32.11.3.rel1.linux64_1.1.100.202309141235/tools/bin/../lib/gcc/arm-none-eabi/11.3.1/../../../../arm-none-eabi/lib/thumb/v7e-m+fp/hard/libc_nano.a(libc_a-mlock.o)
                0x00000000080088c0                __malloc_lock
 .text.__malloc_unlock
                0x00000000080088cc        0xc /opt/st/stm32cubeide_1.14.0/plugins/com.st.stm32cube.ide.mcu.externaltools.gnu-tools-for-stm32.11.3.rel1.linux64_1.1.100.202309141235/tools/bin/../lib/gcc/arm-none-eabi/11.3.1/../../../../arm-none-eabi/lib/thumb/v7e-m+fp/hard/libc_nano.a(libc_a-mlock.o)
                0x00000000080088cc                __malloc_unlock
 .text._malloc_usable_size_r
                0x00000000080088d8       0x10 /opt/st/stm32cubeide_1.14.0/plugins/com.st.stm32cube.ide.mcu.externaltools.gnu-tools-for-stm32.11.3.rel1.linux64_1.1.100.202309141235/tools/bin/../lib/gcc/arm-none-eabi/11.3.1/../../../../arm-none-eabi/lib/thumb/v7e-m+fp/hard/libc_nano.a(libc_a-msizer.o)
                0x00000000080088d8                _malloc_usable_size_r
 .text._sbrk_r  0x00000000080088e8       0x20 /opt/st/stm32cubeide_1.14.0/plugins/com.st.stm32cube.ide.mcu.externaltools.gnu-tools-for-stm32.11.3.rel1.linux64_1.1.100.202309141235/tools/bin/../lib/gcc/arm-none-eabi/11.3.1/../../../../arm-none-eabi/lib/thumb/v7e-m+fp/hard/libc_nano.a(libc_a-sbrkr.o)
                0x00000000080088e8                _sbrk_r
 *(.glue_7)
 .glue_7        0x0000000008008908        0x0 linker stubs
 *(.glue_7t)
 .glue_7t       0x0000000008008908        0x0 linker stubs
 *(.eh_frame)
 .eh_frame      0x0000000008008908        0x0 /opt/st/stm32cubeide_1.14.0/plugins/com.st.stm32cube.ide.mcu.externaltools.gnu-tools-for-stm32.11.3.rel1.linux64_1.1.100.202309141235/tools/bin/../lib/gcc/arm-none-eabi/11.3.1/thumb/v7e-m+fp/hard/crtbegin.o
 *(.init)
 .init          0x0000000008008908        0x4 /opt/st/stm32cubeide_1.14.0/plugins/com.st.stm32cube.ide.mcu.externaltools.gnu-tools-for-stm32.11.3.rel1.linux64_1.1.100.202309141235/tools/bin/../lib/gcc/arm-none-eabi/11.3.1/thumb/v7e-m+fp/hard/crti.o
                0x0000000008008908                _init
 .init          0x000000000800890c        0x8 /opt/st/stm32cubeide_1.14.0/plugins/com.st.stm32cube.ide.mcu.externaltools.gnu-tools-for-stm32.11.3.rel1.linux64_1.1.100.202309141235/tools/bin/../lib/gcc/arm-none-eabi/11.3.1/thumb/v7e-m+fp/hard/crtn.o
 *(.fini)
 .fini          0x0000000008008914        0x4 /opt/st/stm32cubeide_1.14.0/plugins/com.st.stm32cube.ide.mcu.externaltools.gnu-tools-for-stm32.11.3.rel1.linux64_1.1.100.202309141235/tools/bin/../lib/gcc/arm-none-eabi/11.3.1/thumb/v7e-m+fp/hard/crti.o
                0x0000000008008914                _fini
 .fini          0x0000000008008918        0x8 /opt/st/stm32cubeide_1.14.0/plugins/com.st.stm32cube.ide.mcu.externaltools.gnu-tools-for-stm32.11.3.rel1.linux64_1.1.100.202309141235/tools/bin/../lib/gcc/arm-none-eabi/11.3.1/thumb/v7e-m+fp/hard/crtn.o
                0x0000000008008920                . = ALIGN (0x4)
                0x0000000008008920                _etext = .

.vfp11_veneer   0x0000000008008920        0x0
 .vfp11_veneer  0x0000000008008920        0x0 linker stubs

.v4_bx          0x0000000008008920        0x0
 .v4_bx         0x0000000008008920        0x0 linker stubs

.iplt           0x0000000008008920        0x0
 .iplt          0x0000000008008920        0x0 /opt/st/stm32cubeide_1.14.0/plugins/com.st.stm32cube.ide.mcu.externaltools.gnu-tools-for-stm32.11.3.rel1.linux64_1.1.100.202309141235/tools/bin/../lib/gcc/arm-none-eabi/11.3.1/thumb/v7e-m+fp/hard/crtbegin.o

.rodata         0x0000000008008920      0x610
                0x0000000008008920                . = ALIGN (0x4)
 *(.rodata)
 .rodata        0x0000000008008920       0x8c ./Core/Src/main.o
 *(.rodata*)
 .rodata.str1.1
                0x00000000080089ac       0x37 ./Core/Src/main.o
 .rodata._ZN8std_msgs4Time7getTypeEv.str1.1
                0x00000000080089e3        0xe ./Core/Src/mainpp.o
 .rodata._ZN8std_msgs4Time6getMD5Ev.str1.1
                0x00000000080089f1       0x21 ./Core/Src/mainpp.o
 .rodata._ZN14rosserial_msgs9TopicInfo7getTypeEv.str1.1
                0x0000000008008a12       0x19 ./Core/Src/mainpp.o
 .rodata._ZN14rosserial_msgs9TopicInfo6getMD5Ev.str1.1
                0x0000000008008a2b       0x21 ./Core/Src/mainpp.o
 .rodata._ZN14rosserial_msgs3Log7getTypeEv.str1.1
                0x0000000008008a4c       0x13 ./Core/Src/mainpp.o
 .rodata._ZN14rosserial_msgs3Log6getMD5Ev.str1.1
                0x0000000008008a5f       0x21 ./Core/Src/mainpp.o
 .rodata._ZN14rosserial_msgs20RequestParamResponse6getMD5Ev.str1.1
                0x0000000008008a80       0x21 ./Core/Src/mainpp.o
 .rodata._ZN8std_msgs6String7getTypeEv.str1.1
                0x0000000008008aa1       0x10 ./Core/Src/mainpp.o
 .rodata._ZN8std_msgs6String6getMD5Ev.str1.1
                0x0000000008008ab1       0x21 ./Core/Src/mainpp.o
 .rodata._ZN8std_msgs19MultiArrayDimension7getTypeEv.str1.1
                0x0000000008008ad2       0x1d ./Core/Src/mainpp.o
 .rodata._ZN8std_msgs19MultiArrayDimension6getMD5Ev.str1.1
                0x0000000008008aef       0x21 ./Core/Src/mainpp.o
 .rodata._ZN8std_msgs16MultiArrayLayout7getTypeEv.str1.1
                0x0000000008008b10       0x1a ./Core/Src/mainpp.o
 .rodata._ZN8std_msgs16MultiArrayLayout6getMD5Ev.str1.1
                0x0000000008008b2a       0x21 ./Core/Src/mainpp.o
 .rodata._ZN8std_msgs15Int16MultiArray7getTypeEv.str1.1
                0x0000000008008b4b       0x19 ./Core/Src/mainpp.o
 .rodata._ZN8std_msgs15Int16MultiArray6getMD5Ev.str1.1
                0x0000000008008b64       0x21 ./Core/Src/mainpp.o
 .rodata._ZN3ros11NodeHandle_I13STM32HardwareLi25ELi25ELi512ELi512EE7publishEiPKNS_3MsgE.str1.1
                0x0000000008008b85       0x39 ./Core/Src/mainpp.o
 .rodata._ZN3ros11NodeHandle_I13STM32HardwareLi25ELi25ELi512ELi512EE15negotiateTopicsEv.str1.1
                0x0000000008008bbe       0x39 ./Core/Src/mainpp.o
                                          0x1 (size before relaxing)
 .rodata._GLOBAL__sub_I_serial.str1.1
                0x0000000008008bbe        0xf ./Core/Src/mainpp.o
 *fill*         0x0000000008008bcd        0x3 
 .rodata._ZTVN8std_msgs4TimeE
                0x0000000008008bd0       0x18 ./Core/Src/mainpp.o
                0x0000000008008bd0                vtable for std_msgs::Time
 .rodata._ZTVN14rosserial_msgs9TopicInfoE
                0x0000000008008be8       0x18 ./Core/Src/mainpp.o
                0x0000000008008be8                vtable for rosserial_msgs::TopicInfo
 .rodata._ZTVN14rosserial_msgs3LogE
                0x0000000008008c00       0x18 ./Core/Src/mainpp.o
                0x0000000008008c00                vtable for rosserial_msgs::Log
 .rodata._ZTVN14rosserial_msgs20RequestParamResponseE
                0x0000000008008c18       0x18 ./Core/Src/mainpp.o
                0x0000000008008c18                vtable for rosserial_msgs::RequestParamResponse
 .rodata._ZTVN8std_msgs6StringE
                0x0000000008008c30       0x18 ./Core/Src/mainpp.o
                0x0000000008008c30                vtable for std_msgs::String
 .rodata._ZTVN8std_msgs19MultiArrayDimensionE
                0x0000000008008c48       0x18 ./Core/Src/mainpp.o
                0x0000000008008c48                vtable for std_msgs::MultiArrayDimension
 .rodata._ZTVN8std_msgs16MultiArrayLayoutE
                0x0000000008008c60       0x18 ./Core/Src/mainpp.o
                0x0000000008008c60                vtable for std_msgs::MultiArrayLayout
 .rodata._ZTVN8std_msgs15Int16MultiArrayE
                0x0000000008008c78       0x18 ./Core/Src/mainpp.o
                0x0000000008008c78                vtable for std_msgs::Int16MultiArray
 .rodata._ZTVN3ros11NodeHandle_I13STM32HardwareLi25ELi25ELi512ELi512EEE
                0x0000000008008c90       0x14 ./Core/Src/mainpp.o
                0x0000000008008c90                vtable for ros::NodeHandle_<STM32Hardware, 25, 25, 512, 512>
 .rodata._ZN14rosserial_msgsL12REQUESTPARAME
                0x0000000008008ca4       0x1c ./Core/Src/mainpp.o
 .rodata.AHBPrescTable
                0x0000000008008cc0       0x10 ./Core/Src/system_stm32f4xx.o
                0x0000000008008cc0                AHBPrescTable
 .rodata.APBPrescTable
                0x0000000008008cd0        0x8 ./Core/Src/system_stm32f4xx.o
                0x0000000008008cd0                APBPrescTable
 .rodata.flagBitshiftOffset.0
                0x0000000008008cd8        0x8 ./Drivers/STM32F4xx_HAL_Driver/Src/stm32f4xx_hal_dma.o
 .rodata.vTaskStartScheduler.str1.1
                0x0000000008008ce0        0x5 ./Middlewares/Third_Party/FreeRTOS/Source/tasks.o
 *fill*         0x0000000008008ce5        0x3 
 .rodata.CSWTCH.8
                0x0000000008008ce8       0x18 /opt/st/stm32cubeide_1.14.0/plugins/com.st.stm32cube.ide.mcu.externaltools.gnu-tools-for-stm32.11.3.rel1.linux64_1.1.100.202309141235/tools/bin/../lib/gcc/arm-none-eabi/11.3.1/../../../../arm-none-eabi/lib/thumb/v7e-m+fp/hard/libm.a(libm_a-e_atan2.o)
 .rodata.CSWTCH.9
                0x0000000008008d00       0x18 /opt/st/stm32cubeide_1.14.0/plugins/com.st.stm32cube.ide.mcu.externaltools.gnu-tools-for-stm32.11.3.rel1.linux64_1.1.100.202309141235/tools/bin/../lib/gcc/arm-none-eabi/11.3.1/../../../../arm-none-eabi/lib/thumb/v7e-m+fp/hard/libm.a(libm_a-e_atan2.o)
 .rodata.npio2_hw
                0x0000000008008d18       0x80 /opt/st/stm32cubeide_1.14.0/plugins/com.st.stm32cube.ide.mcu.externaltools.gnu-tools-for-stm32.11.3.rel1.linux64_1.1.100.202309141235/tools/bin/../lib/gcc/arm-none-eabi/11.3.1/../../../../arm-none-eabi/lib/thumb/v7e-m+fp/hard/libm.a(libm_a-e_rem_pio2.o)
 .rodata.two_over_pi
                0x0000000008008d98      0x108 /opt/st/stm32cubeide_1.14.0/plugins/com.st.stm32cube.ide.mcu.externaltools.gnu-tools-for-stm32.11.3.rel1.linux64_1.1.100.202309141235/tools/bin/../lib/gcc/arm-none-eabi/11.3.1/../../../../arm-none-eabi/lib/thumb/v7e-m+fp/hard/libm.a(libm_a-e_rem_pio2.o)
 .rodata.atanhi
                0x0000000008008ea0       0x20 /opt/st/stm32cubeide_1.14.0/plugins/com.st.stm32cube.ide.mcu.externaltools.gnu-tools-for-stm32.11.3.rel1.linux64_1.1.100.202309141235/tools/bin/../lib/gcc/arm-none-eabi/11.3.1/../../../../arm-none-eabi/lib/thumb/v7e-m+fp/hard/libm.a(libm_a-s_atan.o)
 .rodata.atanlo
                0x0000000008008ec0       0x20 /opt/st/stm32cubeide_1.14.0/plugins/com.st.stm32cube.ide.mcu.externaltools.gnu-tools-for-stm32.11.3.rel1.linux64_1.1.100.202309141235/tools/bin/../lib/gcc/arm-none-eabi/11.3.1/../../../../arm-none-eabi/lib/thumb/v7e-m+fp/hard/libm.a(libm_a-s_atan.o)
 .rodata.PIo2   0x0000000008008ee0       0x40 /opt/st/stm32cubeide_1.14.0/plugins/com.st.stm32cube.ide.mcu.externaltools.gnu-tools-for-stm32.11.3.rel1.linux64_1.1.100.202309141235/tools/bin/../lib/gcc/arm-none-eabi/11.3.1/../../../../arm-none-eabi/lib/thumb/v7e-m+fp/hard/libm.a(libm_a-k_rem_pio2.o)
 .rodata.init_jk
                0x0000000008008f20       0x10 /opt/st/stm32cubeide_1.14.0/plugins/com.st.stm32cube.ide.mcu.externaltools.gnu-tools-for-stm32.11.3.rel1.linux64_1.1.100.202309141235/tools/bin/../lib/gcc/arm-none-eabi/11.3.1/../../../../arm-none-eabi/lib/thumb/v7e-m+fp/hard/libm.a(libm_a-k_rem_pio2.o)
                0x0000000008008f30                . = ALIGN (0x4)

.ARM.extab      0x0000000008008f30        0x0
                0x0000000008008f30                . = ALIGN (0x4)
 *(.ARM.extab* .gnu.linkonce.armextab.*)
                0x0000000008008f30                . = ALIGN (0x4)

.ARM            0x0000000008008f30        0x8
                0x0000000008008f30                . = ALIGN (0x4)
                0x0000000008008f30                __exidx_start = .
 *(.ARM.exidx*)
 .ARM.exidx     0x0000000008008f30        0x8 /opt/st/stm32cubeide_1.14.0/plugins/com.st.stm32cube.ide.mcu.externaltools.gnu-tools-for-stm32.11.3.rel1.linux64_1.1.100.202309141235/tools/bin/../lib/gcc/arm-none-eabi/11.3.1/thumb/v7e-m+fp/hard/libgcc.a(_udivmoddi4.o)
                0x0000000008008f38                __exidx_end = .
                0x0000000008008f38                . = ALIGN (0x4)

.rel.dyn        0x0000000008008f38        0x0
 .rel.iplt      0x0000000008008f38        0x0 /opt/st/stm32cubeide_1.14.0/plugins/com.st.stm32cube.ide.mcu.externaltools.gnu-tools-for-stm32.11.3.rel1.linux64_1.1.100.202309141235/tools/bin/../lib/gcc/arm-none-eabi/11.3.1/thumb/v7e-m+fp/hard/crtbegin.o

.preinit_array  0x0000000008008f38        0x0
                0x0000000008008f38                . = ALIGN (0x4)
                0x0000000008008f38                PROVIDE (__preinit_array_start = .)
 *(.preinit_array*)
                0x0000000008008f38                PROVIDE (__preinit_array_end = .)
                0x0000000008008f38                . = ALIGN (0x4)

.init_array     0x0000000008008f38        0x8
                0x0000000008008f38                . = ALIGN (0x4)
                0x0000000008008f38                PROVIDE (__init_array_start = .)
 *(SORT_BY_NAME(.init_array.*))
 *(.init_array*)
 .init_array    0x0000000008008f38        0x4 /opt/st/stm32cubeide_1.14.0/plugins/com.st.stm32cube.ide.mcu.externaltools.gnu-tools-for-stm32.11.3.rel1.linux64_1.1.100.202309141235/tools/bin/../lib/gcc/arm-none-eabi/11.3.1/thumb/v7e-m+fp/hard/crtbegin.o
 .init_array    0x0000000008008f3c        0x4 ./Core/Src/mainpp.o
                0x0000000008008f40                PROVIDE (__init_array_end = .)
                0x0000000008008f40                . = ALIGN (0x4)

.fini_array     0x0000000008008f40        0x4
                0x0000000008008f40                . = ALIGN (0x4)
                [!provide]                        PROVIDE (__fini_array_start = .)
 *(SORT_BY_NAME(.fini_array.*))
 *(.fini_array*)
 .fini_array    0x0000000008008f40        0x4 /opt/st/stm32cubeide_1.14.0/plugins/com.st.stm32cube.ide.mcu.externaltools.gnu-tools-for-stm32.11.3.rel1.linux64_1.1.100.202309141235/tools/bin/../lib/gcc/arm-none-eabi/11.3.1/thumb/v7e-m+fp/hard/crtbegin.o
                [!provide]                        PROVIDE (__fini_array_end = .)
                0x0000000008008f44                . = ALIGN (0x4)
                0x0000000008008f44                _sidata = LOADADDR (.data)

.data           0x0000000020000000       0x88 load address 0x0000000008008f44
                0x0000000020000000                . = ALIGN (0x4)
                0x0000000020000000                _sdata = .
 *(.data)
 *(.data*)
 .data.HC_PS2_TX
                0x0000000020000000        0x9 ./Core/Src/main.o
                0x0000000020000000                HC_PS2_TX
 *fill*         0x0000000020000009        0x7 
 .data.pi       0x0000000020000010        0x8 ./Core/Src/main.o
                0x0000000020000010                pi
 .data.SystemCoreClock
                0x0000000020000018        0x4 ./Core/Src/system_stm32f4xx.o
                0x0000000020000018                SystemCoreClock
 .data.uwTickFreq
                0x000000002000001c        0x1 ./Drivers/STM32F4xx_HAL_Driver/Src/stm32f4xx_hal.o
                0x000000002000001c                uwTickFreq
 *fill*         0x000000002000001d        0x3 
 .data.uwTickPrio
                0x0000000020000020        0x4 ./Drivers/STM32F4xx_HAL_Driver/Src/stm32f4xx_hal.o
                0x0000000020000020                uwTickPrio
 .data.uxCriticalNesting
                0x0000000020000024        0x4 ./Middlewares/Third_Party/FreeRTOS/Source/portable/GCC/ARM_CM4F/port.o
 .data.one      0x0000000020000028        0x8 /opt/st/stm32cubeide_1.14.0/plugins/com.st.stm32cube.ide.mcu.externaltools.gnu-tools-for-stm32.11.3.rel1.linux64_1.1.100.202309141235/tools/bin/../lib/gcc/arm-none-eabi/11.3.1/../../../../arm-none-eabi/lib/thumb/v7e-m+fp/hard/libm.a(libm_a-e_sqrt.o)
 .data.tiny     0x0000000020000030        0x8 /opt/st/stm32cubeide_1.14.0/plugins/com.st.stm32cube.ide.mcu.externaltools.gnu-tools-for-stm32.11.3.rel1.linux64_1.1.100.202309141235/tools/bin/../lib/gcc/arm-none-eabi/11.3.1/../../../../arm-none-eabi/lib/thumb/v7e-m+fp/hard/libm.a(libm_a-e_sqrt.o)
 .data._impure_data
                0x0000000020000038       0x4c /opt/st/stm32cubeide_1.14.0/plugins/com.st.stm32cube.ide.mcu.externaltools.gnu-tools-for-stm32.11.3.rel1.linux64_1.1.100.202309141235/tools/bin/../lib/gcc/arm-none-eabi/11.3.1/../../../../arm-none-eabi/lib/thumb/v7e-m+fp/hard/libc_nano.a(libc_a-impure.o)
                0x0000000020000038                _impure_data
 .data._impure_ptr
                0x0000000020000084        0x4 /opt/st/stm32cubeide_1.14.0/plugins/com.st.stm32cube.ide.mcu.externaltools.gnu-tools-for-stm32.11.3.rel1.linux64_1.1.100.202309141235/tools/bin/../lib/gcc/arm-none-eabi/11.3.1/../../../../arm-none-eabi/lib/thumb/v7e-m+fp/hard/libc_nano.a(libc_a-impure.o)
                0x0000000020000084                _impure_ptr
 *(.RamFunc)
 *(.RamFunc*)
                0x0000000020000088                . = ALIGN (0x4)
                0x0000000020000088                _edata = .

.igot.plt       0x0000000020000088        0x0 load address 0x0000000008008fcc
 .igot.plt      0x0000000020000088        0x0 /opt/st/stm32cubeide_1.14.0/plugins/com.st.stm32cube.ide.mcu.externaltools.gnu-tools-for-stm32.11.3.rel1.linux64_1.1.100.202309141235/tools/bin/../lib/gcc/arm-none-eabi/11.3.1/thumb/v7e-m+fp/hard/crtbegin.o
                0x0000000020000088                . = ALIGN (0x4)

.bss            0x0000000020000088     0x5c50 load address 0x0000000008008fcc
                0x0000000020000088                _sbss = .
                0x0000000020000088                __bss_start__ = _sbss
 *(.bss)
 .bss           0x0000000020000088       0x1c /opt/st/stm32cubeide_1.14.0/plugins/com.st.stm32cube.ide.mcu.externaltools.gnu-tools-for-stm32.11.3.rel1.linux64_1.1.100.202309141235/tools/bin/../lib/gcc/arm-none-eabi/11.3.1/thumb/v7e-m+fp/hard/crtbegin.o
 *(.bss*)
 .bss.xIdleStack
                0x00000000200000a4      0x200 ./Core/Src/freertos.o
 .bss.xIdleTaskTCBBuffer
                0x00000000200002a4       0x54 ./Core/Src/freertos.o
 .bss.BLDC      0x00000000200002f8        0x4 ./Core/Src/main.o
                0x00000000200002f8                BLDC
 .bss.ColorHandle
                0x00000000200002fc        0x4 ./Core/Src/main.o
                0x00000000200002fc                ColorHandle
 .bss.DC_pid    0x0000000020000300       0x1c ./Core/Src/main.o
                0x0000000020000300                DC_pid
 .bss.HC_PS2_RX
                0x000000002000031c        0x9 ./Core/Src/main.o
                0x000000002000031c                HC_PS2_RX
 *fill*         0x0000000020000325        0x3 
 .bss.JoystickHandle
                0x0000000020000328        0x4 ./Core/Src/main.o
                0x0000000020000328                JoystickHandle
 .bss.M1        0x000000002000032c        0x8 ./Core/Src/main.o
                0x000000002000032c                M1
 .bss.M1_pid    0x0000000020000334       0x1c ./Core/Src/main.o
                0x0000000020000334                M1_pid
 .bss.M2        0x0000000020000350        0x8 ./Core/Src/main.o
                0x0000000020000350                M2
 .bss.M2_pid    0x0000000020000358       0x1c ./Core/Src/main.o
                0x0000000020000358                M2_pid
 .bss.M3        0x0000000020000374        0x8 ./Core/Src/main.o
                0x0000000020000374                M3
 .bss.M3_pid    0x000000002000037c       0x1c ./Core/Src/main.o
                0x000000002000037c                M3_pid
 .bss.M4        0x0000000020000398        0x8 ./Core/Src/main.o
                0x0000000020000398                M4
 .bss.M4_pid    0x00000000200003a0       0x1c ./Core/Src/main.o
                0x00000000200003a0                M4_pid
 *fill*         0x00000000200003bc        0x4 
 .bss.ML        0x00000000200003c0        0x8 ./Core/Src/main.o
                0x00000000200003c0                ML
 .bss.MR        0x00000000200003c8        0x8 ./Core/Src/main.o
                0x00000000200003c8                MR
 .bss.Motor     0x00000000200003d0       0x10 ./Core/Src/main.o
                0x00000000200003d0                Motor
 .bss.PS2       0x00000000200003e0       0x20 ./Core/Src/main.o
                0x00000000200003e0                PS2
 .bss.Target_posHandle
                0x0000000020000400        0x4 ./Core/Src/main.o
                0x0000000020000400                Target_posHandle
 .bss.WheelControlHandle
                0x0000000020000404        0x4 ./Core/Src/main.o
                0x0000000020000404                WheelControlHandle
 .bss.blue      0x0000000020000408        0x4 ./Core/Src/main.o
                0x0000000020000408                blue
 .bss.cTime     0x000000002000040c        0x4 ./Core/Src/main.o
                0x000000002000040c                cTime
 .bss.dTime     0x0000000020000410        0x4 ./Core/Src/main.o
                0x0000000020000410                dTime
 .bss.data      0x0000000020000414        0x8 ./Core/Src/main.o
                0x0000000020000414                data
 *fill*         0x000000002000041c        0x4 
 .bss.degree_a  0x0000000020000420        0x8 ./Core/Src/main.o
                0x0000000020000420                degree_a
 .bss.flag      0x0000000020000428        0x4 ./Core/Src/main.o
                0x0000000020000428                flag
 .bss.hcan1     0x000000002000042c       0x28 ./Core/Src/main.o
                0x000000002000042c                hcan1
 .bss.hdma_uart4_rx
                0x0000000020000454       0x60 ./Core/Src/main.o
                0x0000000020000454                hdma_uart4_rx
 .bss.hdma_uart4_tx
                0x00000000200004b4       0x60 ./Core/Src/main.o
                0x00000000200004b4                hdma_uart4_tx
 .bss.hdma_usart2_rx
                0x0000000020000514       0x60 ./Core/Src/main.o
                0x0000000020000514                hdma_usart2_rx
 .bss.hdma_usart2_tx
                0x0000000020000574       0x60 ./Core/Src/main.o
                0x0000000020000574                hdma_usart2_tx
 .bss.hspi2     0x00000000200005d4       0x58 ./Core/Src/main.o
                0x00000000200005d4                hspi2
 .bss.htim3     0x000000002000062c       0x48 ./Core/Src/main.o
                0x000000002000062c                htim3
 .bss.htim4     0x0000000020000674       0x48 ./Core/Src/main.o
                0x0000000020000674                htim4
 .bss.htim5     0x00000000200006bc       0x48 ./Core/Src/main.o
                0x00000000200006bc                htim5
 .bss.htim8     0x0000000020000704       0x48 ./Core/Src/main.o
                0x0000000020000704                htim8
 .bss.huart2    0x000000002000074c       0x48 ./Core/Src/main.o
                0x000000002000074c                huart2
 .bss.huart4    0x0000000020000794       0x48 ./Core/Src/main.o
                0x0000000020000794                huart4
 .bss.motor_dir
                0x00000000200007dc        0x4 ./Core/Src/main.o
                0x00000000200007dc                motor_dir
 .bss.pTime     0x00000000200007e0        0x4 ./Core/Src/main.o
                0x00000000200007e0                pTime
 .bss.pTxMailbox
                0x00000000200007e4        0x4 ./Core/Src/main.o
                0x00000000200007e4                pTxMailbox
 .bss.rxData    0x00000000200007e8        0x8 ./Core/Src/main.o
                0x00000000200007e8                rxData
 .bss.rxHeader  0x00000000200007f0       0x1c ./Core/Src/main.o
                0x00000000200007f0                rxHeader
 .bss.sFilterConfig
                0x000000002000080c       0x28 ./Core/Src/main.o
                0x000000002000080c                sFilterConfig
 .bss.sensor_buff
                0x0000000020000834        0xa ./Core/Src/main.o
                0x0000000020000834                sensor_buff
 *fill*         0x000000002000083e        0x2 
 .bss.speed     0x0000000020000840        0x8 ./Core/Src/main.o
                0x0000000020000840                speed
 .bss.up_down_controlHandle
                0x0000000020000848        0x4 ./Core/Src/main.o
                0x0000000020000848                up_down_controlHandle
 .bss.vel_up    0x000000002000084c        0x4 ./Core/Src/main.o
                0x000000002000084c                vel_up
 .bss.yellow    0x0000000020000850        0x4 ./Core/Src/main.o
                0x0000000020000850                yellow
 .bss.Sensor_data
                0x0000000020000854       0x30 ./Core/Src/mainpp.o
                0x0000000020000854                Sensor_data
 .bss.chatter   0x0000000020000884       0x14 ./Core/Src/mainpp.o
                0x0000000020000884                chatter
 .bss.nh        0x0000000020000898      0x530 ./Core/Src/mainpp.o
                0x0000000020000898                nh
 .bss.sensor    0x0000000020000dc8       0x14 ./Core/Src/mainpp.o
                0x0000000020000dc8                sensor
 .bss.serial    0x0000000020000ddc     0x100c ./Core/Src/mainpp.o
                0x0000000020000ddc                serial
 .bss.str_msg   0x0000000020001de8        0x8 ./Core/Src/mainpp.o
                0x0000000020001de8                str_msg
 .bss.htim1     0x0000000020001df0       0x48 ./Core/Src/stm32f4xx_hal_timebase_tim.o
                0x0000000020001df0                htim1
 .bss.__sbrk_heap_end
                0x0000000020001e38        0x4 ./Core/Src/sysmem.o
 .bss.uwTick    0x0000000020001e3c        0x4 ./Drivers/STM32F4xx_HAL_Driver/Src/stm32f4xx_hal.o
                0x0000000020001e3c                uwTick
 .bss.pxCurrentTCB
                0x0000000020001e40        0x4 ./Middlewares/Third_Party/FreeRTOS/Source/tasks.o
                0x0000000020001e40                pxCurrentTCB
 .bss.pxDelayedTaskList
                0x0000000020001e44        0x4 ./Middlewares/Third_Party/FreeRTOS/Source/tasks.o
 .bss.pxOverflowDelayedTaskList
                0x0000000020001e48        0x4 ./Middlewares/Third_Party/FreeRTOS/Source/tasks.o
 .bss.pxReadyTasksLists